Archive member included to satisfy reference by file (symbol)

C:/msys64/mingw64/bin/../lib/gcc/arm-none-eabi/13.3.0/../../../../arm-none-eabi/lib/thumb/v7e-m+fp/hard\libc_nano.a(libc_a-atexit.o)
                              C:/msys64/mingw64/bin/../lib/gcc/arm-none-eabi/13.3.0/../../../../arm-none-eabi/lib/thumb/v7e-m+fp/hard/crt0.o (atexit)
C:/msys64/mingw64/bin/../lib/gcc/arm-none-eabi/13.3.0/../../../../arm-none-eabi/lib/thumb/v7e-m+fp/hard\libc_nano.a(libc_a-exit.o)
                              C:/msys64/mingw64/bin/../lib/gcc/arm-none-eabi/13.3.0/../../../../arm-none-eabi/lib/thumb/v7e-m+fp/hard/crt0.o (exit)
C:/msys64/mingw64/bin/../lib/gcc/arm-none-eabi/13.3.0/../../../../arm-none-eabi/lib/thumb/v7e-m+fp/hard\libc_nano.a(libc_a-malloc.o)
                              build/usbh_cdc.o (malloc)
C:/msys64/mingw64/bin/../lib/gcc/arm-none-eabi/13.3.0/../../../../arm-none-eabi/lib/thumb/v7e-m+fp/hard\libc_nano.a(libc_a-mallocr.o)
                              C:/msys64/mingw64/bin/../lib/gcc/arm-none-eabi/13.3.0/../../../../arm-none-eabi/lib/thumb/v7e-m+fp/hard\libc_nano.a(libc_a-malloc.o) (_malloc_r)
C:/msys64/mingw64/bin/../lib/gcc/arm-none-eabi/13.3.0/../../../../arm-none-eabi/lib/thumb/v7e-m+fp/hard\libc_nano.a(libc_a-mlock.o)
                              C:/msys64/mingw64/bin/../lib/gcc/arm-none-eabi/13.3.0/../../../../arm-none-eabi/lib/thumb/v7e-m+fp/hard\libc_nano.a(libc_a-mallocr.o) (__malloc_lock)
C:/msys64/mingw64/bin/../lib/gcc/arm-none-eabi/13.3.0/../../../../arm-none-eabi/lib/thumb/v7e-m+fp/hard\libc_nano.a(libc_a-findfp.o)
                              C:/msys64/mingw64/bin/../lib/gcc/arm-none-eabi/13.3.0/../../../../arm-none-eabi/lib/thumb/v7e-m+fp/hard\libc_nano.a(libc_a-exit.o) (__stdio_exit_handler)
C:/msys64/mingw64/bin/../lib/gcc/arm-none-eabi/13.3.0/../../../../arm-none-eabi/lib/thumb/v7e-m+fp/hard\libc_nano.a(libc_a-fwalk.o)
                              C:/msys64/mingw64/bin/../lib/gcc/arm-none-eabi/13.3.0/../../../../arm-none-eabi/lib/thumb/v7e-m+fp/hard\libc_nano.a(libc_a-findfp.o) (_fwalk_sglue)
C:/msys64/mingw64/bin/../lib/gcc/arm-none-eabi/13.3.0/../../../../arm-none-eabi/lib/thumb/v7e-m+fp/hard\libc_nano.a(libc_a-stdio.o)
                              C:/msys64/mingw64/bin/../lib/gcc/arm-none-eabi/13.3.0/../../../../arm-none-eabi/lib/thumb/v7e-m+fp/hard\libc_nano.a(libc_a-findfp.o) (__sread)
C:/msys64/mingw64/bin/../lib/gcc/arm-none-eabi/13.3.0/../../../../arm-none-eabi/lib/thumb/v7e-m+fp/hard\libc_nano.a(libc_a-memset.o)
                              C:/msys64/mingw64/bin/../lib/gcc/arm-none-eabi/13.3.0/../../../../arm-none-eabi/lib/thumb/v7e-m+fp/hard/crt0.o (memset)
C:/msys64/mingw64/bin/../lib/gcc/arm-none-eabi/13.3.0/../../../../arm-none-eabi/lib/thumb/v7e-m+fp/hard\libc_nano.a(libc_a-closer.o)
                              C:/msys64/mingw64/bin/../lib/gcc/arm-none-eabi/13.3.0/../../../../arm-none-eabi/lib/thumb/v7e-m+fp/hard\libc_nano.a(libc_a-stdio.o) (_close_r)
C:/msys64/mingw64/bin/../lib/gcc/arm-none-eabi/13.3.0/../../../../arm-none-eabi/lib/thumb/v7e-m+fp/hard\libc_nano.a(libc_a-reent.o)
                              C:/msys64/mingw64/bin/../lib/gcc/arm-none-eabi/13.3.0/../../../../arm-none-eabi/lib/thumb/v7e-m+fp/hard\libc_nano.a(libc_a-closer.o) (errno)
C:/msys64/mingw64/bin/../lib/gcc/arm-none-eabi/13.3.0/../../../../arm-none-eabi/lib/thumb/v7e-m+fp/hard\libc_nano.a(libc_a-impure.o)
                              C:/msys64/mingw64/bin/../lib/gcc/arm-none-eabi/13.3.0/../../../../arm-none-eabi/lib/thumb/v7e-m+fp/hard\libc_nano.a(libc_a-malloc.o) (_impure_ptr)
C:/msys64/mingw64/bin/../lib/gcc/arm-none-eabi/13.3.0/../../../../arm-none-eabi/lib/thumb/v7e-m+fp/hard\libc_nano.a(libc_a-lseekr.o)
                              C:/msys64/mingw64/bin/../lib/gcc/arm-none-eabi/13.3.0/../../../../arm-none-eabi/lib/thumb/v7e-m+fp/hard\libc_nano.a(libc_a-stdio.o) (_lseek_r)
C:/msys64/mingw64/bin/../lib/gcc/arm-none-eabi/13.3.0/../../../../arm-none-eabi/lib/thumb/v7e-m+fp/hard\libc_nano.a(libc_a-readr.o)
                              C:/msys64/mingw64/bin/../lib/gcc/arm-none-eabi/13.3.0/../../../../arm-none-eabi/lib/thumb/v7e-m+fp/hard\libc_nano.a(libc_a-stdio.o) (_read_r)
C:/msys64/mingw64/bin/../lib/gcc/arm-none-eabi/13.3.0/../../../../arm-none-eabi/lib/thumb/v7e-m+fp/hard\libc_nano.a(libc_a-sbrkr.o)
                              C:/msys64/mingw64/bin/../lib/gcc/arm-none-eabi/13.3.0/../../../../arm-none-eabi/lib/thumb/v7e-m+fp/hard\libc_nano.a(libc_a-mallocr.o) (_sbrk_r)
C:/msys64/mingw64/bin/../lib/gcc/arm-none-eabi/13.3.0/../../../../arm-none-eabi/lib/thumb/v7e-m+fp/hard\libc_nano.a(libc_a-writer.o)
                              C:/msys64/mingw64/bin/../lib/gcc/arm-none-eabi/13.3.0/../../../../arm-none-eabi/lib/thumb/v7e-m+fp/hard\libc_nano.a(libc_a-stdio.o) (_write_r)
C:/msys64/mingw64/bin/../lib/gcc/arm-none-eabi/13.3.0/../../../../arm-none-eabi/lib/thumb/v7e-m+fp/hard\libc_nano.a(libc_a-errno.o)
                              build/sysmem.o (__errno)
[...]
Memory Configuration

Name             Origin             Length             Attributes
RAM              0x20000000         0x00020000         xrw
CCMRAM           0x10000000         0x00010000         xrw
FLASH            0x08000000         0x00100000         xr
*default*        0x00000000         0xffffffff

Linker script and memory map

LOAD C:/msys64/mingw64/bin/../lib/gcc/arm-none-eabi/13.3.0/thumb/v7e-m+fp/hard/crti.o
LOAD C:/msys64/mingw64/bin/../lib/gcc/arm-none-eabi/13.3.0/thumb/v7e-m+fp/hard/crtbegin.o
LOAD C:/msys64/mingw64/bin/../lib/gcc/arm-none-eabi/13.3.0/../../../../arm-none-eabi/lib/thumb/v7e-m+fp/hard/crt0.o
LOAD build/main.o
LOAD build/stm32f4xx_it.o
LOAD build/stm32f4xx_hal_msp.o
LOAD build/usb_host.o
LOAD build/usbh_conf.o
LOAD build/usbh_platform.o
LOAD build/stm32f4xx_hal_hcd.o
LOAD build/stm32f4xx_ll_usb.o
LOAD build/stm32f4xx_hal_rcc.o
LOAD build/stm32f4xx_hal_rcc_ex.o
LOAD build/stm32f4xx_hal_flash.o
LOAD build/stm32f4xx_hal_flash_ex.o
LOAD build/stm32f4xx_hal_flash_ramfunc.o
LOAD build/stm32f4xx_hal_gpio.o
LOAD build/stm32f4xx_hal_dma_ex.o
LOAD build/stm32f4xx_hal_dma.o
LOAD build/stm32f4xx_hal_pwr.o
LOAD build/stm32f4xx_hal_pwr_ex.o
LOAD build/stm32f4xx_hal_cortex.o
LOAD build/stm32f4xx_hal.o
LOAD build/stm32f4xx_hal_exti.o
LOAD build/stm32f4xx_hal_i2c.o
LOAD build/stm32f4xx_hal_i2c_ex.o
LOAD build/stm32f4xx_hal_i2s.o
LOAD build/stm32f4xx_hal_i2s_ex.o
LOAD build/stm32f4xx_hal_spi.o
LOAD build/stm32f4xx_hal_uart.o
LOAD build/system_stm32f4xx.o
LOAD build/usbh_core.o
LOAD build/usbh_ctlreq.o
LOAD build/usbh_ioreq.o
LOAD build/usbh_pipes.o
LOAD build/usbh_cdc.o
LOAD build/sysmem.o
LOAD build/syscalls.o
LOAD build/startup_stm32f407xx.o
LOAD C:/msys64/mingw64/bin/../lib/gcc/arm-none-eabi/13.3.0/../../../../arm-none-eabi/lib/thumb/v7e-m+fp/hard\libc_nano.a
LOAD C:/msys64/mingw64/bin/../lib/gcc/arm-none-eabi/13.3.0/../../../../arm-none-eabi/lib/thumb/v7e-m+fp/hard\libm.a
LOAD C:/msys64/mingw64/bin/../lib/gcc/arm-none-eabi/13.3.0/../../../../arm-none-eabi/lib/thumb/v7e-m+fp/hard\libnosys.a
START GROUP
LOAD C:/msys64/mingw64/bin/../lib/gcc/arm-none-eabi/13.3.0/thumb/v7e-m+fp/hard\libgcc.a
LOAD C:/msys64/mingw64/bin/../lib/gcc/arm-none-eabi/13.3.0/../../../../arm-none-eabi/lib/thumb/v7e-m+fp/hard\libc_nano.a
END GROUP
START GROUP
LOAD C:/msys64/mingw64/bin/../lib/gcc/arm-none-eabi/13.3.0/thumb/v7e-m+fp/hard\libgcc.a
LOAD C:/msys64/mingw64/bin/../lib/gcc/arm-none-eabi/13.3.0/../../../../arm-none-eabi/lib/thumb/v7e-m+fp/hard\libc_nano.a
END GROUP
LOAD C:/msys64/mingw64/bin/../lib/gcc/arm-none-eabi/13.3.0/thumb/v7e-m+fp/hard/crtend.o
LOAD C:/msys64/mingw64/bin/../lib/gcc/arm-none-eabi/13.3.0/thumb/v7e-m+fp/hard/crtn.o
                0x20020000                        _estack = (ORIGIN (RAM) + LENGTH (RAM))
                0x2001fc00                        _sstack = (_estack - _Min_Stack_Size)
                0x00000200                        _Min_Heap_Size = 0x200
                0x00000400                        _Min_Stack_Size = 0x400

.isr_vector     0x08000000      0x188
                0x08000000                        . = ALIGN (0x4)
 *(.isr_vector)
 .isr_vector    0x08000000      0x188 build/startup_stm32f407xx.o
                0x08000000                g_pfnVectors
                0x08000188                        . = ALIGN (0x4)

.text           0x080001c0     0x62fc
                0x080001c0                        . = ALIGN (0x4)
 *(.text)
 .text          0x080001c0       0x20 C:/msys64/mingw64/bin/../lib/gcc/arm-none-eabi/13.3.0/../../../../arm-none-eabi/lib/thumb/v7e-m+fp/hard\libc_nano.a(libc_a-malloc.o)
                0x080001c0                malloc
                0x080001d0                free
 .text          0x080001e0      0x148 C:/msys64/mingw64/bin/../lib/gcc/arm-none-eabi/13.3.0/../../../../arm-none-eabi/lib/thumb/v7e-m+fp/hard\libc_nano.a(libc_a-mallocr.o)
                0x08000228                _malloc_r
 .text          0x08000328       0x18 C:/msys64/mingw64/bin/../lib/gcc/arm-none-eabi/13.3.0/../../../../arm-none-eabi/lib/thumb/v7e-m+fp/hard\libc_nano.a(libc_a-mlock.o)
                0x08000328                __malloc_lock
                0x08000334                __malloc_unlock
 .text          0x08000340       0xa4 C:/msys64/mingw64/bin/../lib/gcc/arm-none-eabi/13.3.0/../../../../arm-none-eabi/lib/thumb/v7e-m+fp/hard\libc_nano.a(libc_a-memset.o)
                0x08000340                memset
 .text          0x080003e4       0x24 C:/msys64/mingw64/bin/../lib/gcc/arm-none-eabi/13.3.0/../../../../arm-none-eabi/lib/thumb/v7e-m+fp/hard\libc_nano.a(libc_a-sbrkr.o)
                0x080003e4                _sbrk_r
 .text          0x08000408        0xc C:/msys64/mingw64/bin/../lib/gcc/arm-none-eabi/13.3.0/../../../../arm-none-eabi/lib/thumb/v7e-m+fp/hard\libc_nano.a(libc_a-errno.o)
                0x08000408                __errno
 .text          0x08000414       0x50 C:/msys64/mingw64/bin/../lib/gcc/arm-none-eabi/13.3.0/../../../../arm-none-eabi/lib/thumb/v7e-m+fp/hard\libc_nano.a(libc_a-init.o)
                0x08000414                __libc_init_array
 .text          0x08000464       0x28 C:/msys64/mingw64/bin/../lib/gcc/arm-none-eabi/13.3.0/../../../../arm-none-eabi/lib/thumb/v7e-m+fp/hard\libc_nano.a(libc_a-lock.o)
                0x08000464                __retarget_lock_init
                0x08000468                __retarget_lock_init_recursive
                0x0800046c                __retarget_lock_close
                0x08000470                __retarget_lock_close_recursive
                0x08000474                __retarget_lock_acquire
                0x08000478                __retarget_lock_acquire_recursive
                0x0800047c                __retarget_lock_try_acquire
                0x08000480                __retarget_lock_try_acquire_recursive
                0x08000484                __retarget_lock_release
                0x08000488                __retarget_lock_release_recursive
 *fill*         0x0800048c       0x34 
 .text          0x080004c0       0xd8 C:/msys64/mingw64/bin/../lib/gcc/arm-none-eabi/13.3.0/../../../../arm-none-eabi/lib/thumb/v7e-m+fp/hard\libc_nano.a(libc_a-strlen.o)
                0x080004c0                strlen
 .text          0x08000598       0xbc C:/msys64/mingw64/bin/../lib/gcc/arm-none-eabi/13.3.0/../../../../arm-none-eabi/lib/thumb/v7e-m+fp/hard\libc_nano.a(libc_a-freer.o)
                0x08000598                _free_r
 .text          0x08000654       0x30 C:/msys64/mingw64/bin/../lib/gcc/arm-none-eabi/13.3.0/thumb/v7e-m+fp/hard\libgcc.a(_aeabi_uldivmod.o)
                0x08000654                __aeabi_uldivmod
 .text          0x08000684        0x4 C:/msys64/mingw64/bin/../lib/gcc/arm-none-eabi/13.3.0/thumb/v7e-m+fp/hard\libgcc.a(_dvmd_tls.o)
                0x08000684                __aeabi_idiv0
                0x08000684                __aeabi_ldiv0
 *(.text*)
 .text.__do_global_dtors_aux
                0x08000688       0x24 C:/msys64/mingw64/bin/../lib/gcc/arm-none-eabi/13.3.0/thumb/v7e-m+fp/hard/crtbegin.o
 .text.frame_dummy
                0x080006ac       0x1c C:/msys64/mingw64/bin/../lib/gcc/arm-none-eabi/13.3.0/thumb/v7e-m+fp/hard/crtbegin.o
 .text.IR_DecodePayload
                0x080006c8       0x44 build/main.o
 .text.DWT_Delay_Init
                0x0800070c       0x28 build/main.o
 .text.DWT_TicksPerUs
                0x08000734       0x18 build/main.o
 .text.Time_InRange
                0x0800074c       0x14 build/main.o
 .text.Candidate_Reset
                0x08000760       0x20 build/main.o
 .text.Get_RequiredConfirmCount
                0x08000780       0x1e build/main.o
 *fill*         0x0800079e        0x2 
 .text.Panel_ShowUnknown
                0x080007a0       0x24 build/main.o
 .text.Panel_ShowSafe
                0x080007c4       0x24 build/main.o
 .text.Panel_ShowLevel1
                0x080007e8       0x24 build/main.o
 .text.Panel_ShowLevel2
                0x0800080c       0x24 build/main.o
 .text.Panel_ShowLevel3
                0x08000830       0x24 build/main.o
 .text.Panel_ShowError
                0x08000854       0x24 build/main.o
 .text.Panel_Update
                0x08000878       0x34 build/main.o
 .text.MX_GPIO_Init
                0x080008ac      0x160 build/main.o
 .text.DFPlayer_SendCommand
                0x08000a0c       0x68 build/main.o
 .text.DFPlayer_SelectSD
                0x08000a74        0xc build/main.o
 .text.DFPlayer_SetVolume
                0x08000a80       0x12 build/main.o
 .text.DFPlayer_Stop
                0x08000a92        0xc build/main.o
 .text.DFPlayer_PlayMp3
                0x08000a9e        0xc build/main.o
 *fill*         0x08000aaa        0x2 
 .text.Process_AlertEvent
                0x08000aac       0x4c build/main.o
 .text.Monitor_Print
                0x08000af8       0x1c build/main.o
 .text.Monitor_PrintAlert
                0x08000b14       0x58 build/main.o
 .text.Candidate_CheckTimeout
                0x08000b6c       0x28 build/main.o
 .text.Process_ValidPayload
                0x08000b94       0x98 build/main.o
 .text.IR_WaitForState
                0x08000c2c       0x38 build/main.o
 .text.IR_MeasureState
                0x08000c64       0x78 build/main.o
 .text.IR_DecodeFrame
                0x08000cdc      0x174 build/main.o
 .text.Error_Handler
                0x08000e50        0x4 build/main.o
                0x08000e50                Error_Handler
 .text.MX_I2C1_Init
                0x08000e54       0x38 build/main.o
 .text.MX_I2S3_Init
                0x08000e8c       0x38 build/main.o
 .text.MX_SPI1_Init
                0x08000ec4       0x40 build/main.o
 .text.MX_USART2_UART_Init
                0x08000f04       0x34 build/main.o
 .text.MX_USART3_UART_Init
                0x08000f38       0x34 build/main.o
 .text.SystemClock_Config
                0x08000f6c       0xac build/main.o
                0x08000f6c                SystemClock_Config
 .text.main     0x08001018       0xa0 build/main.o
                0x08001018                main
 .text.NMI_Handler
                0x080010b8        0x2 build/stm32f4xx_it.o
                0x080010b8                NMI_Handler
 .text.HardFault_Handler
                0x080010ba        0x2 build/stm32f4xx_it.o
                0x080010ba                HardFault_Handler
 .text.MemManage_Handler
                0x080010bc        0x2 build/stm32f4xx_it.o
                0x080010bc                MemManage_Handler
 .text.BusFault_Handler
                0x080010be        0x2 build/stm32f4xx_it.o
                0x080010be                BusFault_Handler
 .text.UsageFault_Handler
                0x080010c0        0x2 build/stm32f4xx_it.o
                0x080010c0                UsageFault_Handler
 .text.SVC_Handler
                0x080010c2        0x2 build/stm32f4xx_it.o
                0x080010c2                SVC_Handler
 .text.DebugMon_Handler
                0x080010c4        0x2 build/stm32f4xx_it.o
                0x080010c4                DebugMon_Handler
 .text.PendSV_Handler
                0x080010c6        0x2 build/stm32f4xx_it.o
                0x080010c6                PendSV_Handler
 .text.SysTick_Handler
                0x080010c8        0x8 build/stm32f4xx_it.o
                0x080010c8                SysTick_Handler
 .text.USART3_IRQHandler
                0x080010d0       0x10 build/stm32f4xx_it.o
                0x080010d0                USART3_IRQHandler
 .text.OTG_FS_IRQHandler
                0x080010e0       0x10 build/stm32f4xx_it.o
                0x080010e0                OTG_FS_IRQHandler
 .text.HAL_MspInit
                0x080010f0       0x40 build/stm32f4xx_hal_msp.o
                0x080010f0                HAL_MspInit
 .text.HAL_I2C_MspInit
                0x08001130       0x70 build/stm32f4xx_hal_msp.o
                0x08001130                HAL_I2C_MspInit
 .text.HAL_I2S_MspInit
                0x080011a0       0xc0 build/stm32f4xx_hal_msp.o
                0x080011a0                HAL_I2S_MspInit
 .text.HAL_SPI_MspInit
                0x08001260       0x6c build/stm32f4xx_hal_msp.o
                0x08001260                HAL_SPI_MspInit
 .text.HAL_UART_MspInit
                0x080012cc       0xd4 build/stm32f4xx_hal_msp.o
                0x080012cc                HAL_UART_MspInit
 .text.USBH_UserProcess
                0x080013a0       0x2c build/usb_host.o
 .text.MX_USB_HOST_Init
                0x080013cc       0x40 build/usb_host.o
                0x080013cc                MX_USB_HOST_Init
 .text.MX_USB_HOST_Process
                0x0800140c       0x10 build/usb_host.o
                0x0800140c                MX_USB_HOST_Process
 .text.HAL_HCD_MspInit
                0x0800141c       0x94 build/usbh_conf.o
                0x0800141c                HAL_HCD_MspInit
 .text.HAL_HCD_SOF_Callback
                0x080014b0        0xc build/usbh_conf.o
                0x080014b0                HAL_HCD_SOF_Callback
 .text.HAL_HCD_Connect_Callback
                0x080014bc        0xc build/usbh_conf.o
                0x080014bc                HAL_HCD_Connect_Callback
 .text.HAL_HCD_Disconnect_Callback
                0x080014c8        0xc build/usbh_conf.o
                0x080014c8                HAL_HCD_Disconnect_Callback
 .text.HAL_HCD_HC_NotifyURBChange_Callback
                0x080014d4        0x2 build/usbh_conf.o
                0x080014d4                HAL_HCD_HC_NotifyURBChange_Callback
 .text.HAL_HCD_PortEnabled_Callback
                0x080014d6        0xc build/usbh_conf.o
                0x080014d6                HAL_HCD_PortEnabled_Callback
 .text.HAL_HCD_PortDisabled_Callback
                0x080014e2        0xc build/usbh_conf.o
                0x080014e2                HAL_HCD_PortDisabled_Callback
 *fill*         0x080014ee        0x2 
 .text.USBH_LL_Init
                0x080014f0       0x54 build/usbh_conf.o
                0x080014f0                USBH_LL_Init
 .text.USBH_LL_GetSpeed
                0x08001544       0x20 build/usbh_conf.o
                0x08001544                USBH_LL_GetSpeed
 .text.USBH_LL_GetLastXferSize
                0x08001564        0xc build/usbh_conf.o
                0x08001564                USBH_LL_GetLastXferSize
 .text.USBH_LL_ClosePipe
                0x08001570        0x4 build/usbh_conf.o
                0x08001570                USBH_LL_ClosePipe
 .text.USBH_LL_GetURBState
                0x08001574        0xc build/usbh_conf.o
                0x08001574                USBH_LL_GetURBState
 .text.USBH_LL_DriverVBUS
                0x08001580       0x1c build/usbh_conf.o
                0x08001580                USBH_LL_DriverVBUS
 .text.USBH_LL_SetToggle
                0x0800159c       0x2e build/usbh_conf.o
                0x0800159c                USBH_LL_SetToggle
 .text.USBH_Delay
                0x080015ca        0x8 build/usbh_conf.o
                0x080015ca                USBH_Delay
 .text.USBH_Get_USB_Status
                0x080015d2       0x14 build/usbh_conf.o
                0x080015d2                USBH_Get_USB_Status
 .text.USBH_LL_Start
                0x080015e6       0x10 build/usbh_conf.o
                0x080015e6                USBH_LL_Start
 .text.USBH_LL_Stop
                0x080015f6       0x10 build/usbh_conf.o
                0x080015f6                USBH_LL_Stop
 .text.USBH_LL_ResetPort
                0x08001606       0x10 build/usbh_conf.o
                0x08001606                USBH_LL_ResetPort
 .text.USBH_LL_OpenPipe
                0x08001616       0x26 build/usbh_conf.o
                0x08001616                USBH_LL_OpenPipe
 .text.USBH_LL_SubmitURB
                0x0800163c       0x2a build/usbh_conf.o
                0x0800163c                USBH_LL_SubmitURB
 *fill*         0x08001666        0x2 
 .text.MX_DriverVbusFS
                0x08001668       0x18 build/usbh_platform.o
                0x08001668                MX_DriverVbusFS
 .text.HCD_RXQLVL_IRQHandler
                0x08001680       0xac build/stm32f4xx_hal_hcd.o
 .text.HAL_HCD_Init
                0x0800172c       0x8e build/stm32f4xx_hal_hcd.o
                0x0800172c                HAL_HCD_Init
 .text.HAL_HCD_HC_SubmitRequest
                0x080017ba      0x1ce build/stm32f4xx_hal_hcd.o
                0x080017ba                HAL_HCD_HC_SubmitRequest
 .text.HCD_Port_IRQHandler
                0x08001988       0xb0 build/stm32f4xx_hal_hcd.o
 .text.HCD_HC_IN_IRQHandler
                0x08001a38      0x5bc build/stm32f4xx_hal_hcd.o
 .text.HCD_HC_OUT_IRQHandler
                0x08001ff4      0x48c build/stm32f4xx_hal_hcd.o
 .text.HAL_HCD_IRQHandler
                0x08002480      0x15c build/stm32f4xx_hal_hcd.o
                0x08002480                HAL_HCD_IRQHandler
 .text.HAL_HCD_Start
                0x080025dc       0x2a build/stm32f4xx_hal_hcd.o
                0x080025dc                HAL_HCD_Start
 .text.HAL_HCD_Stop
                0x08002606       0x24 build/stm32f4xx_hal_hcd.o
                0x08002606                HAL_HCD_Stop
 .text.HAL_HCD_ResetPort
                0x0800262a        0xa build/stm32f4xx_hal_hcd.o
                0x0800262a                HAL_HCD_ResetPort
 .text.HAL_HCD_HC_GetURBState
                0x08002634        0xe build/stm32f4xx_hal_hcd.o
                0x08002634                HAL_HCD_HC_GetURBState
 .text.HAL_HCD_HC_GetXferCount
                0x08002642        0xc build/stm32f4xx_hal_hcd.o
                0x08002642                HAL_HCD_HC_GetXferCount
 .text.HAL_HCD_GetCurrentFrame
                0x0800264e        0xa build/stm32f4xx_hal_hcd.o
                0x0800264e                HAL_HCD_GetCurrentFrame
 .text.HAL_HCD_GetCurrentSpeed
                0x08002658        0xa build/stm32f4xx_hal_hcd.o
                0x08002658                HAL_HCD_GetCurrentSpeed
 .text.HAL_HCD_HC_ClearHubInfo
                0x08002662       0x18 build/stm32f4xx_hal_hcd.o
                0x08002662                HAL_HCD_HC_ClearHubInfo
 .text.HAL_HCD_HC_Init
                0x0800267a       0xca build/stm32f4xx_hal_hcd.o
                0x0800267a                HAL_HCD_HC_Init
 .text.USB_CoreReset
                0x08002744       0x58 build/stm32f4xx_ll_usb.o
 .text.USB_CoreInit
                0x0800279c       0x92 build/stm32f4xx_ll_usb.o
                0x0800279c                USB_CoreInit
 .text.USB_EnableGlobalInt
                0x0800282e        0xc build/stm32f4xx_ll_usb.o
                0x0800282e                USB_EnableGlobalInt
 .text.USB_DisableGlobalInt
                0x0800283a        0xc build/stm32f4xx_ll_usb.o
                0x0800283a                USB_DisableGlobalInt
 .text.USB_FlushTxFifo
                0x08002846       0x4a build/stm32f4xx_ll_usb.o
                0x08002846                USB_FlushTxFifo
 .text.USB_FlushRxFifo
                0x08002890       0x46 build/stm32f4xx_ll_usb.o
                0x08002890                USB_FlushRxFifo
 .text.USB_WritePacket
                0x080028d6       0x2e build/stm32f4xx_ll_usb.o
                0x080028d6                USB_WritePacket
 .text.USB_ReadPacket
                0x08002904       0x46 build/stm32f4xx_ll_usb.o
                0x08002904                USB_ReadPacket
 .text.USB_ReadInterrupts
                0x0800294a        0x8 build/stm32f4xx_ll_usb.o
                0x0800294a                USB_ReadInterrupts
 .text.USB_ReadChInterrupts
                0x08002952       0x12 build/stm32f4xx_ll_usb.o
                0x08002952                USB_ReadChInterrupts
 .text.USB_GetMode
                0x08002964        0x8 build/stm32f4xx_ll_usb.o
                0x08002964                USB_GetMode
 .text.USB_SetCurrentMode
                0x0800296c       0x62 build/stm32f4xx_ll_usb.o
                0x0800296c                USB_SetCurrentMode
 *fill*         0x080029ce        0x2 
 .text.USB_HostInit
                0x080029d0      0x100 build/stm32f4xx_ll_usb.o
                0x080029d0                USB_HostInit
 .text.USB_InitFSLSPClkSel
                0x08002ad0       0x42 build/stm32f4xx_ll_usb.o
                0x08002ad0                USB_InitFSLSPClkSel
 .text.USB_ResetPort
                0x08002b12       0x3e build/stm32f4xx_ll_usb.o
                0x08002b12                USB_ResetPort
 .text.USB_DriveVbus
                0x08002b50       0x46 build/stm32f4xx_ll_usb.o
                0x08002b50                USB_DriveVbus
 .text.USB_GetHostSpeed
                0x08002b96       0x16 build/stm32f4xx_ll_usb.o
                0x08002b96                USB_GetHostSpeed
 .text.USB_GetCurrentFrame
                0x08002bac        0xa build/stm32f4xx_ll_usb.o
                0x08002bac                USB_GetCurrentFrame
 *fill*         0x08002bb6        0x2 
 .text.USB_HC_Init
                0x08002bb8      0x130 build/stm32f4xx_ll_usb.o
                0x08002bb8                USB_HC_Init
 .text.USB_HC_ReadInterrupt
                0x08002ce8        0xa build/stm32f4xx_ll_usb.o
                0x08002ce8                USB_HC_ReadInterrupt
 .text.USB_HC_Halt
                0x08002cf2       0xfc build/stm32f4xx_ll_usb.o
                0x08002cf2                USB_HC_Halt
 *fill*         0x08002dee        0x2 
 .text.USB_DoPing
                0x08002df0       0x24 build/stm32f4xx_ll_usb.o
                0x08002df0                USB_DoPing
 .text.USB_HC_StartXfer
                0x08002e14      0x2b4 build/stm32f4xx_ll_usb.o
                0x08002e14                USB_HC_StartXfer
 .text.USB_StopHost
                0x080030c8       0x92 build/stm32f4xx_ll_usb.o
                0x080030c8                USB_StopHost
 *fill*         0x0800315a        0x2 
 .text.HAL_RCC_OscConfig
                0x0800315c      0x3f8 build/stm32f4xx_hal_rcc.o
                0x0800315c                HAL_RCC_OscConfig
 .text.HAL_RCC_GetSysClockFreq
                0x08003554       0xdc build/stm32f4xx_hal_rcc.o
                0x08003554                HAL_RCC_GetSysClockFreq
 .text.HAL_RCC_ClockConfig
                0x08003630      0x160 build/stm32f4xx_hal_rcc.o
                0x08003630                HAL_RCC_ClockConfig
 .text.HAL_RCC_GetHCLKFreq
                0x08003790        0xc build/stm32f4xx_hal_rcc.o
                0x08003790                HAL_RCC_GetHCLKFreq
 .text.HAL_RCC_GetPCLK1Freq
                0x0800379c       0x20 build/stm32f4xx_hal_rcc.o
                0x0800379c                HAL_RCC_GetPCLK1Freq
 .text.HAL_RCC_GetPCLK2Freq
                0x080037bc       0x20 build/stm32f4xx_hal_rcc.o
                0x080037bc                HAL_RCC_GetPCLK2Freq
 .text.HAL_RCCEx_PeriphCLKConfig
                0x080037dc      0x154 build/stm32f4xx_hal_rcc_ex.o
                0x080037dc                HAL_RCCEx_PeriphCLKConfig
 .text.HAL_RCCEx_GetPeriphCLKFreq
                0x08003930       0x70 build/stm32f4xx_hal_rcc_ex.o
                0x08003930                HAL_RCCEx_GetPeriphCLKFreq
 .text.HAL_GPIO_Init
                0x080039a0      0x1ec build/stm32f4xx_hal_gpio.o
                0x080039a0                HAL_GPIO_Init
 .text.HAL_GPIO_ReadPin
                0x08003b8c        0xe build/stm32f4xx_hal_gpio.o
                0x08003b8c                HAL_GPIO_ReadPin
 .text.HAL_GPIO_WritePin
                0x08003b9a        0xc build/stm32f4xx_hal_gpio.o
                0x08003b9a                HAL_GPIO_WritePin
 .text.HAL_DMA_Abort
                0x08003ba6       0x94 build/stm32f4xx_hal_dma.o
                0x08003ba6                HAL_DMA_Abort
 .text.HAL_DMA_Abort_IT
                0x08003c3a       0x26 build/stm32f4xx_hal_dma.o
                0x08003c3a                HAL_DMA_Abort_IT
 .text.__NVIC_EnableIRQ
                0x08003c60       0x1c build/stm32f4xx_hal_cortex.o
 .text.__NVIC_SetPriority
                0x08003c7c       0x28 build/stm32f4xx_hal_cortex.o
 .text.NVIC_EncodePriority
                0x08003ca4       0x3e build/stm32f4xx_hal_cortex.o
 *fill*         0x08003ce2        0x2 
 .text.HAL_NVIC_SetPriorityGrouping
                0x08003ce4       0x24 build/stm32f4xx_hal_cortex.o
                0x08003ce4                HAL_NVIC_SetPriorityGrouping
 .text.HAL_NVIC_SetPriority
                0x08003d08       0x20 build/stm32f4xx_hal_cortex.o
                0x08003d08                HAL_NVIC_SetPriority
 .text.HAL_NVIC_EnableIRQ
                0x08003d28        0x8 build/stm32f4xx_hal_cortex.o
                0x08003d28                HAL_NVIC_EnableIRQ
 .text.HAL_SYSTICK_Config
                0x08003d30       0x28 build/stm32f4xx_hal_cortex.o
                0x08003d30                HAL_SYSTICK_Config
 .text.HAL_InitTick
                0x08003d58       0x4c build/stm32f4xx_hal.o
                0x08003d58                HAL_InitTick
 .text.HAL_Init
                0x08003da4       0x34 build/stm32f4xx_hal.o
                0x08003da4                HAL_Init
 .text.HAL_IncTick
                0x08003dd8       0x18 build/stm32f4xx_hal.o
                0x08003dd8                HAL_IncTick
 .text.HAL_GetTick
                0x08003df0        0xc build/stm32f4xx_hal.o
                0x08003df0                HAL_GetTick
 .text.HAL_Delay
                0x08003dfc       0x28 build/stm32f4xx_hal.o
                0x08003dfc                HAL_Delay
 .text.HAL_I2C_Init
                0x08003e24      0x1bc build/stm32f4xx_hal_i2c.o
                0x08003e24                HAL_I2C_Init
 .text.HAL_I2S_Init
                0x08003fe0      0x19c build/stm32f4xx_hal_i2s.o
                0x08003fe0                HAL_I2S_Init
 .text.HAL_I2S_TxCpltCallback
                0x0800417c        0x2 build/stm32f4xx_hal_i2s.o
                0x0800417c                HAL_I2S_TxCpltCallback
 .text.I2S_Transmit_IT
                0x0800417e       0x38 build/stm32f4xx_hal_i2s.o
 .text.HAL_I2S_RxCpltCallback
                0x080041b6        0x2 build/stm32f4xx_hal_i2s.o
                0x080041b6                HAL_I2S_RxCpltCallback
 .text.I2S_Receive_IT
                0x080041b8       0x38 build/stm32f4xx_hal_i2s.o
 .text.HAL_I2S_ErrorCallback
                0x080041f0        0x2 build/stm32f4xx_hal_i2s.o
                0x080041f0                HAL_I2S_ErrorCallback
 .text.I2S_IRQHandler
                0x080041f2       0xd0 build/stm32f4xx_hal_i2s.o
 .text.HAL_I2SEx_TxRxCpltCallback
                0x080042c2        0x2 build/stm32f4xx_hal_i2s_ex.o
                0x080042c2                HAL_I2SEx_TxRxCpltCallback
 .text.I2SEx_TxISR_I2S
                0x080042c4       0x3c build/stm32f4xx_hal_i2s_ex.o
 .text.I2SEx_RxISR_I2SExt
                0x08004300       0x64 build/stm32f4xx_hal_i2s_ex.o
 .text.I2SEx_TxISR_I2SExt
                0x08004364       0x64 build/stm32f4xx_hal_i2s_ex.o
 .text.I2SEx_RxISR_I2S
                0x080043c8       0x3c build/stm32f4xx_hal_i2s_ex.o
 .text.HAL_I2SEx_FullDuplex_IRQHandler
                0x08004404      0x1d8 build/stm32f4xx_hal_i2s_ex.o
                0x08004404                HAL_I2SEx_FullDuplex_IRQHandler
 .text.HAL_SPI_Init
                0x080045dc       0xbe build/stm32f4xx_hal_spi.o
                0x080045dc                HAL_SPI_Init
 .text.UART_EndRxTransfer
                0x0800469a       0x5c build/stm32f4xx_hal_uart.o
 .text.UART_Transmit_IT
                0x080046f6       0x60 build/stm32f4xx_hal_uart.o
 *fill*         0x08004756        0x2 
 .text.UART_SetConfig
                0x08004758      0x110 build/stm32f4xx_hal_uart.o
 .text.UART_WaitOnFlagUntilTimeout
                0x08004868       0x86 build/stm32f4xx_hal_uart.o
 .text.HAL_UART_Init
                0x080048ee       0x60 build/stm32f4xx_hal_uart.o
                0x080048ee                HAL_UART_Init
 .text.HAL_UART_Transmit
                0x0800494e       0xcc build/stm32f4xx_hal_uart.o
                0x0800494e                HAL_UART_Transmit
 .text.HAL_UART_TxCpltCallback
                0x08004a1a        0x2 build/stm32f4xx_hal_uart.o
                0x08004a1a                HAL_UART_TxCpltCallback
 .text.UART_EndTransmit_IT
                0x08004a1c       0x1a build/stm32f4xx_hal_uart.o
 .text.HAL_UART_RxCpltCallback
                0x08004a36        0x2 build/stm32f4xx_hal_uart.o
                0x08004a36                HAL_UART_RxCpltCallback
 .text.HAL_UART_ErrorCallback
                0x08004a38        0x2 build/stm32f4xx_hal_uart.o
                0x08004a38                HAL_UART_ErrorCallback
 .text.UART_DMAAbortOnError
                0x08004a3a        0xe build/stm32f4xx_hal_uart.o
 .text.HAL_UARTEx_RxEventCallback
                0x08004a48        0x2 build/stm32f4xx_hal_uart.o
                0x08004a48                HAL_UARTEx_RxEventCallback
 .text.UART_Receive_IT
                0x08004a4a       0xe6 build/stm32f4xx_hal_uart.o
 .text.HAL_UART_IRQHandler
                0x08004b30      0x2a0 build/stm32f4xx_hal_uart.o
                0x08004b30                HAL_UART_IRQHandler
 .text.SystemInit
                0x08004dd0       0x14 build/system_stm32f4xx.o
                0x08004dd0                SystemInit
 .text.USBH_HandleSof
                0x08004de4       0x1a build/usbh_core.o
 .text.DeInitStateMachine
                0x08004dfe       0x94 build/usbh_core.o
 .text.USBH_HandleEnum
                0x08004e92      0x26e build/usbh_core.o
 .text.USBH_Init
                0x08005100       0x3e build/usbh_core.o
                0x08005100                USBH_Init
 .text.USBH_RegisterClass
                0x0800513e       0x22 build/usbh_core.o
                0x0800513e                USBH_RegisterClass
 .text.USBH_SelectInterface
                0x08005160       0x14 build/usbh_core.o
                0x08005160                USBH_SelectInterface
 .text.USBH_FindInterface
                0x08005174       0x54 build/usbh_core.o
                0x08005174                USBH_FindInterface
 .text.USBH_Start
                0x080051c8       0x14 build/usbh_core.o
                0x080051c8                USBH_Start
 .text.USBH_Process
                0x080051dc      0x290 build/usbh_core.o
                0x080051dc                USBH_Process
 .text.USBH_LL_SetTimer
                0x0800546c        0x6 build/usbh_core.o
                0x0800546c                USBH_LL_SetTimer
 .text.USBH_LL_IncTimer
                0x08005472       0x12 build/usbh_core.o
                0x08005472                USBH_LL_IncTimer
 .text.USBH_LL_PortEnabled
                0x08005484        0x8 build/usbh_core.o
                0x08005484                USBH_LL_PortEnabled
 .text.USBH_LL_PortDisabled
                0x0800548c        0xe build/usbh_core.o
                0x0800548c                USBH_LL_PortDisabled
 .text.USBH_LL_Connect
                0x0800549a       0x14 build/usbh_core.o
                0x0800549a                USBH_LL_Connect
 .text.USBH_LL_Disconnect
                0x080054ae       0x2c build/usbh_core.o
                0x080054ae                USBH_LL_Disconnect
 *fill*         0x080054da        0x2 
 .text.USBH_ParseDevDesc
                0x080054dc       0xf4 build/usbh_ctlreq.o
 .text.USBH_ParseInterfaceDesc
                0x080055d0       0x26 build/usbh_ctlreq.o
 .text.USBH_ParseEPDesc
                0x080055f6       0xe4 build/usbh_ctlreq.o
 .text.USBH_ParseStringDesc
                0x080056da       0x32 build/usbh_ctlreq.o
 .text.USBH_HandleControl
                0x0800570c      0x1da build/usbh_ctlreq.o
 .text.USBH_GetNextDesc
                0x080058e6        0xe build/usbh_ctlreq.o
                0x080058e6                USBH_GetNextDesc
 .text.USBH_ParseCfgDesc
                0x080058f4      0x182 build/usbh_ctlreq.o
 .text.USBH_CtlReq
                0x08005a76       0x40 build/usbh_ctlreq.o
                0x08005a76                USBH_CtlReq
 .text.USBH_GetDescriptor
                0x08005ab6       0x42 build/usbh_ctlreq.o
                0x08005ab6                USBH_GetDescriptor
 .text.USBH_Get_DevDesc
                0x08005af8       0x36 build/usbh_ctlreq.o
                0x08005af8                USBH_Get_DevDesc
 .text.USBH_Get_CfgDesc
                0x08005b2e       0x36 build/usbh_ctlreq.o
                0x08005b2e                USBH_Get_CfgDesc
 .text.USBH_Get_StringDesc
                0x08005b64       0x40 build/usbh_ctlreq.o
                0x08005b64                USBH_Get_StringDesc
 .text.USBH_SetAddress
                0x08005ba4       0x22 build/usbh_ctlreq.o
                0x08005ba4                USBH_SetAddress
 .text.USBH_SetCfg
                0x08005bc6       0x22 build/usbh_ctlreq.o
                0x08005bc6                USBH_SetCfg
 .text.USBH_SetFeature
                0x08005be8       0x22 build/usbh_ctlreq.o
                0x08005be8                USBH_SetFeature
 .text.USBH_ClrFeature
                0x08005c0a       0x24 build/usbh_ctlreq.o
                0x08005c0a                USBH_ClrFeature
 .text.USBH_CtlSendSetup
                0x08005c2e       0x22 build/usbh_ioreq.o
                0x08005c2e                USBH_CtlSendSetup
 .text.USBH_CtlSendData
                0x08005c50       0x2c build/usbh_ioreq.o
                0x08005c50                USBH_CtlSendData
 .text.USBH_CtlReceiveData
                0x08005c7c       0x20 build/usbh_ioreq.o
                0x08005c7c                USBH_CtlReceiveData
 .text.USBH_BulkSendData
                0x08005c9c       0x2c build/usbh_ioreq.o
                0x08005c9c                USBH_BulkSendData
 .text.USBH_BulkReceiveData
                0x08005cc8       0x20 build/usbh_ioreq.o
                0x08005cc8                USBH_BulkReceiveData
 .text.USBH_GetFreePipe
                0x08005ce8       0x26 build/usbh_pipes.o
 .text.USBH_OpenPipe
                0x08005d0e       0x20 build/usbh_pipes.o
                0x08005d0e                USBH_OpenPipe
 .text.USBH_ClosePipe
                0x08005d2e        0xa build/usbh_pipes.o
                0x08005d2e                USBH_ClosePipe
 .text.USBH_AllocPipe
                0x08005d38       0x26 build/usbh_pipes.o
                0x08005d38                USBH_AllocPipe
 .text.USBH_FreePipe
                0x08005d5e       0x16 build/usbh_pipes.o
                0x08005d5e                USBH_FreePipe
 .text.USBH_CDC_SOFProcess
                0x08005d74        0x4 build/usbh_cdc.o
 .text.SetLineCoding
                0x08005d78       0x1a build/usbh_cdc.o
 .text.GetLineCoding
                0x08005d92       0x1a build/usbh_cdc.o
 .text.USBH_CDC_ClassRequest
                0x08005dac       0x22 build/usbh_cdc.o
 .text.USBH_CDC_InterfaceDeInit
                0x08005dce       0x68 build/usbh_cdc.o
 .text.USBH_CDC_InterfaceInit
                0x08005e36      0x186 build/usbh_cdc.o
 .text.USBH_CDC_TransmitCallback
                0x08005fbc        0x2 build/usbh_cdc.o
                0x08005fbc                USBH_CDC_TransmitCallback
 .text.CDC_ProcessTransmission
                0x08005fbe       0x92 build/usbh_cdc.o
 .text.USBH_CDC_ReceiveCallback
                0x08006050        0x2 build/usbh_cdc.o
                0x08006050                USBH_CDC_ReceiveCallback
 .text.CDC_ProcessReception
                0x08006052       0x66 build/usbh_cdc.o
 .text.USBH_CDC_LineCodingChanged
                0x080060b8        0x2 build/usbh_cdc.o
                0x080060b8                USBH_CDC_LineCodingChanged
 .text.USBH_CDC_Process
                0x080060ba       0xae build/usbh_cdc.o
 .text._sbrk    0x08006168       0x48 build/sysmem.o
                0x08006168                _sbrk
 .text.Reset_Handler
                0x080061b0       0x50 build/startup_stm32f407xx.o
                0x080061b0                Reset_Handler
 .text.Default_Handler
                0x08006200        0x2 build/startup_stm32f407xx.o
                0x08006200                RTC_Alarm_IRQHandler
                0x08006200                HASH_RNG_IRQHandler
                0x08006200                EXTI2_IRQHandler
                0x08006200                TIM8_CC_IRQHandler
                0x08006200                TIM1_CC_IRQHandler
                0x08006200                DMA2_Stream5_IRQHandler
                0x08006200                DMA1_Stream5_IRQHandler
                0x08006200                PVD_IRQHandler
                0x08006200                SDIO_IRQHandler
                0x08006200                TAMP_STAMP_IRQHandler
                0x08006200                CAN2_RX1_IRQHandler
                0x08006200                EXTI3_IRQHandler
                0x08006200                TIM8_TRG_COM_TIM14_IRQHandler
                0x08006200                TIM1_UP_TIM10_IRQHandler
                0x08006200                TIM8_UP_TIM13_IRQHandler
                0x08006200                I2C3_ER_IRQHandler
                0x08006200                EXTI0_IRQHandler
                0x08006200                I2C2_EV_IRQHandler
                0x08006200                DMA1_Stream2_IRQHandler
                0x08006200                CAN1_RX0_IRQHandler
                0x08006200                FPU_IRQHandler
                0x08006200                OTG_HS_WKUP_IRQHandler
                0x08006200                CAN2_SCE_IRQHandler
                0x08006200                DMA2_Stream2_IRQHandler
                0x08006200                SPI1_IRQHandler
                0x08006200                TIM6_DAC_IRQHandler
                0x08006200                TIM1_BRK_TIM9_IRQHandler
                0x08006200                DCMI_IRQHandler
                0x08006200                CAN2_RX0_IRQHandler
                0x08006200                DMA2_Stream3_IRQHandler
                0x08006200                USART6_IRQHandler
                0x08006200                CAN1_RX1_IRQHandler
                0x08006200                UART5_IRQHandler
                0x08006200                DMA2_Stream0_IRQHandler
                0x08006200                TIM4_IRQHandler
                0x08006200                I2C1_EV_IRQHandler
                0x08006200                DMA1_Stream6_IRQHandler
                0x08006200                DMA1_Stream1_IRQHandler
                0x08006200                UART4_IRQHandler
                0x08006200                TIM3_IRQHandler
                0x08006200                RCC_IRQHandler
                0x08006200                TIM8_BRK_TIM12_IRQHandler
                0x08006200                Default_Handler
                0x08006200                EXTI15_10_IRQHandler
                0x08006200                ADC_IRQHandler
                0x08006200                DMA1_Stream7_IRQHandler
                0x08006200                TIM7_IRQHandler
                0x08006200                CAN2_TX_IRQHandler
                0x08006200                TIM5_IRQHandler
                0x08006200                DMA2_Stream7_IRQHandler
                0x08006200                I2C3_EV_IRQHandler
                0x08006200                EXTI9_5_IRQHandler
                0x08006200                RTC_WKUP_IRQHandler
                0x08006200                ETH_WKUP_IRQHandler
                0x08006200                SPI2_IRQHandler
                0x08006200                OTG_HS_EP1_IN_IRQHandler
                0x08006200                DMA1_Stream0_IRQHandler
                0x08006200                CAN1_TX_IRQHandler
                0x08006200                EXTI4_IRQHandler
                0x08006200                FSMC_IRQHandler
                0x08006200                ETH_IRQHandler
                0x08006200                OTG_HS_EP1_OUT_IRQHandler
                0x08006200                WWDG_IRQHandler
                0x08006200                TIM2_IRQHandler
                0x08006200                OTG_FS_WKUP_IRQHandler
                0x08006200                TIM1_TRG_COM_TIM11_IRQHandler
                0x08006200                OTG_HS_IRQHandler
                0x08006200                EXTI1_IRQHandler
                0x08006200                USART2_IRQHandler
                0x08006200                I2C2_ER_IRQHandler
                0x08006200                DMA2_Stream1_IRQHandler
                0x08006200                CAN1_SCE_IRQHandler
                0x08006200                FLASH_IRQHandler
                0x08006200                DMA2_Stream4_IRQHandler
                0x08006200                USART1_IRQHandler
                0x08006200                SPI3_IRQHandler
                0x08006200                DMA1_Stream4_IRQHandler
                0x08006200                I2C1_ER_IRQHandler
                0x08006200                DMA2_Stream6_IRQHandler
                0x08006200                DMA1_Stream3_IRQHandler
 .text.__udivmoddi4
                0x08006202      0x2a0 C:/msys64/mingw64/bin/../lib/gcc/arm-none-eabi/13.3.0/thumb/v7e-m+fp/hard\libgcc.a(_udivmoddi4.o)
                0x08006202                __udivmoddi4
 *(.glue_7)
 .glue_7        0x080064a2        0x0 linker stubs
 *(.glue_7t)
 .glue_7t       0x080064a2        0x0 linker stubs
 *(.eh_frame)
 *fill*         0x080064a2        0x2 
 .eh_frame      0x080064a4        0x0 C:/msys64/mingw64/bin/../lib/gcc/arm-none-eabi/13.3.0/thumb/v7e-m+fp/hard/crtbegin.o
 *(.init)
 .init          0x080064a4        0x4 C:/msys64/mingw64/bin/../lib/gcc/arm-none-eabi/13.3.0/thumb/v7e-m+fp/hard/crti.o
                0x080064a4                _init
 .init          0x080064a8        0x8 C:/msys64/mingw64/bin/../lib/gcc/arm-none-eabi/13.3.0/thumb/v7e-m+fp/hard/crtn.o
 *(.fini)
 .fini          0x080064b0        0x4 C:/msys64/mingw64/bin/../lib/gcc/arm-none-eabi/13.3.0/thumb/v7e-m+fp/hard/crti.o
                0x080064b0                _fini
 .fini          0x080064b4        0x8 C:/msys64/mingw64/bin/../lib/gcc/arm-none-eabi/13.3.0/thumb/v7e-m+fp/hard/crtn.o
                0x080064bc                        . = ALIGN (0x4)
                0x080064bc                        _etext = .

.vfp11_veneer   0x080064bc        0x0
 .vfp11_veneer  0x080064bc        0x0 linker stubs

.v4_bx          0x080064bc        0x0
 .v4_bx         0x080064bc        0x0 linker stubs

.iplt           0x080064bc        0x0
 .iplt          0x080064bc        0x0 C:/msys64/mingw64/bin/../lib/gcc/arm-none-eabi/13.3.0/thumb/v7e-m+fp/hard/crtbegin.o

.rodata         0x080064bc       0x70
                0x080064bc                        . = ALIGN (0x4)
 *(.rodata)
 *(.rodata*)
 .rodata.Monitor_PrintAlert.str1.4
                0x080064bc       0x58 build/main.o
                                 0x3e (size before relaxing)
 .rodata.main.str1.4
                0x08006514        0x0 build/main.o
                                 0x11 (size before relaxing)
 .rodata.APBPrescTable
                0x08006514        0x8 build/system_stm32f4xx.o
                0x08006514                APBPrescTable
 .rodata.AHBPrescTable
                0x0800651c       0x10 build/system_stm32f4xx.o
                0x0800651c                AHBPrescTable
 .rodata.str1.4
                0x0800652c        0x0 build/usbh_cdc.o
                                  0x4 (size before relaxing)
                0x0800652c                        . = ALIGN (0x4)

.ARM.extab      0x0800652c        0x0
                0x0800652c                        . = ALIGN (0x4)
 *(.ARM.extab* .gnu.linkonce.armextab.*)
                0x0800652c                        . = ALIGN (0x4)

.ARM            0x0800652c        0x8
                0x0800652c                        . = ALIGN (0x4)
                0x0800652c                        __exidx_start = .
 *(.ARM.exidx*)
 .ARM.exidx     0x0800652c        0x8 C:/msys64/mingw64/bin/../lib/gcc/arm-none-eabi/13.3.0/../../../../arm-none-eabi/lib/thumb/v7e-m+fp/hard\libc_nano.a(libc_a-strlen.o)
 .ARM.exidx.text.__udivmoddi4
                0x08006534        0x0 C:/msys64/mingw64/bin/../lib/gcc/arm-none-eabi/13.3.0/thumb/v7e-m+fp/hard\libgcc.a(_udivmoddi4.o)
                                  0x8 (size before relaxing)
                0x08006534                        __exidx_end = .
                0x08006534                        . = ALIGN (0x4)

.preinit_array  0x08006534        0x0
                0x08006534                        . = ALIGN (0x4)
                0x08006534                        PROVIDE (__preinit_array_start = .)
 *(.preinit_array*)
                0x08006534                        PROVIDE (__preinit_array_end = .)
                0x08006534                        . = ALIGN (0x4)

.init_array     0x08006534        0x4
                0x08006534                        . = ALIGN (0x4)
                0x08006534                        PROVIDE (__init_array_start = .)
 *(SORT_BY_NAME(.init_array.*))
 *(.init_array*)
 .init_array    0x08006534        0x4 C:/msys64/mingw64/bin/../lib/gcc/arm-none-eabi/13.3.0/thumb/v7e-m+fp/hard/crtbegin.o
                0x08006538                        PROVIDE (__init_array_end = .)
                0x08006538                        . = ALIGN (0x4)

.fini_array     0x08006538        0x4
                0x08006538                        . = ALIGN (0x4)
                0x08006538                        PROVIDE (__fini_array_start = .)
 *(SORT_BY_NAME(.fini_array.*))
 *(.fini_array*)
 .fini_array    0x08006538        0x4 C:/msys64/mingw64/bin/../lib/gcc/arm-none-eabi/13.3.0/thumb/v7e-m+fp/hard/crtbegin.o
                0x0800653c                        PROVIDE (__fini_array_end = .)
                0x0800653c                        . = ALIGN (0x4)
                0x0800653c                        _sidata = LOADADDR (.data)

.rel.dyn        0x0800653c        0x0
 .rel.iplt      0x0800653c        0x0 C:/msys64/mingw64/bin/../lib/gcc/arm-none-eabi/13.3.0/thumb/v7e-m+fp/hard/crtbegin.o

.data           0x20000000       0x7c load address 0x0800653c
                0x20000000                        . = ALIGN (0x4)
                0x20000000                        _sdata = .
 *(.data)
 .data          0x20000000       0x50 C:/msys64/mingw64/bin/../lib/gcc/arm-none-eabi/13.3.0/../../../../arm-none-eabi/lib/thumb/v7e-m+fp/hard\libc_nano.a(libc_a-impure.o)
                0x20000000                _impure_ptr
                0x20000004                _impure_data
 *(.data*)
 .data.candidate_payload
                0x20000050        0x1 build/main.o
 .data.output_payload
                0x20000051        0x1 build/main.o
 .data.uwTickFreq
                0x20000052        0x1 build/stm32f4xx_hal.o
                0x20000052                uwTickFreq
 *fill*         0x20000053        0x1 
 .data.uwTickPrio
                0x20000054        0x4 build/stm32f4xx_hal.o
                0x20000054                uwTickPrio
 .data.SystemCoreClock
                0x20000058        0x4 build/system_stm32f4xx.o
                0x20000058                SystemCoreClock
 .data.CDC_Class
                0x2000005c       0x20 build/usbh_cdc.o
                0x2000005c                CDC_Class
 *(.RamFunc)
 *(.RamFunc*)
                0x2000007c                        . = ALIGN (0x4)
                0x2000007c                        _edata = .
                0x080065b8                        _siccmram = LOADADDR (.ccmram)

.igot.plt       0x2000007c        0x0 load address 0x080065b8
 .igot.plt      0x2000007c        0x0 C:/msys64/mingw64/bin/../lib/gcc/arm-none-eabi/13.3.0/thumb/v7e-m+fp/hard/crtbegin.o

.ccmram         0x10000000        0x0 load address 0x080065b8
                0x10000000                        . = ALIGN (0x4)
                0x10000000                        _sccmram = .
 *(.ccmram)
 *(.ccmram*)
                0x10000000                        . = ALIGN (0x4)
                0x10000000                        _eccmram = .
                0x10000000                        . = ALIGN (0x4)

.bss            0x2000007c      0xad0
                0x2000007c                        _sbss = .
                0x2000007c                        __bss_start__ = _sbss
 *(.bss)
 .bss           0x2000007c        0x8 C:/msys64/mingw64/bin/../lib/gcc/arm-none-eabi/13.3.0/../../../../arm-none-eabi/lib/thumb/v7e-m+fp/hard\libc_nano.a(libc_a-mallocr.o)
                0x2000007c                __malloc_sbrk_start
                0x20000080                __malloc_free_list
 .bss           0x20000084      0x13c C:/msys64/mingw64/bin/../lib/gcc/arm-none-eabi/13.3.0/../../../../arm-none-eabi/lib/thumb/v7e-m+fp/hard\libc_nano.a(libc_a-findfp.o)
                0x20000084                __sf
                0x200001bc                __stdio_exit_handler
 .bss           0x200001c0        0x4 C:/msys64/mingw64/bin/../lib/gcc/arm-none-eabi/13.3.0/../../../../arm-none-eabi/lib/thumb/v7e-m+fp/hard\libc_nano.a(libc_a-reent.o)
                0x200001c0                errno
 .bss           0x200001c4       0x1d C:/msys64/mingw64/bin/../lib/gcc/arm-none-eabi/13.3.0/../../../../arm-none-eabi/lib/thumb/v7e-m+fp/hard\libc_nano.a(libc_a-lock.o)
                0x200001c4                __lock___arc4random_mutex
                0x200001c8                __lock___dd_hash_mutex
                0x200001cc                __lock___tz_mutex
                0x200001d0                __lock___env_recursive_mutex
                0x200001d4                __lock___malloc_recursive_mutex
                0x200001d8                __lock___at_quick_exit_mutex
                0x200001dc                __lock___atexit_recursive_mutex
                0x200001e0                __lock___sfp_recursive_mutex
 *(.bss*)
 .bss.completed.1
                0x200001e1        0x1 C:/msys64/mingw64/bin/../lib/gcc/arm-none-eabi/13.3.0/thumb/v7e-m+fp/hard/crtbegin.o
 *fill*         0x200001e2        0x2 
 .bss.object.0  0x200001e4       0x18 C:/msys64/mingw64/bin/../lib/gcc/arm-none-eabi/13.3.0/thumb/v7e-m+fp/hard/crtbegin.o
 .bss.candidate_last_tick
                0x200001fc        0x4 build/main.o
 .bss.candidate_count
                0x20000200        0x1 build/main.o
 .bss.last_voice_event
                0x20000201        0x1 build/main.o
 *fill*         0x20000202        0x2 
 .bss.huart3    0x20000204       0x48 build/main.o
                0x20000204                huart3
 .bss.huart2    0x2000024c       0x48 build/main.o
                0x2000024c                huart2
 .bss.hspi1     0x20000294       0x58 build/main.o
                0x20000294                hspi1
 .bss.hi2s3     0x200002ec       0x48 build/main.o
                0x200002ec                hi2s3
 .bss.hi2c1     0x20000334       0x54 build/main.o
                0x20000334                hi2c1
 .bss.Appli_state
                0x20000388        0x1 build/usb_host.o
                0x20000388                Appli_state
 *fill*         0x20000389        0x3 
 .bss.hUsbHostFS
                0x2000038c      0x3d8 build/usb_host.o
                0x2000038c                hUsbHostFS
 .bss.hhcd_USB_OTG_FS
                0x20000764      0x3e0 build/usbh_conf.o
                0x20000764                hhcd_USB_OTG_FS
 .bss.uwTick    0x20000b44        0x4 build/stm32f4xx_hal.o
                0x20000b44                uwTick
 .bss.__sbrk_heap_end
                0x20000b48        0x4 build/sysmem.o
 *(COMMON)
                0x20000b4c                        . = ALIGN (0x4)
                0x20000b4c                        _ebss = .
                0x20000b4c                        __bss_end__ = _ebss

._user_heap_stack
                0x20000b4c      0x604
                0x20000b50                        . = ALIGN (0x8)
 *fill*         0x20000b4c        0x4 
                [!provide]                        PROVIDE (end = .)
                0x20000b50                        PROVIDE (_end = .)
                0x20000d50                        . = (. + _Min_Heap_Size)
 *fill*         0x20000b50      0x200 
                0x20001150                        . = (. + _Min_Stack_Size)
 *fill*         0x20000d50      0x400 
                0x20001150                        . = ALIGN (0x8)

/DISCARD/
 libc.a(*)
 libm.a(*)
 libgcc.a(*)
OUTPUT(build/DFPlayer_Test.elf elf32-littlearm)
LOAD linker stubs
LOAD C:/msys64/mingw64/bin/../lib/gcc/arm-none-eabi/13.3.0/../../../../arm-none-eabi/lib/thumb/v7e-m+fp/hard\libc.a
LOAD C:/msys64/mingw64/bin/../lib/gcc/arm-none-eabi/13.3.0/../../../../arm-none-eabi/lib/thumb/v7e-m+fp/hard\libm.a
LOAD C:/msys64/mingw64/bin/../lib/gcc/arm-none-eabi/13.3.0/thumb/v7e-m+fp/hard\libgcc.a

.ARM.attributes
                0x00000000       0x30
 .ARM.attributes
                0x00000000       0x22 C:/msys64/mingw64/bin/../lib/gcc/arm-none-eabi/13.3.0/thumb/v7e-m+fp/hard/crti.o
 .ARM.attributes
                0x00000022       0x34 C:/msys64/mingw64/bin/../lib/gcc/arm-none-eabi/13.3.0/thumb/v7e-m+fp/hard/crtbegin.o
 .ARM.attributes
                0x00000056       0x34 build/main.o
 .ARM.attributes
                0x0000008a       0x34 build/stm32f4xx_it.o
 .ARM.attributes
                0x000000be       0x34 build/stm32f4xx_hal_msp.o
 .ARM.attributes
                0x000000f2       0x34 build/usb_host.o
 .ARM.attributes
                0x00000126       0x34 build/usbh_conf.o
 .ARM.attributes
                0x0000015a       0x34 build/usbh_platform.o
 .ARM.attributes
                0x0000018e       0x34 build/stm32f4xx_hal_hcd.o
 .ARM.attributes
                0x000001c2       0x34 build/stm32f4xx_ll_usb.o
 .ARM.attributes
                0x000001f6       0x34 build/stm32f4xx_hal_rcc.o
 .ARM.attributes
                0x0000022a       0x34 build/stm32f4xx_hal_rcc_ex.o
 .ARM.attributes
                0x0000025e       0x34 build/stm32f4xx_hal_gpio.o
 .ARM.attributes
                0x00000292       0x34 build/stm32f4xx_hal_dma.o
 .ARM.attributes
                0x000002c6       0x34 build/stm32f4xx_hal_cortex.o
 .ARM.attributes
                0x000002fa       0x34 build/stm32f4xx_hal.o
 .ARM.attributes
                0x0000032e       0x34 build/stm32f4xx_hal_i2c.o
 .ARM.attributes
                0x00000362       0x34 build/stm32f4xx_hal_i2s.o
 .ARM.attributes
                0x00000396       0x34 build/stm32f4xx_hal_i2s_ex.o
 .ARM.attributes
                0x000003ca       0x34 build/stm32f4xx_hal_spi.o
 .ARM.attributes
                0x000003fe       0x34 build/stm32f4xx_hal_uart.o
 .ARM.attributes
                0x00000432       0x34 build/system_stm32f4xx.o
 .ARM.attributes
                0x00000466       0x34 build/usbh_core.o
 .ARM.attributes
                0x0000049a       0x34 build/usbh_ctlreq.o
 .ARM.attributes
                0x000004ce       0x34 build/usbh_ioreq.o
 .ARM.attributes
                0x00000502       0x34 build/usbh_pipes.o
 .ARM.attributes
                0x00000536       0x34 build/usbh_cdc.o
 .ARM.attributes
                0x0000056a       0x34 build/sysmem.o
 .ARM.attributes
                0x0000059e       0x21 build/startup_stm32f407xx.o
 .ARM.attributes
                0x000005bf       0x34 C:/msys64/mingw64/bin/../lib/gcc/arm-none-eabi/13.3.0/../../../../arm-none-eabi/lib/thumb/v7e-m+fp/hard\libc_nano.a(libc_a-malloc.o)
 .ARM.attributes
                0x000005f3       0x34 C:/msys64/mingw64/bin/../lib/gcc/arm-none-eabi/13.3.0/../../../../arm-none-eabi/lib/thumb/v7e-m+fp/hard\libc_nano.a(libc_a-mallocr.o)
 .ARM.attributes
                0x00000627       0x34 C:/msys64/mingw64/bin/../lib/gcc/arm-none-eabi/13.3.0/../../../../arm-none-eabi/lib/thumb/v7e-m+fp/hard\libc_nano.a(libc_a-mlock.o)
 .ARM.attributes
                0x0000065b       0x34 C:/msys64/mingw64/bin/../lib/gcc/arm-none-eabi/13.3.0/../../../../arm-none-eabi/lib/thumb/v7e-m+fp/hard\libc_nano.a(libc_a-findfp.o)
 .ARM.attributes
                0x0000068f       0x34 C:/msys64/mingw64/bin/../lib/gcc/arm-none-eabi/13.3.0/../../../../arm-none-eabi/lib/thumb/v7e-m+fp/hard\libc_nano.a(libc_a-memset.o)
 .ARM.attributes
                0x000006c3       0x34 C:/msys64/mingw64/bin/../lib/gcc/arm-none-eabi/13.3.0/../../../../arm-none-eabi/lib/thumb/v7e-m+fp/hard\libc_nano.a(libc_a-reent.o)
 .ARM.attributes
                0x000006f7       0x34 C:/msys64/mingw64/bin/../lib/gcc/arm-none-eabi/13.3.0/../../../../arm-none-eabi/lib/thumb/v7e-m+fp/hard\libc_nano.a(libc_a-impure.o)
 .ARM.attributes
                0x0000072b       0x34 C:/msys64/mingw64/bin/../lib/gcc/arm-none-eabi/13.3.0/../../../../arm-none-eabi/lib/thumb/v7e-m+fp/hard\libc_nano.a(libc_a-sbrkr.o)
 .ARM.attributes
                0x0000075f       0x34 C:/msys64/mingw64/bin/../lib/gcc/arm-none-eabi/13.3.0/../../../../arm-none-eabi/lib/thumb/v7e-m+fp/hard\libc_nano.a(libc_a-errno.o)
 .ARM.attributes
                0x00000793       0x34 C:/msys64/mingw64/bin/../lib/gcc/arm-none-eabi/13.3.0/../../../../arm-none-eabi/lib/thumb/v7e-m+fp/hard\libc_nano.a(libc_a-init.o)
 .ARM.attributes
                0x000007c7       0x34 C:/msys64/mingw64/bin/../lib/gcc/arm-none-eabi/13.3.0/../../../../arm-none-eabi/lib/thumb/v7e-m+fp/hard\libc_nano.a(libc_a-lock.o)
 .ARM.attributes
                0x000007fb       0x1c C:/msys64/mingw64/bin/../lib/gcc/arm-none-eabi/13.3.0/../../../../arm-none-eabi/lib/thumb/v7e-m+fp/hard\libc_nano.a(libc_a-strlen.o)
 .ARM.attributes
                0x00000817       0x34 C:/msys64/mingw64/bin/../lib/gcc/arm-none-eabi/13.3.0/../../../../arm-none-eabi/lib/thumb/v7e-m+fp/hard\libc_nano.a(libc_a-freer.o)
 .ARM.attributes
                0x0000084b       0x22 C:/msys64/mingw64/bin/../lib/gcc/arm-none-eabi/13.3.0/thumb/v7e-m+fp/hard\libgcc.a(_aeabi_uldivmod.o)
 .ARM.attributes
                0x0000086d       0x34 C:/msys64/mingw64/bin/../lib/gcc/arm-none-eabi/13.3.0/thumb/v7e-m+fp/hard\libgcc.a(_udivmoddi4.o)
 .ARM.attributes
                0x000008a1       0x22 C:/msys64/mingw64/bin/../lib/gcc/arm-none-eabi/13.3.0/thumb/v7e-m+fp/hard\libgcc.a(_dvmd_tls.o)
 .ARM.attributes
                0x000008c3       0x22 C:/msys64/mingw64/bin/../lib/gcc/arm-none-eabi/13.3.0/thumb/v7e-m+fp/hard/crtn.o

.comment        0x00000000       0x12
 .comment       0x00000000       0x12 build/main.o
                                 0x13 (size before relaxing)
 .comment       0x00000012        0x0 build/stm32f4xx_it.o
                                 0x13 (size before relaxing)
 .comment       0x00000012        0x0 build/stm32f4xx_hal_msp.o
                                 0x13 (size before relaxing)
 .comment       0x00000012        0x0 build/usb_host.o
                                 0x13 (size before relaxing)
 .comment       0x00000012        0x0 build/usbh_conf.o
                                 0x13 (size before relaxing)
 .comment       0x00000012        0x0 build/usbh_platform.o
                                 0x13 (size before relaxing)
 .comment       0x00000012        0x0 build/stm32f4xx_hal_hcd.o
                                 0x13 (size before relaxing)
 .comment       0x00000012        0x0 build/stm32f4xx_ll_usb.o
                                 0x13 (size before relaxing)
 .comment       0x00000012        0x0 build/stm32f4xx_hal_rcc.o
                                 0x13 (size before relaxing)
 .comment       0x00000012        0x0 build/stm32f4xx_hal_rcc_ex.o
                                 0x13 (size before relaxing)
 .comment       0x00000012        0x0 build/stm32f4xx_hal_gpio.o
                                 0x13 (size before relaxing)
 .comment       0x00000012        0x0 build/stm32f4xx_hal_dma.o
                                 0x13 (size before relaxing)
 .comment       0x00000012        0x0 build/stm32f4xx_hal_cortex.o
                                 0x13 (size before relaxing)
 .comment       0x00000012        0x0 build/stm32f4xx_hal.o
                                 0x13 (size before relaxing)
 .comment       0x00000012        0x0 build/stm32f4xx_hal_i2c.o
                                 0x13 (size before relaxing)
 .comment       0x00000012        0x0 build/stm32f4xx_hal_i2s.o
                                 0x13 (size before relaxing)
 .comment       0x00000012        0x0 build/stm32f4xx_hal_i2s_ex.o
                                 0x13 (size before relaxing)
 .comment       0x00000012        0x0 build/stm32f4xx_hal_spi.o
                                 0x13 (size before relaxing)
 .comment       0x00000012        0x0 build/stm32f4xx_hal_uart.o
                                 0x13 (size before relaxing)
 .comment       0x00000012        0x0 build/system_stm32f4xx.o
                                 0x13 (size before relaxing)
 .comment       0x00000012        0x0 build/usbh_core.o
                                 0x13 (size before relaxing)
 .comment       0x00000012        0x0 build/usbh_ctlreq.o
                                 0x13 (size before relaxing)
 .comment       0x00000012        0x0 build/usbh_ioreq.o
                                 0x13 (size before relaxing)
 .comment       0x00000012        0x0 build/usbh_pipes.o
                                 0x13 (size before relaxing)
 .comment       0x00000012        0x0 build/usbh_cdc.o
                                 0x13 (size before relaxing)
 .comment       0x00000012        0x0 build/sysmem.o
                                 0x13 (size before relaxing)
 .comment       0x00000012        0x0 C:/msys64/mingw64/bin/../lib/gcc/arm-none-eabi/13.3.0/../../../../arm-none-eabi/lib/thumb/v7e-m+fp/hard\libc_nano.a(libc_a-malloc.o)
                                 0x13 (size before relaxing)
 .comment       0x00000012        0x0 C:/msys64/mingw64/bin/../lib/gcc/arm-none-eabi/13.3.0/../../../../arm-none-eabi/lib/thumb/v7e-m+fp/hard\libc_nano.a(libc_a-mallocr.o)
                                 0x13 (size before relaxing)
 .comment       0x00000012        0x0 C:/msys64/mingw64/bin/../lib/gcc/arm-none-eabi/13.3.0/../../../../arm-none-eabi/lib/thumb/v7e-m+fp/hard\libc_nano.a(libc_a-mlock.o)
                                 0x13 (size before relaxing)
 .comment       0x00000012        0x0 C:/msys64/mingw64/bin/../lib/gcc/arm-none-eabi/13.3.0/../../../../arm-none-eabi/lib/thumb/v7e-m+fp/hard\libc_nano.a(libc_a-findfp.o)
                                 0x13 (size before relaxing)
 .comment       0x00000012        0x0 C:/msys64/mingw64/bin/../lib/gcc/arm-none-eabi/13.3.0/../../../../arm-none-eabi/lib/thumb/v7e-m+fp/hard\libc_nano.a(libc_a-memset.o)
                                 0x13 (size before relaxing)
 .comment       0x00000012        0x0 C:/msys64/mingw64/bin/../lib/gcc/arm-none-eabi/13.3.0/../../../../arm-none-eabi/lib/thumb/v7e-m+fp/hard\libc_nano.a(libc_a-reent.o)
                                 0x13 (size before relaxing)
 .comment       0x00000012        0x0 C:/msys64/mingw64/bin/../lib/gcc/arm-none-eabi/13.3.0/../../../../arm-none-eabi/lib/thumb/v7e-m+fp/hard\libc_nano.a(libc_a-impure.o)
                                 0x13 (size before relaxing)
 .comment       0x00000012        0x0 C:/msys64/mingw64/bin/../lib/gcc/arm-none-eabi/13.3.0/../../../../arm-none-eabi/lib/thumb/v7e-m+fp/hard\libc_nano.a(libc_a-sbrkr.o)
                                 0x13 (size before relaxing)
 .comment       0x00000012        0x0 C:/msys64/mingw64/bin/../lib/gcc/arm-none-eabi/13.3.0/../../../../arm-none-eabi/lib/thumb/v7e-m+fp/hard\libc_nano.a(libc_a-errno.o)
                                 0x13 (size before relaxing)
 .comment       0x00000012        0x0 C:/msys64/mingw64/bin/../lib/gcc/arm-none-eabi/13.3.0/../../../../arm-none-eabi/lib/thumb/v7e-m+fp/hard\libc_nano.a(libc_a-init.o)
                                 0x13 (size before relaxing)
 .comment       0x00000012        0x0 C:/msys64/mingw64/bin/../lib/gcc/arm-none-eabi/13.3.0/../../../../arm-none-eabi/lib/thumb/v7e-m+fp/hard\libc_nano.a(libc_a-lock.o)
                                 0x13 (size before relaxing)
 .comment       0x00000012        0x0 C:/msys64/mingw64/bin/../lib/gcc/arm-none-eabi/13.3.0/../../../../arm-none-eabi/lib/thumb/v7e-m+fp/hard\libc_nano.a(libc_a-freer.o)
                                 0x13 (size before relaxing)
 .comment       0x00000012        0x0 C:/msys64/mingw64/bin/../lib/gcc/arm-none-eabi/13.3.0/thumb/v7e-m+fp/hard\libgcc.a(_udivmoddi4.o)
                                 0x13 (size before relaxing)

.debug_info     0x00000000    0x28fa6
 .debug_info    0x00000000     0x298b build/main.o
 .debug_info    0x0000298b      0xd2b build/stm32f4xx_it.o
 .debug_info    0x000036b6     0x19e5 build/stm32f4xx_hal_msp.o
 .debug_info    0x0000509b      0xc12 build/usb_host.o
 .debug_info    0x00005cad     0x2382 build/usbh_conf.o
 .debug_info    0x0000802f      0x225 build/usbh_platform.o
 .debug_info    0x00008254     0x1b56 build/stm32f4xx_hal_hcd.o
 .debug_info    0x00009daa     0x2202 build/stm32f4xx_ll_usb.o
 .debug_info    0x0000bfac      0xc20 build/stm32f4xx_hal_rcc.o
 .debug_info    0x0000cbcc      0x700 build/stm32f4xx_hal_rcc_ex.o
 .debug_info    0x0000d2cc      0x848 build/stm32f4xx_hal_gpio.o
 .debug_info    0x0000db14      0xbce build/stm32f4xx_hal_dma.o
 .debug_info    0x0000e6e2     0x11e0 build/stm32f4xx_hal_cortex.o
 .debug_info    0x0000f8c2      0xafa build/stm32f4xx_hal.o
 .debug_info    0x000103bc     0x3c10 build/stm32f4xx_hal_i2c.o
 .debug_info    0x00013fcc     0x131a build/stm32f4xx_hal_i2s.o
 .debug_info    0x000152e6      0xecc build/stm32f4xx_hal_i2s_ex.o
 .debug_info    0x000161b2     0x1f80 build/stm32f4xx_hal_spi.o
 .debug_info    0x00018132     0x43b5 build/stm32f4xx_hal_uart.o
 .debug_info    0x0001c4e7      0x5b3 build/system_stm32f4xx.o
 .debug_info    0x0001ca9a     0x1812 build/usbh_core.o
 .debug_info    0x0001e2ac     0x15ff build/usbh_ctlreq.o
 .debug_info    0x0001f8ab     0x110f build/usbh_ioreq.o
 .debug_info    0x000209ba      0xcd5 build/usbh_pipes.o
 .debug_info    0x0002168f     0x1b1a build/usbh_cdc.o
 .debug_info    0x000231a9      0x18c build/sysmem.o
 .debug_info    0x00023335       0x30 build/startup_stm32f407xx.o
 .debug_info    0x00023365      0x7a0 C:/msys64/mingw64/bin/../lib/gcc/arm-none-eabi/13.3.0/../../../../arm-none-eabi/lib/thumb/v7e-m+fp/hard\libc_nano.a(libc_a-malloc.o)
 .debug_info    0x00023b05      0x9c0 C:/msys64/mingw64/bin/../lib/gcc/arm-none-eabi/13.3.0/../../../../arm-none-eabi/lib/thumb/v7e-m+fp/hard\libc_nano.a(libc_a-mallocr.o)
 .debug_info    0x000244c5      0x76b C:/msys64/mingw64/bin/../lib/gcc/arm-none-eabi/13.3.0/../../../../arm-none-eabi/lib/thumb/v7e-m+fp/hard\libc_nano.a(libc_a-mlock.o)
 .debug_info    0x00024c30     0x10c4 C:/msys64/mingw64/bin/../lib/gcc/arm-none-eabi/13.3.0/../../../../arm-none-eabi/lib/thumb/v7e-m+fp/hard\libc_nano.a(libc_a-findfp.o)
 .debug_info    0x00025cf4      0x135 C:/msys64/mingw64/bin/../lib/gcc/arm-none-eabi/13.3.0/../../../../arm-none-eabi/lib/thumb/v7e-m+fp/hard\libc_nano.a(libc_a-memset.o)
 .debug_info    0x00025e29      0x8a9 C:/msys64/mingw64/bin/../lib/gcc/arm-none-eabi/13.3.0/../../../../arm-none-eabi/lib/thumb/v7e-m+fp/hard\libc_nano.a(libc_a-reent.o)
 .debug_info    0x000266d2      0x715 C:/msys64/mingw64/bin/../lib/gcc/arm-none-eabi/13.3.0/../../../../arm-none-eabi/lib/thumb/v7e-m+fp/hard\libc_nano.a(libc_a-impure.o)
 .debug_info    0x00026de7      0x782 C:/msys64/mingw64/bin/../lib/gcc/arm-none-eabi/13.3.0/../../../../arm-none-eabi/lib/thumb/v7e-m+fp/hard\libc_nano.a(libc_a-sbrkr.o)
 .debug_info    0x00027569      0x6fb C:/msys64/mingw64/bin/../lib/gcc/arm-none-eabi/13.3.0/../../../../arm-none-eabi/lib/thumb/v7e-m+fp/hard\libc_nano.a(libc_a-errno.o)
 .debug_info    0x00027c64      0x10b C:/msys64/mingw64/bin/../lib/gcc/arm-none-eabi/13.3.0/../../../../arm-none-eabi/lib/thumb/v7e-m+fp/hard\libc_nano.a(libc_a-init.o)
 .debug_info    0x00027d6f      0x218 C:/msys64/mingw64/bin/../lib/gcc/arm-none-eabi/13.3.0/../../../../arm-none-eabi/lib/thumb/v7e-m+fp/hard\libc_nano.a(libc_a-lock.o)
 .debug_info    0x00027f87       0x33 C:/msys64/mingw64/bin/../lib/gcc/arm-none-eabi/13.3.0/../../../../arm-none-eabi/lib/thumb/v7e-m+fp/hard\libc_nano.a(libc_a-strlen.o)
 .debug_info    0x00027fba      0x889 C:/msys64/mingw64/bin/../lib/gcc/arm-none-eabi/13.3.0/../../../../arm-none-eabi/lib/thumb/v7e-m+fp/hard\libc_nano.a(libc_a-freer.o)
 .debug_info    0x00028843       0x24 C:/msys64/mingw64/bin/../lib/gcc/arm-none-eabi/13.3.0/thumb/v7e-m+fp/hard\libgcc.a(_aeabi_uldivmod.o)
 .debug_info    0x00028867      0x703 C:/msys64/mingw64/bin/../lib/gcc/arm-none-eabi/13.3.0/thumb/v7e-m+fp/hard\libgcc.a(_udivmoddi4.o)
 .debug_info    0x00028f6a       0x3c C:/msys64/mingw64/bin/../lib/gcc/arm-none-eabi/13.3.0/thumb/v7e-m+fp/hard\libgcc.a(_dvmd_tls.o)

.debug_abbrev   0x00000000     0x5cac
 .debug_abbrev  0x00000000      0x3b1 build/main.o
 .debug_abbrev  0x000003b1      0x1b3 build/stm32f4xx_it.o
 .debug_abbrev  0x00000564      0x24c build/stm32f4xx_hal_msp.o
 .debug_abbrev  0x000007b0      0x293 build/usb_host.o
 .debug_abbrev  0x00000a43      0x3dd build/usbh_conf.o
 .debug_abbrev  0x00000e20      0x12e build/usbh_platform.o
 .debug_abbrev  0x00000f4e      0x2d6 build/stm32f4xx_hal_hcd.o
 .debug_abbrev  0x00001224      0x344 build/stm32f4xx_ll_usb.o
 .debug_abbrev  0x00001568      0x2de build/stm32f4xx_hal_rcc.o
 .debug_abbrev  0x00001846      0x1dc build/stm32f4xx_hal_rcc_ex.o
 .debug_abbrev  0x00001a22      0x22b build/stm32f4xx_hal_gpio.o
 .debug_abbrev  0x00001c4d      0x2fe build/stm32f4xx_hal_dma.o
 .debug_abbrev  0x00001f4b      0x3ca build/stm32f4xx_hal_cortex.o
 .debug_abbrev  0x00002315      0x244 build/stm32f4xx_hal.o
 .debug_abbrev  0x00002559      0x328 build/stm32f4xx_hal_i2c.o
 .debug_abbrev  0x00002881      0x2b0 build/stm32f4xx_hal_i2s.o
 .debug_abbrev  0x00002b31      0x2c8 build/stm32f4xx_hal_i2s_ex.o
 .debug_abbrev  0x00002df9      0x2be build/stm32f4xx_hal_spi.o
 .debug_abbrev  0x000030b7      0x366 build/stm32f4xx_hal_uart.o
 .debug_abbrev  0x0000341d      0x11b build/system_stm32f4xx.o
 .debug_abbrev  0x00003538      0x383 build/usbh_core.o
 .debug_abbrev  0x000038bb      0x353 build/usbh_ctlreq.o
 .debug_abbrev  0x00003c0e      0x23d build/usbh_ioreq.o
 .debug_abbrev  0x00003e4b      0x2a3 build/usbh_pipes.o
 .debug_abbrev  0x000040ee      0x37f build/usbh_cdc.o
 .debug_abbrev  0x0000446d       0xeb build/sysmem.o
 .debug_abbrev  0x00004558       0x1d build/startup_stm32f407xx.o
 .debug_abbrev  0x00004575      0x1cf C:/msys64/mingw64/bin/../lib/gcc/arm-none-eabi/13.3.0/../../../../arm-none-eabi/lib/thumb/v7e-m+fp/hard\libc_nano.a(libc_a-malloc.o)
 .debug_abbrev  0x00004744      0x24a C:/msys64/mingw64/bin/../lib/gcc/arm-none-eabi/13.3.0/../../../../arm-none-eabi/lib/thumb/v7e-m+fp/hard\libc_nano.a(libc_a-mallocr.o)
 .debug_abbrev  0x0000498e      0x1bf C:/msys64/mingw64/bin/../lib/gcc/arm-none-eabi/13.3.0/../../../../arm-none-eabi/lib/thumb/v7e-m+fp/hard\libc_nano.a(libc_a-mlock.o)
 .debug_abbrev  0x00004b4d      0x446 C:/msys64/mingw64/bin/../lib/gcc/arm-none-eabi/13.3.0/../../../../arm-none-eabi/lib/thumb/v7e-m+fp/hard\libc_nano.a(libc_a-findfp.o)
 .debug_abbrev  0x00004f93       0xb7 C:/msys64/mingw64/bin/../lib/gcc/arm-none-eabi/13.3.0/../../../../arm-none-eabi/lib/thumb/v7e-m+fp/hard\libc_nano.a(libc_a-memset.o)
 .debug_abbrev  0x0000504a      0x1ee C:/msys64/mingw64/bin/../lib/gcc/arm-none-eabi/13.3.0/../../../../arm-none-eabi/lib/thumb/v7e-m+fp/hard\libc_nano.a(libc_a-reent.o)
 .debug_abbrev  0x00005238      0x149 C:/msys64/mingw64/bin/../lib/gcc/arm-none-eabi/13.3.0/../../../../arm-none-eabi/lib/thumb/v7e-m+fp/hard\libc_nano.a(libc_a-impure.o)
 .debug_abbrev  0x00005381      0x1da C:/msys64/mingw64/bin/../lib/gcc/arm-none-eabi/13.3.0/../../../../arm-none-eabi/lib/thumb/v7e-m+fp/hard\libc_nano.a(libc_a-sbrkr.o)
 .debug_abbrev  0x0000555b      0x15e C:/msys64/mingw64/bin/../lib/gcc/arm-none-eabi/13.3.0/../../../../arm-none-eabi/lib/thumb/v7e-m+fp/hard\libc_nano.a(libc_a-errno.o)
 .debug_abbrev  0x000056b9       0xc9 C:/msys64/mingw64/bin/../lib/gcc/arm-none-eabi/13.3.0/../../../../arm-none-eabi/lib/thumb/v7e-m+fp/hard\libc_nano.a(libc_a-init.o)
 .debug_abbrev  0x00005782      0x115 C:/msys64/mingw64/bin/../lib/gcc/arm-none-eabi/13.3.0/../../../../arm-none-eabi/lib/thumb/v7e-m+fp/hard\libc_nano.a(libc_a-lock.o)
 .debug_abbrev  0x00005897       0x28 C:/msys64/mingw64/bin/../lib/gcc/arm-none-eabi/13.3.0/../../../../arm-none-eabi/lib/thumb/v7e-m+fp/hard\libc_nano.a(libc_a-strlen.o)
 .debug_abbrev  0x000058bf      0x249 C:/msys64/mingw64/bin/../lib/gcc/arm-none-eabi/13.3.0/../../../../arm-none-eabi/lib/thumb/v7e-m+fp/hard\libc_nano.a(libc_a-freer.o)
 .debug_abbrev  0x00005b08       0x14 C:/msys64/mingw64/bin/../lib/gcc/arm-none-eabi/13.3.0/thumb/v7e-m+fp/hard\libgcc.a(_aeabi_uldivmod.o)
 .debug_abbrev  0x00005b1c      0x16a C:/msys64/mingw64/bin/../lib/gcc/arm-none-eabi/13.3.0/thumb/v7e-m+fp/hard\libgcc.a(_udivmoddi4.o)
 .debug_abbrev  0x00005c86       0x26 C:/msys64/mingw64/bin/../lib/gcc/arm-none-eabi/13.3.0/thumb/v7e-m+fp/hard\libgcc.a(_dvmd_tls.o)

.debug_loc      0x00000000    0x1aace
 .debug_loc     0x00000000      0xec0 build/main.o
 .debug_loc     0x00000ec0       0x60 build/stm32f4xx_it.o
 .debug_loc     0x00000f20      0x45d build/stm32f4xx_hal_msp.o
 .debug_loc     0x0000137d       0x40 build/usb_host.o
 .debug_loc     0x000013bd      0xccd build/usbh_conf.o
 .debug_loc     0x0000208a       0x6d build/usbh_platform.o
 .debug_loc     0x000020f7     0x1065 build/stm32f4xx_hal_hcd.o
 .debug_loc     0x0000315c     0x2ac8 build/stm32f4xx_ll_usb.o
 .debug_loc     0x00005c24      0x720 build/stm32f4xx_hal_rcc.o
 .debug_loc     0x00006344      0x46e build/stm32f4xx_hal_rcc_ex.o
 .debug_loc     0x000067b2      0x60b build/stm32f4xx_hal_gpio.o
 .debug_loc     0x00006dbd      0xe9a build/stm32f4xx_hal_dma.o
 .debug_loc     0x00007c57      0x8ff build/stm32f4xx_hal_cortex.o
 .debug_loc     0x00008556      0x1f9 build/stm32f4xx_hal.o
 .debug_loc     0x0000874f     0x54cf build/stm32f4xx_hal_i2c.o
 .debug_loc     0x0000dc1e     0x14f7 build/stm32f4xx_hal_i2s.o
 .debug_loc     0x0000f115      0xba7 build/stm32f4xx_hal_i2s_ex.o
 .debug_loc     0x0000fcbc     0x261e build/stm32f4xx_hal_spi.o
 .debug_loc     0x000122da     0x5040 build/stm32f4xx_hal_uart.o
 .debug_loc     0x0001731a       0xbd build/system_stm32f4xx.o
 .debug_loc     0x000173d7      0xb48 build/usbh_core.o
 .debug_loc     0x00017f1f     0x15d5 build/usbh_ctlreq.o
 .debug_loc     0x000194f4      0x8bb build/usbh_ioreq.o
 .debug_loc     0x00019daf      0x2f2 build/usbh_pipes.o
 .debug_loc     0x0001a0a1      0x99d build/usbh_cdc.o
 .debug_loc     0x0001aa3e       0x90 build/sysmem.o

.debug_aranges  0x00000000     0x1698
 .debug_aranges
                0x00000000      0x130 build/main.o
 .debug_aranges
                0x00000130       0x70 build/stm32f4xx_it.o
 .debug_aranges
                0x000001a0       0x60 build/stm32f4xx_hal_msp.o
 .debug_aranges
                0x00000200       0x30 build/usb_host.o
 .debug_aranges
                0x00000230       0xe0 build/usbh_conf.o
 .debug_aranges
                0x00000310       0x20 build/usbh_platform.o
 .debug_aranges
                0x00000330      0x108 build/stm32f4xx_hal_hcd.o
 .debug_aranges
                0x00000438      0x1a0 build/stm32f4xx_ll_usb.o
 .debug_aranges
                0x000005d8       0x88 build/stm32f4xx_hal_rcc.o
 .debug_aranges
                0x00000660       0x48 build/stm32f4xx_hal_rcc_ex.o
 .debug_aranges
                0x000006a8       0x58 build/stm32f4xx_hal_gpio.o
 .debug_aranges
                0x00000700       0x90 build/stm32f4xx_hal_dma.o
 .debug_aranges
                0x00000790       0xf8 build/stm32f4xx_hal_cortex.o
 .debug_aranges
                0x00000888       0xf0 build/stm32f4xx_hal.o
 .debug_aranges
                0x00000978      0x2a8 build/stm32f4xx_hal_i2c.o
 .debug_aranges
                0x00000c20      0x108 build/stm32f4xx_hal_i2s.o
 .debug_aranges
                0x00000d28       0x88 build/stm32f4xx_hal_i2s_ex.o
 .debug_aranges
                0x00000db0      0x1d0 build/stm32f4xx_hal_spi.o
 .debug_aranges
                0x00000f80      0x208 build/stm32f4xx_hal_uart.o
 .debug_aranges
                0x00001188       0x28 build/system_stm32f4xx.o
 .debug_aranges
                0x000011b0       0xc0 build/usbh_core.o
 .debug_aranges
                0x00001270       0xa0 build/usbh_ctlreq.o
 .debug_aranges
                0x00001310       0x60 build/usbh_ioreq.o
 .debug_aranges
                0x00001370       0x40 build/usbh_pipes.o
 .debug_aranges
                0x000013b0       0xa8 build/usbh_cdc.o
 .debug_aranges
                0x00001458       0x20 build/sysmem.o
 .debug_aranges
                0x00001478       0x28 build/startup_stm32f407xx.o
 .debug_aranges
                0x000014a0       0x20 C:/msys64/mingw64/bin/../lib/gcc/arm-none-eabi/13.3.0/../../../../arm-none-eabi/lib/thumb/v7e-m+fp/hard\libc_nano.a(libc_a-malloc.o)
 .debug_aranges
                0x000014c0       0x20 C:/msys64/mingw64/bin/../lib/gcc/arm-none-eabi/13.3.0/../../../../arm-none-eabi/lib/thumb/v7e-m+fp/hard\libc_nano.a(libc_a-mallocr.o)
 .debug_aranges
                0x000014e0       0x20 C:/msys64/mingw64/bin/../lib/gcc/arm-none-eabi/13.3.0/../../../../arm-none-eabi/lib/thumb/v7e-m+fp/hard\libc_nano.a(libc_a-mlock.o)
 .debug_aranges
                0x00001500       0x20 C:/msys64/mingw64/bin/../lib/gcc/arm-none-eabi/13.3.0/../../../../arm-none-eabi/lib/thumb/v7e-m+fp/hard\libc_nano.a(libc_a-findfp.o)
 .debug_aranges
                0x00001520       0x20 C:/msys64/mingw64/bin/../lib/gcc/arm-none-eabi/13.3.0/../../../../arm-none-eabi/lib/thumb/v7e-m+fp/hard\libc_nano.a(libc_a-memset.o)
 .debug_aranges
                0x00001540       0x20 C:/msys64/mingw64/bin/../lib/gcc/arm-none-eabi/13.3.0/../../../../arm-none-eabi/lib/thumb/v7e-m+fp/hard\libc_nano.a(libc_a-reent.o)
 .debug_aranges
                0x00001560       0x18 C:/msys64/mingw64/bin/../lib/gcc/arm-none-eabi/13.3.0/../../../../arm-none-eabi/lib/thumb/v7e-m+fp/hard\libc_nano.a(libc_a-impure.o)
 .debug_aranges
                0x00001578       0x20 C:/msys64/mingw64/bin/../lib/gcc/arm-none-eabi/13.3.0/../../../../arm-none-eabi/lib/thumb/v7e-m+fp/hard\libc_nano.a(libc_a-sbrkr.o)
 .debug_aranges
                0x00001598       0x20 C:/msys64/mingw64/bin/../lib/gcc/arm-none-eabi/13.3.0/../../../../arm-none-eabi/lib/thumb/v7e-m+fp/hard\libc_nano.a(libc_a-errno.o)
 .debug_aranges
                0x000015b8       0x20 C:/msys64/mingw64/bin/../lib/gcc/arm-none-eabi/13.3.0/../../../../arm-none-eabi/lib/thumb/v7e-m+fp/hard\libc_nano.a(libc_a-init.o)
 .debug_aranges
                0x000015d8       0x20 C:/msys64/mingw64/bin/../lib/gcc/arm-none-eabi/13.3.0/../../../../arm-none-eabi/lib/thumb/v7e-m+fp/hard\libc_nano.a(libc_a-lock.o)
 .debug_aranges
                0x000015f8       0x20 C:/msys64/mingw64/bin/../lib/gcc/arm-none-eabi/13.3.0/../../../../arm-none-eabi/lib/thumb/v7e-m+fp/hard\libc_nano.a(libc_a-strlen.o)
 .debug_aranges
                0x00001618       0x20 C:/msys64/mingw64/bin/../lib/gcc/arm-none-eabi/13.3.0/../../../../arm-none-eabi/lib/thumb/v7e-m+fp/hard\libc_nano.a(libc_a-freer.o)
 .debug_aranges
                0x00001638       0x20 C:/msys64/mingw64/bin/../lib/gcc/arm-none-eabi/13.3.0/thumb/v7e-m+fp/hard\libgcc.a(_aeabi_uldivmod.o)
 .debug_aranges
                0x00001658       0x20 C:/msys64/mingw64/bin/../lib/gcc/arm-none-eabi/13.3.0/thumb/v7e-m+fp/hard\libgcc.a(_udivmoddi4.o)
 .debug_aranges
                0x00001678       0x20 C:/msys64/mingw64/bin/../lib/gcc/arm-none-eabi/13.3.0/thumb/v7e-m+fp/hard\libgcc.a(_dvmd_tls.o)

.debug_ranges   0x00000000     0x1390
 .debug_ranges  0x00000000      0x140 build/main.o
 .debug_ranges  0x00000140       0x60 build/stm32f4xx_it.o
 .debug_ranges  0x000001a0       0x50 build/stm32f4xx_hal_msp.o
 .debug_ranges  0x000001f0       0x20 build/usb_host.o
 .debug_ranges  0x00000210       0xd0 build/usbh_conf.o
 .debug_ranges  0x000002e0       0x10 build/usbh_platform.o
 .debug_ranges  0x000002f0       0xf8 build/stm32f4xx_hal_hcd.o
 .debug_ranges  0x000003e8      0x190 build/stm32f4xx_ll_usb.o
 .debug_ranges  0x00000578       0x90 build/stm32f4xx_hal_rcc.o
 .debug_ranges  0x00000608       0x38 build/stm32f4xx_hal_rcc_ex.o
 .debug_ranges  0x00000640       0x48 build/stm32f4xx_hal_gpio.o
 .debug_ranges  0x00000688       0x80 build/stm32f4xx_hal_dma.o
 .debug_ranges  0x00000708       0xe8 build/stm32f4xx_hal_cortex.o
 .debug_ranges  0x000007f0       0xe0 build/stm32f4xx_hal.o
 .debug_ranges  0x000008d0      0x2b0 build/stm32f4xx_hal_i2c.o
 .debug_ranges  0x00000b80      0x128 build/stm32f4xx_hal_i2s.o
 .debug_ranges  0x00000ca8       0x90 build/stm32f4xx_hal_i2s_ex.o
 .debug_ranges  0x00000d38      0x1c0 build/stm32f4xx_hal_spi.o
 .debug_ranges  0x00000ef8      0x1f8 build/stm32f4xx_hal_uart.o
 .debug_ranges  0x000010f0       0x18 build/system_stm32f4xx.o
 .debug_ranges  0x00001108       0xb0 build/usbh_core.o
 .debug_ranges  0x000011b8       0x90 build/usbh_ctlreq.o
 .debug_ranges  0x00001248       0x50 build/usbh_ioreq.o
 .debug_ranges  0x00001298       0x30 build/usbh_pipes.o
 .debug_ranges  0x000012c8       0x98 build/usbh_cdc.o
 .debug_ranges  0x00001360       0x10 build/sysmem.o
 .debug_ranges  0x00001370       0x20 build/startup_stm32f407xx.o

.debug_line     0x00000000    0x1a6d3
 .debug_line    0x00000000      0xf5a build/main.o
 .debug_line    0x00000f5a      0x29a build/stm32f4xx_it.o
 .debug_line    0x000011f4      0x532 build/stm32f4xx_hal_msp.o
 .debug_line    0x00001726      0x1fe build/usb_host.o
 .debug_line    0x00001924      0x6bc build/usbh_conf.o
 .debug_line    0x00001fe0      0x159 build/usbh_platform.o
 .debug_line    0x00002139     0x1439 build/stm32f4xx_hal_hcd.o
 .debug_line    0x00003572     0x1f2d build/stm32f4xx_ll_usb.o
 .debug_line    0x0000549f      0xb80 build/stm32f4xx_hal_rcc.o
 .debug_line    0x0000601f      0x608 build/stm32f4xx_hal_rcc_ex.o
 .debug_line    0x00006627      0x6b7 build/stm32f4xx_hal_gpio.o
 .debug_line    0x00006cde      0xdf5 build/stm32f4xx_hal_dma.o
 .debug_line    0x00007ad3      0x7ec build/stm32f4xx_hal_cortex.o
 .debug_line    0x000082bf      0x529 build/stm32f4xx_hal.o
 .debug_line    0x000087e8     0x542d build/stm32f4xx_hal_i2c.o
 .debug_line    0x0000dc15     0x13aa build/stm32f4xx_hal_i2s.o
 .debug_line    0x0000efbf      0xfc5 build/stm32f4xx_hal_i2s_ex.o
 .debug_line    0x0000ff84     0x2433 build/stm32f4xx_hal_spi.o
 .debug_line    0x000123b7     0x34d2 build/stm32f4xx_hal_uart.o
 .debug_line    0x00015889      0x210 build/system_stm32f4xx.o
 .debug_line    0x00015a99      0xe18 build/usbh_core.o
 .debug_line    0x000168b1      0xced build/usbh_ctlreq.o
 .debug_line    0x0001759e      0x29b build/usbh_ioreq.o
 .debug_line    0x00017839      0x225 build/usbh_pipes.o
 .debug_line    0x00017a5e      0xa0d build/usbh_cdc.o
 .debug_line    0x0001846b      0x163 build/sysmem.o
 .debug_line    0x000185ce       0x73 build/startup_stm32f407xx.o
 .debug_line    0x00018641      0x175 C:/msys64/mingw64/bin/../lib/gcc/arm-none-eabi/13.3.0/../../../../arm-none-eabi/lib/thumb/v7e-m+fp/hard\libc_nano.a(libc_a-malloc.o)
 .debug_line    0x000187b6      0x446 C:/msys64/mingw64/bin/../lib/gcc/arm-none-eabi/13.3.0/../../../../arm-none-eabi/lib/thumb/v7e-m+fp/hard\libc_nano.a(libc_a-mallocr.o)
 .debug_line    0x00018bfc      0x162 C:/msys64/mingw64/bin/../lib/gcc/arm-none-eabi/13.3.0/../../../../arm-none-eabi/lib/thumb/v7e-m+fp/hard\libc_nano.a(libc_a-mlock.o)
 .debug_line    0x00018d5e      0x66d C:/msys64/mingw64/bin/../lib/gcc/arm-none-eabi/13.3.0/../../../../arm-none-eabi/lib/thumb/v7e-m+fp/hard\libc_nano.a(libc_a-findfp.o)
 .debug_line    0x000193cb      0x1ca C:/msys64/mingw64/bin/../lib/gcc/arm-none-eabi/13.3.0/../../../../arm-none-eabi/lib/thumb/v7e-m+fp/hard\libc_nano.a(libc_a-memset.o)
 .debug_line    0x00019595      0x285 C:/msys64/mingw64/bin/../lib/gcc/arm-none-eabi/13.3.0/../../../../arm-none-eabi/lib/thumb/v7e-m+fp/hard\libc_nano.a(libc_a-reent.o)
 .debug_line    0x0001981a       0xfb C:/msys64/mingw64/bin/../lib/gcc/arm-none-eabi/13.3.0/../../../../arm-none-eabi/lib/thumb/v7e-m+fp/hard\libc_nano.a(libc_a-impure.o)
 .debug_line    0x00019915      0x19d C:/msys64/mingw64/bin/../lib/gcc/arm-none-eabi/13.3.0/../../../../arm-none-eabi/lib/thumb/v7e-m+fp/hard\libc_nano.a(libc_a-sbrkr.o)
 .debug_line    0x00019ab2      0x120 C:/msys64/mingw64/bin/../lib/gcc/arm-none-eabi/13.3.0/../../../../arm-none-eabi/lib/thumb/v7e-m+fp/hard\libc_nano.a(libc_a-errno.o)
 .debug_line    0x00019bd2      0x13c C:/msys64/mingw64/bin/../lib/gcc/arm-none-eabi/13.3.0/../../../../arm-none-eabi/lib/thumb/v7e-m+fp/hard\libc_nano.a(libc_a-init.o)
 .debug_line    0x00019d0e       0xd7 C:/msys64/mingw64/bin/../lib/gcc/arm-none-eabi/13.3.0/../../../../arm-none-eabi/lib/thumb/v7e-m+fp/hard\libc_nano.a(libc_a-lock.o)
 .debug_line    0x00019de5       0x86 C:/msys64/mingw64/bin/../lib/gcc/arm-none-eabi/13.3.0/../../../../arm-none-eabi/lib/thumb/v7e-m+fp/hard\libc_nano.a(libc_a-strlen.o)
 .debug_line    0x00019e6b      0x2cd C:/msys64/mingw64/bin/../lib/gcc/arm-none-eabi/13.3.0/../../../../arm-none-eabi/lib/thumb/v7e-m+fp/hard\libc_nano.a(libc_a-freer.o)
 .debug_line    0x0001a138       0x4e C:/msys64/mingw64/bin/../lib/gcc/arm-none-eabi/13.3.0/thumb/v7e-m+fp/hard\libgcc.a(_aeabi_uldivmod.o)
 .debug_line    0x0001a186      0x503 C:/msys64/mingw64/bin/../lib/gcc/arm-none-eabi/13.3.0/thumb/v7e-m+fp/hard\libgcc.a(_udivmoddi4.o)
 .debug_line    0x0001a689       0x4a C:/msys64/mingw64/bin/../lib/gcc/arm-none-eabi/13.3.0/thumb/v7e-m+fp/hard\libgcc.a(_dvmd_tls.o)

.debug_str      0x00000000     0x78c2
 .debug_str     0x00000000     0x78c2 build/main.o
                               0x1485 (size before relaxing)
 .debug_str     0x000078c2        0x0 build/stm32f4xx_it.o
                                0xaeb (size before relaxing)
 .debug_str     0x000078c2        0x0 build/stm32f4xx_hal_msp.o
                               0x138b (size before relaxing)
 .debug_str     0x000078c2        0x0 build/usb_host.o
                                0xa83 (size before relaxing)
 .debug_str     0x000078c2        0x0 build/usbh_conf.o
                               0x19a2 (size before relaxing)
 .debug_str     0x000078c2        0x0 build/usbh_platform.o
                                0x221 (size before relaxing)
 .debug_str     0x000078c2        0x0 build/stm32f4xx_hal_hcd.o
                                0xc20 (size before relaxing)
 .debug_str     0x000078c2        0x0 build/stm32f4xx_ll_usb.o
                                0xcf1 (size before relaxing)
 .debug_str     0x000078c2        0x0 build/stm32f4xx_hal_rcc.o
                                0x6c9 (size before relaxing)
 .debug_str     0x000078c2        0x0 build/stm32f4xx_hal_rcc_ex.o
                                0x48a (size before relaxing)
 .debug_str     0x000078c2        0x0 build/stm32f4xx_hal_gpio.o
                                0x4a3 (size before relaxing)
 .debug_str     0x000078c2        0x0 build/stm32f4xx_hal_dma.o
                                0x739 (size before relaxing)
 .debug_str     0x000078c2        0x0 build/stm32f4xx_hal_cortex.o
                                0xc38 (size before relaxing)
 .debug_str     0x000078c2        0x0 build/stm32f4xx_hal.o
                                0xb27 (size before relaxing)
 .debug_str     0x000078c2        0x0 build/stm32f4xx_hal_i2c.o
                               0x1000 (size before relaxing)
 .debug_str     0x000078c2        0x0 build/stm32f4xx_hal_i2s.o
                                0x913 (size before relaxing)
 .debug_str     0x000078c2        0x0 build/stm32f4xx_hal_i2s_ex.o
                                0x82b (size before relaxing)
 .debug_str     0x000078c2        0x0 build/stm32f4xx_hal_spi.o
                                0xbb7 (size before relaxing)
 .debug_str     0x000078c2        0x0 build/stm32f4xx_hal_uart.o
                                0xd5e (size before relaxing)
 .debug_str     0x000078c2        0x0 build/system_stm32f4xx.o
                                0x338 (size before relaxing)
 .debug_str     0x000078c2        0x0 build/usbh_core.o
                                0xcde (size before relaxing)
 .debug_str     0x000078c2        0x0 build/usbh_ctlreq.o
                                0xcc3 (size before relaxing)
 .debug_str     0x000078c2        0x0 build/usbh_ioreq.o
                                0xab6 (size before relaxing)
 .debug_str     0x000078c2        0x0 build/usbh_pipes.o
                                0xa4c (size before relaxing)
 .debug_str     0x000078c2        0x0 build/usbh_cdc.o
                               0x1142 (size before relaxing)
 .debug_str     0x000078c2        0x0 build/sysmem.o
                                0x1e8 (size before relaxing)
 .debug_str     0x000078c2        0x0 build/startup_stm32f407xx.o
                                 0x4e (size before relaxing)
 .debug_str     0x000078c2        0x0 C:/msys64/mingw64/bin/../lib/gcc/arm-none-eabi/13.3.0/../../../../arm-none-eabi/lib/thumb/v7e-m+fp/hard\libc_nano.a(libc_a-malloc.o)
                                0x4cc (size before relaxing)
 .debug_str     0x000078c2        0x0 C:/msys64/mingw64/bin/../lib/gcc/arm-none-eabi/13.3.0/../../../../arm-none-eabi/lib/thumb/v7e-m+fp/hard\libc_nano.a(libc_a-mallocr.o)
                                0x588 (size before relaxing)
 .debug_str     0x000078c2        0x0 C:/msys64/mingw64/bin/../lib/gcc/arm-none-eabi/13.3.0/../../../../arm-none-eabi/lib/thumb/v7e-m+fp/hard\libc_nano.a(libc_a-mlock.o)
                                0x529 (size before relaxing)
 .debug_str     0x000078c2        0x0 C:/msys64/mingw64/bin/../lib/gcc/arm-none-eabi/13.3.0/../../../../arm-none-eabi/lib/thumb/v7e-m+fp/hard\libc_nano.a(libc_a-findfp.o)
                                0x72a (size before relaxing)
 .debug_str     0x000078c2        0x0 C:/msys64/mingw64/bin/../lib/gcc/arm-none-eabi/13.3.0/../../../../arm-none-eabi/lib/thumb/v7e-m+fp/hard\libc_nano.a(libc_a-memset.o)
                                0x19b (size before relaxing)
 .debug_str     0x000078c2        0x0 C:/msys64/mingw64/bin/../lib/gcc/arm-none-eabi/13.3.0/../../../../arm-none-eabi/lib/thumb/v7e-m+fp/hard\libc_nano.a(libc_a-reent.o)
                                0x4c6 (size before relaxing)
 .debug_str     0x000078c2        0x0 C:/msys64/mingw64/bin/../lib/gcc/arm-none-eabi/13.3.0/../../../../arm-none-eabi/lib/thumb/v7e-m+fp/hard\libc_nano.a(libc_a-impure.o)
                                0x4a7 (size before relaxing)
 .debug_str     0x000078c2        0x0 C:/msys64/mingw64/bin/../lib/gcc/arm-none-eabi/13.3.0/../../../../arm-none-eabi/lib/thumb/v7e-m+fp/hard\libc_nano.a(libc_a-sbrkr.o)
                                0x4b0 (size before relaxing)
 .debug_str     0x000078c2        0x0 C:/msys64/mingw64/bin/../lib/gcc/arm-none-eabi/13.3.0/../../../../arm-none-eabi/lib/thumb/v7e-m+fp/hard\libc_nano.a(libc_a-errno.o)
                                0x4a1 (size before relaxing)
 .debug_str     0x000078c2        0x0 C:/msys64/mingw64/bin/../lib/gcc/arm-none-eabi/13.3.0/../../../../arm-none-eabi/lib/thumb/v7e-m+fp/hard\libc_nano.a(libc_a-init.o)
                                0x1e8 (size before relaxing)
 .debug_str     0x000078c2        0x0 C:/msys64/mingw64/bin/../lib/gcc/arm-none-eabi/13.3.0/../../../../arm-none-eabi/lib/thumb/v7e-m+fp/hard\libc_nano.a(libc_a-lock.o)
                                0x31e (size before relaxing)
 .debug_str     0x000078c2        0x0 C:/msys64/mingw64/bin/../lib/gcc/arm-none-eabi/13.3.0/../../../../arm-none-eabi/lib/thumb/v7e-m+fp/hard\libc_nano.a(libc_a-strlen.o)
                                 0xa2 (size before relaxing)
 .debug_str     0x000078c2        0x0 C:/msys64/mingw64/bin/../lib/gcc/arm-none-eabi/13.3.0/../../../../arm-none-eabi/lib/thumb/v7e-m+fp/hard\libc_nano.a(libc_a-freer.o)
                                0x527 (size before relaxing)
 .debug_str     0x000078c2        0x0 C:/msys64/mingw64/bin/../lib/gcc/arm-none-eabi/13.3.0/thumb/v7e-m+fp/hard\libgcc.a(_aeabi_uldivmod.o)
                                 0x7e (size before relaxing)
 .debug_str     0x000078c2        0x0 C:/msys64/mingw64/bin/../lib/gcc/arm-none-eabi/13.3.0/thumb/v7e-m+fp/hard\libgcc.a(_udivmoddi4.o)
                                0x696 (size before relaxing)
 .debug_str     0x000078c2        0x0 C:/msys64/mingw64/bin/../lib/gcc/arm-none-eabi/13.3.0/thumb/v7e-m+fp/hard\libgcc.a(_dvmd_tls.o)
                                 0x9e (size before relaxing)

.debug_frame    0x00000000     0x3de8
 .debug_frame   0x00000000      0x368 build/main.o
 .debug_frame   0x00000368       0xd8 build/stm32f4xx_it.o
 .debug_frame   0x00000440      0x114 build/stm32f4xx_hal_msp.o
 .debug_frame   0x00000554       0x50 build/usb_host.o
 .debug_frame   0x000005a4      0x254 build/usbh_conf.o
 .debug_frame   0x000007f8       0x28 build/usbh_platform.o
 .debug_frame   0x00000820      0x2dc build/stm32f4xx_hal_hcd.o
 .debug_frame   0x00000afc      0x494 build/stm32f4xx_ll_usb.o
 .debug_frame   0x00000f90      0x16c build/stm32f4xx_hal_rcc.o
 .debug_frame   0x000010fc       0xa4 build/stm32f4xx_hal_rcc_ex.o
 .debug_frame   0x000011a0       0xd8 build/stm32f4xx_hal_gpio.o
 .debug_frame   0x00001278      0x188 build/stm32f4xx_hal_dma.o
 .debug_frame   0x00001400      0x214 build/stm32f4xx_hal_cortex.o
 .debug_frame   0x00001614      0x1ec build/stm32f4xx_hal.o
 .debug_frame   0x00001800      0x988 build/stm32f4xx_hal_i2c.o
 .debug_frame   0x00002188      0x334 build/stm32f4xx_hal_i2s.o
 .debug_frame   0x000024bc      0x184 build/stm32f4xx_hal_i2s_ex.o
 .debug_frame   0x00002640      0x5d0 build/stm32f4xx_hal_spi.o
 .debug_frame   0x00002c10      0x5e0 build/stm32f4xx_hal_uart.o
 .debug_frame   0x000031f0       0x30 build/system_stm32f4xx.o
 .debug_frame   0x00003220      0x1f4 build/usbh_core.o
 .debug_frame   0x00003414      0x1e0 build/usbh_ctlreq.o
 .debug_frame   0x000035f4      0x130 build/usbh_ioreq.o
 .debug_frame   0x00003724       0x84 build/usbh_pipes.o
 .debug_frame   0x000037a8      0x1b0 build/usbh_cdc.o
 .debug_frame   0x00003958       0x28 build/sysmem.o
 .debug_frame   0x00003980       0x30 C:/msys64/mingw64/bin/../lib/gcc/arm-none-eabi/13.3.0/../../../../arm-none-eabi/lib/thumb/v7e-m+fp/hard\libc_nano.a(libc_a-malloc.o)
 .debug_frame   0x000039b0       0x50 C:/msys64/mingw64/bin/../lib/gcc/arm-none-eabi/13.3.0/../../../../arm-none-eabi/lib/thumb/v7e-m+fp/hard\libc_nano.a(libc_a-mallocr.o)
 .debug_frame   0x00003a00       0x30 C:/msys64/mingw64/bin/../lib/gcc/arm-none-eabi/13.3.0/../../../../arm-none-eabi/lib/thumb/v7e-m+fp/hard\libc_nano.a(libc_a-mlock.o)
 .debug_frame   0x00003a30      0x13c C:/msys64/mingw64/bin/../lib/gcc/arm-none-eabi/13.3.0/../../../../arm-none-eabi/lib/thumb/v7e-m+fp/hard\libc_nano.a(libc_a-findfp.o)
 .debug_frame   0x00003b6c       0x2c C:/msys64/mingw64/bin/../lib/gcc/arm-none-eabi/13.3.0/../../../../arm-none-eabi/lib/thumb/v7e-m+fp/hard\libc_nano.a(libc_a-memset.o)
 .debug_frame   0x00003b98       0x40 C:/msys64/mingw64/bin/../lib/gcc/arm-none-eabi/13.3.0/../../../../arm-none-eabi/lib/thumb/v7e-m+fp/hard\libc_nano.a(libc_a-reent.o)