ARM GAS  C:\Users\user\AppData\Local\Temp\ccbDLEFn.s 			page 1


   1              		.cpu cortex-m4
   2              		.arch armv7e-m
   3              		.fpu fpv4-sp-d16
   4              		.eabi_attribute 27, 1
   5              		.eabi_attribute 28, 1
   6              		.eabi_attribute 20, 1
   7              		.eabi_attribute 21, 1
   8              		.eabi_attribute 23, 3
   9              		.eabi_attribute 24, 1
  10              		.eabi_attribute 25, 1
  11              		.eabi_attribute 26, 1
  12              		.eabi_attribute 30, 1
  13              		.eabi_attribute 34, 1
  14              		.eabi_attribute 18, 4
  15              		.file	"ili9341.c"
  16              		.text
  17              	.Ltext0:
  18              		.cfi_sections	.debug_frame
  19              		.file 1 "Core/Src/ili9341.c"
  20              		.section	.text.LCD_Reset,"ax",%progbits
  21              		.align	1
  22              		.syntax unified
  23              		.thumb
  24              		.thumb_func
  26              	LCD_Reset:
  27              	.LFB138:
   1:Core/Src/ili9341.c **** #include "ili9341.h"
   2:Core/Src/ili9341.c **** 
   3:Core/Src/ili9341.c **** #include "spi.h"
   4:Core/Src/ili9341.c **** 
   5:Core/Src/ili9341.c **** /*
   6:Core/Src/ili9341.c ****  * STM32F407G-DISC1 -> ILI9341 wiring
   7:Core/Src/ili9341.c ****  * PB13 -> SCK
   8:Core/Src/ili9341.c ****  * PB15 -> SDI/MOSI
   9:Core/Src/ili9341.c ****  * PB12 -> CS
  10:Core/Src/ili9341.c ****  * PC4  -> DC/RS
  11:Core/Src/ili9341.c ****  * PC5  -> RST
  12:Core/Src/ili9341.c ****  *
  13:Core/Src/ili9341.c ****  * SPI2 must be configured as:
  14:Core/Src/ili9341.c ****  * CPOL = High, CPHA = 2 Edge (SPI Mode 3)
  15:Core/Src/ili9341.c ****  * 8-bit, MSB first, software NSS.
  16:Core/Src/ili9341.c ****  */
  17:Core/Src/ili9341.c **** 
  18:Core/Src/ili9341.c **** #define LCD_CS_LOW()   HAL_GPIO_WritePin(GPIOB, GPIO_PIN_12, GPIO_PIN_RESET)
  19:Core/Src/ili9341.c **** #define LCD_CS_HIGH()  HAL_GPIO_WritePin(GPIOB, GPIO_PIN_12, GPIO_PIN_SET)
  20:Core/Src/ili9341.c **** 
  21:Core/Src/ili9341.c **** #define LCD_DC_CMD()   HAL_GPIO_WritePin(GPIOC, GPIO_PIN_4, GPIO_PIN_RESET)
  22:Core/Src/ili9341.c **** #define LCD_DC_DATA()  HAL_GPIO_WritePin(GPIOC, GPIO_PIN_4, GPIO_PIN_SET)
  23:Core/Src/ili9341.c **** 
  24:Core/Src/ili9341.c **** #define LCD_RST_LOW()  HAL_GPIO_WritePin(GPIOC, GPIO_PIN_5, GPIO_PIN_RESET)
  25:Core/Src/ili9341.c **** #define LCD_RST_HIGH() HAL_GPIO_WritePin(GPIOC, GPIO_PIN_5, GPIO_PIN_SET)
  26:Core/Src/ili9341.c **** 
  27:Core/Src/ili9341.c **** //#define LCD_SDI_LOW()  HAL_GPIO_WritePin(GPIOB, GPIO_PIN_15, GPIO_PIN_RESET)
  28:Core/Src/ili9341.c **** //#define LCD_SDI_HIGH() HAL_GPIO_WritePin(GPIOB, GPIO_PIN_15, GPIO_PIN_SET)
  29:Core/Src/ili9341.c **** 
  30:Core/Src/ili9341.c **** 
  31:Core/Src/ili9341.c **** static void LCD_Transmit(const uint8_t *data, uint16_t size)
ARM GAS  C:\Users\user\AppData\Local\Temp\ccbDLEFn.s 			page 2


  32:Core/Src/ili9341.c **** {
  33:Core/Src/ili9341.c ****     if ((data == NULL) || (size == 0U))
  34:Core/Src/ili9341.c ****     {
  35:Core/Src/ili9341.c ****         return;
  36:Core/Src/ili9341.c ****     }
  37:Core/Src/ili9341.c **** 
  38:Core/Src/ili9341.c ****     if (HAL_SPI_Transmit(&hspi2, (uint8_t *)data, size, 1000U) != HAL_OK)
  39:Core/Src/ili9341.c ****     {
  40:Core/Src/ili9341.c ****         Error_Handler();
  41:Core/Src/ili9341.c ****     }
  42:Core/Src/ili9341.c **** 
  43:Core/Src/ili9341.c ****     while (__HAL_SPI_GET_FLAG(&hspi2, SPI_FLAG_BSY) != RESET)
  44:Core/Src/ili9341.c ****     {
  45:Core/Src/ili9341.c ****         /* Wait until the last bit has physically left the SPI peripheral. */
  46:Core/Src/ili9341.c ****     }
  47:Core/Src/ili9341.c **** }
  48:Core/Src/ili9341.c **** 
  49:Core/Src/ili9341.c **** 
  50:Core/Src/ili9341.c **** /*
  51:Core/Src/ili9341.c ****  * Match the referenced STM32 example:
  52:Core/Src/ili9341.c ****  * every command byte has its own CS-low / CS-high transaction.
  53:Core/Src/ili9341.c ****  */
  54:Core/Src/ili9341.c **** static void LCD_WriteIndex(uint8_t command)
  55:Core/Src/ili9341.c **** {
  56:Core/Src/ili9341.c ****     LCD_CS_LOW();
  57:Core/Src/ili9341.c ****     LCD_DC_CMD();
  58:Core/Src/ili9341.c **** 
  59:Core/Src/ili9341.c ****     LCD_Transmit(&command, 1U);
  60:Core/Src/ili9341.c **** 
  61:Core/Src/ili9341.c ****     LCD_CS_HIGH();
  62:Core/Src/ili9341.c **** }
  63:Core/Src/ili9341.c **** 
  64:Core/Src/ili9341.c **** 
  65:Core/Src/ili9341.c **** /*
  66:Core/Src/ili9341.c ****  * Match the referenced STM32 example:
  67:Core/Src/ili9341.c ****  * every parameter byte has its own CS-low / CS-high transaction.
  68:Core/Src/ili9341.c ****  */
  69:Core/Src/ili9341.c **** static void LCD_WriteData8(uint8_t data)
  70:Core/Src/ili9341.c **** {
  71:Core/Src/ili9341.c ****     LCD_CS_LOW();
  72:Core/Src/ili9341.c ****     LCD_DC_DATA();
  73:Core/Src/ili9341.c **** 
  74:Core/Src/ili9341.c ****     LCD_Transmit(&data, 1U);
  75:Core/Src/ili9341.c **** 
  76:Core/Src/ili9341.c ****     LCD_CS_HIGH();
  77:Core/Src/ili9341.c **** }
  78:Core/Src/ili9341.c **** 
  79:Core/Src/ili9341.c **** 
  80:Core/Src/ili9341.c **** static void LCD_WriteData16(uint16_t data)
  81:Core/Src/ili9341.c **** {
  82:Core/Src/ili9341.c ****     uint8_t bytes[2];
  83:Core/Src/ili9341.c **** 
  84:Core/Src/ili9341.c ****     bytes[0] = (uint8_t)(data >> 8);
  85:Core/Src/ili9341.c ****     bytes[1] = (uint8_t)(data & 0xFFU);
  86:Core/Src/ili9341.c **** 
  87:Core/Src/ili9341.c ****     LCD_CS_LOW();
  88:Core/Src/ili9341.c ****     LCD_DC_DATA();
ARM GAS  C:\Users\user\AppData\Local\Temp\ccbDLEFn.s 			page 3


  89:Core/Src/ili9341.c **** 
  90:Core/Src/ili9341.c ****     LCD_Transmit(bytes, 2U);
  91:Core/Src/ili9341.c **** 
  92:Core/Src/ili9341.c ****     LCD_CS_HIGH();
  93:Core/Src/ili9341.c **** }
  94:Core/Src/ili9341.c **** 
  95:Core/Src/ili9341.c **** 
  96:Core/Src/ili9341.c **** static void LCD_Reset(void)
  97:Core/Src/ili9341.c **** {
  28              		.loc 1 97 1 view -0
  29              		.cfi_startproc
  30              		@ args = 0, pretend = 0, frame = 0
  31              		@ frame_needed = 0, uses_anonymous_args = 0
  32 0000 10B5     		push	{r4, lr}
  33              	.LCFI0:
  34              		.cfi_def_cfa_offset 8
  35              		.cfi_offset 4, -8
  36              		.cfi_offset 14, -4
  98:Core/Src/ili9341.c ****     LCD_CS_HIGH();
  37              		.loc 1 98 5 view .LVU1
  38 0002 0122     		movs	r2, #1
  39 0004 4FF48051 		mov	r1, #4096
  40 0008 0D48     		ldr	r0, .L3
  41 000a FFF7FEFF 		bl	HAL_GPIO_WritePin
  42              	.LVL0:
  99:Core/Src/ili9341.c ****     LCD_DC_DATA();
  43              		.loc 1 99 5 view .LVU2
  44 000e 0D4C     		ldr	r4, .L3+4
  45 0010 0122     		movs	r2, #1
  46 0012 1021     		movs	r1, #16
  47 0014 2046     		mov	r0, r4
  48 0016 FFF7FEFF 		bl	HAL_GPIO_WritePin
  49              	.LVL1:
 100:Core/Src/ili9341.c **** 
 101:Core/Src/ili9341.c ****     LCD_RST_LOW();
  50              		.loc 1 101 5 view .LVU3
  51 001a 0022     		movs	r2, #0
  52 001c 2021     		movs	r1, #32
  53 001e 2046     		mov	r0, r4
  54 0020 FFF7FEFF 		bl	HAL_GPIO_WritePin
  55              	.LVL2:
 102:Core/Src/ili9341.c ****     HAL_Delay(100U);
  56              		.loc 1 102 5 view .LVU4
  57 0024 6420     		movs	r0, #100
  58 0026 FFF7FEFF 		bl	HAL_Delay
  59              	.LVL3:
 103:Core/Src/ili9341.c **** 
 104:Core/Src/ili9341.c ****     LCD_RST_HIGH();
  60              		.loc 1 104 5 view .LVU5
  61 002a 0122     		movs	r2, #1
  62 002c 2021     		movs	r1, #32
  63 002e 2046     		mov	r0, r4
  64 0030 FFF7FEFF 		bl	HAL_GPIO_WritePin
  65              	.LVL4:
 105:Core/Src/ili9341.c ****     HAL_Delay(300U);
  66              		.loc 1 105 5 view .LVU6
  67 0034 4FF49670 		mov	r0, #300
ARM GAS  C:\Users\user\AppData\Local\Temp\ccbDLEFn.s 			page 4


  68 0038 FFF7FEFF 		bl	HAL_Delay
  69              	.LVL5:
 106:Core/Src/ili9341.c **** }
  70              		.loc 1 106 1 is_stmt 0 view .LVU7
  71 003c 10BD     		pop	{r4, pc}
  72              	.L4:
  73 003e 00BF     		.align	2
  74              	.L3:
  75 0040 00040240 		.word	1073873920
  76 0044 00080240 		.word	1073874944
  77              		.cfi_endproc
  78              	.LFE138:
  80              		.section	.text.LCD_Transmit,"ax",%progbits
  81              		.align	1
  82              		.syntax unified
  83              		.thumb
  84              		.thumb_func
  86              	LCD_Transmit:
  87              	.LVL6:
  88              	.LFB134:
  32:Core/Src/ili9341.c ****     if ((data == NULL) || (size == 0U))
  89              		.loc 1 32 1 is_stmt 1 view -0
  90              		.cfi_startproc
  91              		@ args = 0, pretend = 0, frame = 0
  92              		@ frame_needed = 0, uses_anonymous_args = 0
  33:Core/Src/ili9341.c ****     {
  93              		.loc 1 33 5 view .LVU9
  33:Core/Src/ili9341.c ****     {
  94              		.loc 1 33 8 is_stmt 0 view .LVU10
  95 0000 10B1     		cbz	r0, .L10
  96 0002 0A46     		mov	r2, r1
  97 0004 0146     		mov	r1, r0
  98              	.LVL7:
  33:Core/Src/ili9341.c ****     {
  99              		.loc 1 33 24 discriminator 1 view .LVU11
 100 0006 02B9     		cbnz	r2, .L13
 101              	.LVL8:
 102              	.L10:
  33:Core/Src/ili9341.c ****     {
 103              		.loc 1 33 24 discriminator 1 view .LVU12
 104 0008 7047     		bx	lr
 105              	.L13:
  32:Core/Src/ili9341.c ****     if ((data == NULL) || (size == 0U))
 106              		.loc 1 32 1 view .LVU13
 107 000a 08B5     		push	{r3, lr}
 108              	.LCFI1:
 109              		.cfi_def_cfa_offset 8
 110              		.cfi_offset 3, -8
 111              		.cfi_offset 14, -4
  38:Core/Src/ili9341.c ****     {
 112              		.loc 1 38 5 is_stmt 1 view .LVU14
  38:Core/Src/ili9341.c ****     {
 113              		.loc 1 38 9 is_stmt 0 view .LVU15
 114 000c 4FF47A73 		mov	r3, #1000
 115 0010 0648     		ldr	r0, .L15
 116              	.LVL9:
  38:Core/Src/ili9341.c ****     {
ARM GAS  C:\Users\user\AppData\Local\Temp\ccbDLEFn.s 			page 5


 117              		.loc 1 38 9 view .LVU16
 118 0012 FFF7FEFF 		bl	HAL_SPI_Transmit
 119              	.LVL10:
  38:Core/Src/ili9341.c ****     {
 120              		.loc 1 38 8 discriminator 1 view .LVU17
 121 0016 30B9     		cbnz	r0, .L14
 122              	.L8:
  46:Core/Src/ili9341.c **** }
 123              		.loc 1 46 5 is_stmt 1 view .LVU18
  43:Core/Src/ili9341.c ****     {
 124              		.loc 1 43 53 discriminator 1 view .LVU19
  43:Core/Src/ili9341.c ****     {
 125              		.loc 1 43 12 is_stmt 0 discriminator 1 view .LVU20
 126 0018 044B     		ldr	r3, .L15
 127 001a 1B68     		ldr	r3, [r3]
 128 001c 9B68     		ldr	r3, [r3, #8]
  43:Core/Src/ili9341.c ****     {
 129              		.loc 1 43 53 discriminator 1 view .LVU21
 130 001e 13F0800F 		tst	r3, #128
 131 0022 F9D1     		bne	.L8
  47:Core/Src/ili9341.c **** 
 132              		.loc 1 47 1 view .LVU22
 133 0024 08BD     		pop	{r3, pc}
 134              	.L14:
  40:Core/Src/ili9341.c ****     }
 135              		.loc 1 40 9 is_stmt 1 view .LVU23
 136 0026 FFF7FEFF 		bl	Error_Handler
 137              	.LVL11:
 138 002a F5E7     		b	.L8
 139              	.L16:
 140              		.align	2
 141              	.L15:
 142 002c 00000000 		.word	hspi2
 143              		.cfi_endproc
 144              	.LFE134:
 146              		.section	.text.LCD_WriteData8,"ax",%progbits
 147              		.align	1
 148              		.syntax unified
 149              		.thumb
 150              		.thumb_func
 152              	LCD_WriteData8:
 153              	.LVL12:
 154              	.LFB136:
  70:Core/Src/ili9341.c ****     LCD_CS_LOW();
 155              		.loc 1 70 1 view -0
 156              		.cfi_startproc
 157              		@ args = 0, pretend = 0, frame = 8
 158              		@ frame_needed = 0, uses_anonymous_args = 0
  70:Core/Src/ili9341.c ****     LCD_CS_LOW();
 159              		.loc 1 70 1 is_stmt 0 view .LVU25
 160 0000 10B5     		push	{r4, lr}
 161              	.LCFI2:
 162              		.cfi_def_cfa_offset 8
 163              		.cfi_offset 4, -8
 164              		.cfi_offset 14, -4
 165 0002 82B0     		sub	sp, sp, #8
 166              	.LCFI3:
ARM GAS  C:\Users\user\AppData\Local\Temp\ccbDLEFn.s 			page 6


 167              		.cfi_def_cfa_offset 16
 168 0004 8DF80700 		strb	r0, [sp, #7]
  71:Core/Src/ili9341.c ****     LCD_DC_DATA();
 169              		.loc 1 71 5 is_stmt 1 view .LVU26
 170 0008 0C4C     		ldr	r4, .L19
 171 000a 0022     		movs	r2, #0
 172 000c 4FF48051 		mov	r1, #4096
 173 0010 2046     		mov	r0, r4
 174              	.LVL13:
  71:Core/Src/ili9341.c ****     LCD_DC_DATA();
 175              		.loc 1 71 5 is_stmt 0 view .LVU27
 176 0012 FFF7FEFF 		bl	HAL_GPIO_WritePin
 177              	.LVL14:
  72:Core/Src/ili9341.c **** 
 178              		.loc 1 72 5 is_stmt 1 view .LVU28
 179 0016 0122     		movs	r2, #1
 180 0018 1021     		movs	r1, #16
 181 001a 0948     		ldr	r0, .L19+4
 182 001c FFF7FEFF 		bl	HAL_GPIO_WritePin
 183              	.LVL15:
  74:Core/Src/ili9341.c **** 
 184              		.loc 1 74 5 view .LVU29
 185 0020 0121     		movs	r1, #1
 186 0022 0DF10700 		add	r0, sp, #7
 187 0026 FFF7FEFF 		bl	LCD_Transmit
 188              	.LVL16:
  76:Core/Src/ili9341.c **** }
 189              		.loc 1 76 5 view .LVU30
 190 002a 0122     		movs	r2, #1
 191 002c 4FF48051 		mov	r1, #4096
 192 0030 2046     		mov	r0, r4
 193 0032 FFF7FEFF 		bl	HAL_GPIO_WritePin
 194              	.LVL17:
  77:Core/Src/ili9341.c **** 
 195              		.loc 1 77 1 is_stmt 0 view .LVU31
 196 0036 02B0     		add	sp, sp, #8
 197              	.LCFI4:
 198              		.cfi_def_cfa_offset 8
 199              		@ sp needed
 200 0038 10BD     		pop	{r4, pc}
 201              	.L20:
 202 003a 00BF     		.align	2
 203              	.L19:
 204 003c 00040240 		.word	1073873920
 205 0040 00080240 		.word	1073874944
 206              		.cfi_endproc
 207              	.LFE136:
 209              		.section	.text.LCD_WriteIndex,"ax",%progbits
 210              		.align	1
 211              		.syntax unified
 212              		.thumb
 213              		.thumb_func
 215              	LCD_WriteIndex:
 216              	.LVL18:
 217              	.LFB135:
  55:Core/Src/ili9341.c ****     LCD_CS_LOW();
 218              		.loc 1 55 1 is_stmt 1 view -0
ARM GAS  C:\Users\user\AppData\Local\Temp\ccbDLEFn.s 			page 7


 219              		.cfi_startproc
 220              		@ args = 0, pretend = 0, frame = 8
 221              		@ frame_needed = 0, uses_anonymous_args = 0
  55:Core/Src/ili9341.c ****     LCD_CS_LOW();
 222              		.loc 1 55 1 is_stmt 0 view .LVU33
 223 0000 10B5     		push	{r4, lr}
 224              	.LCFI5:
 225              		.cfi_def_cfa_offset 8
 226              		.cfi_offset 4, -8
 227              		.cfi_offset 14, -4
 228 0002 82B0     		sub	sp, sp, #8
 229              	.LCFI6:
 230              		.cfi_def_cfa_offset 16
 231 0004 8DF80700 		strb	r0, [sp, #7]
  56:Core/Src/ili9341.c ****     LCD_DC_CMD();
 232              		.loc 1 56 5 is_stmt 1 view .LVU34
 233 0008 0C4C     		ldr	r4, .L23
 234 000a 0022     		movs	r2, #0
 235 000c 4FF48051 		mov	r1, #4096
 236 0010 2046     		mov	r0, r4
 237              	.LVL19:
  56:Core/Src/ili9341.c ****     LCD_DC_CMD();
 238              		.loc 1 56 5 is_stmt 0 view .LVU35
 239 0012 FFF7FEFF 		bl	HAL_GPIO_WritePin
 240              	.LVL20:
  57:Core/Src/ili9341.c **** 
 241              		.loc 1 57 5 is_stmt 1 view .LVU36
 242 0016 0022     		movs	r2, #0
 243 0018 1021     		movs	r1, #16
 244 001a 0948     		ldr	r0, .L23+4
 245 001c FFF7FEFF 		bl	HAL_GPIO_WritePin
 246              	.LVL21:
  59:Core/Src/ili9341.c **** 
 247              		.loc 1 59 5 view .LVU37
 248 0020 0121     		movs	r1, #1
 249 0022 0DF10700 		add	r0, sp, #7
 250 0026 FFF7FEFF 		bl	LCD_Transmit
 251              	.LVL22:
  61:Core/Src/ili9341.c **** }
 252              		.loc 1 61 5 view .LVU38
 253 002a 0122     		movs	r2, #1
 254 002c 4FF48051 		mov	r1, #4096
 255 0030 2046     		mov	r0, r4
 256 0032 FFF7FEFF 		bl	HAL_GPIO_WritePin
 257              	.LVL23:
  62:Core/Src/ili9341.c **** 
 258              		.loc 1 62 1 is_stmt 0 view .LVU39
 259 0036 02B0     		add	sp, sp, #8
 260              	.LCFI7:
 261              		.cfi_def_cfa_offset 8
 262              		@ sp needed
 263 0038 10BD     		pop	{r4, pc}
 264              	.L24:
 265 003a 00BF     		.align	2
 266              	.L23:
 267 003c 00040240 		.word	1073873920
 268 0040 00080240 		.word	1073874944
ARM GAS  C:\Users\user\AppData\Local\Temp\ccbDLEFn.s 			page 8


 269              		.cfi_endproc
 270              	.LFE135:
 272              		.section	.text.LCD_WriteData16,"ax",%progbits
 273              		.align	1
 274              		.syntax unified
 275              		.thumb
 276              		.thumb_func
 278              	LCD_WriteData16:
 279              	.LVL24:
 280              	.LFB137:
  81:Core/Src/ili9341.c ****     uint8_t bytes[2];
 281              		.loc 1 81 1 is_stmt 1 view -0
 282              		.cfi_startproc
 283              		@ args = 0, pretend = 0, frame = 8
 284              		@ frame_needed = 0, uses_anonymous_args = 0
  81:Core/Src/ili9341.c ****     uint8_t bytes[2];
 285              		.loc 1 81 1 is_stmt 0 view .LVU41
 286 0000 10B5     		push	{r4, lr}
 287              	.LCFI8:
 288              		.cfi_def_cfa_offset 8
 289              		.cfi_offset 4, -8
 290              		.cfi_offset 14, -4
 291 0002 82B0     		sub	sp, sp, #8
 292              	.LCFI9:
 293              		.cfi_def_cfa_offset 16
  82:Core/Src/ili9341.c **** 
 294              		.loc 1 82 5 is_stmt 1 view .LVU42
  84:Core/Src/ili9341.c ****     bytes[1] = (uint8_t)(data & 0xFFU);
 295              		.loc 1 84 5 view .LVU43
  84:Core/Src/ili9341.c ****     bytes[1] = (uint8_t)(data & 0xFFU);
 296              		.loc 1 84 16 is_stmt 0 view .LVU44
 297 0004 030A     		lsrs	r3, r0, #8
  84:Core/Src/ili9341.c ****     bytes[1] = (uint8_t)(data & 0xFFU);
 298              		.loc 1 84 14 view .LVU45
 299 0006 8DF80430 		strb	r3, [sp, #4]
  85:Core/Src/ili9341.c **** 
 300              		.loc 1 85 5 is_stmt 1 view .LVU46
  85:Core/Src/ili9341.c **** 
 301              		.loc 1 85 14 is_stmt 0 view .LVU47
 302 000a 8DF80500 		strb	r0, [sp, #5]
  87:Core/Src/ili9341.c ****     LCD_DC_DATA();
 303              		.loc 1 87 5 is_stmt 1 view .LVU48
 304 000e 0C4C     		ldr	r4, .L27
 305 0010 0022     		movs	r2, #0
 306 0012 4FF48051 		mov	r1, #4096
 307 0016 2046     		mov	r0, r4
 308              	.LVL25:
  87:Core/Src/ili9341.c ****     LCD_DC_DATA();
 309              		.loc 1 87 5 is_stmt 0 view .LVU49
 310 0018 FFF7FEFF 		bl	HAL_GPIO_WritePin
 311              	.LVL26:
  88:Core/Src/ili9341.c **** 
 312              		.loc 1 88 5 is_stmt 1 view .LVU50
 313 001c 0122     		movs	r2, #1
 314 001e 1021     		movs	r1, #16
 315 0020 0848     		ldr	r0, .L27+4
 316 0022 FFF7FEFF 		bl	HAL_GPIO_WritePin
ARM GAS  C:\Users\user\AppData\Local\Temp\ccbDLEFn.s 			page 9


 317              	.LVL27:
  90:Core/Src/ili9341.c **** 
 318              		.loc 1 90 5 view .LVU51
 319 0026 0221     		movs	r1, #2
 320 0028 01A8     		add	r0, sp, #4
 321 002a FFF7FEFF 		bl	LCD_Transmit
 322              	.LVL28:
  92:Core/Src/ili9341.c **** }
 323              		.loc 1 92 5 view .LVU52
 324 002e 0122     		movs	r2, #1
 325 0030 4FF48051 		mov	r1, #4096
 326 0034 2046     		mov	r0, r4
 327 0036 FFF7FEFF 		bl	HAL_GPIO_WritePin
 328              	.LVL29:
  93:Core/Src/ili9341.c **** 
 329              		.loc 1 93 1 is_stmt 0 view .LVU53
 330 003a 02B0     		add	sp, sp, #8
 331              	.LCFI10:
 332              		.cfi_def_cfa_offset 8
 333              		@ sp needed
 334 003c 10BD     		pop	{r4, pc}
 335              	.L28:
 336 003e 00BF     		.align	2
 337              	.L27:
 338 0040 00040240 		.word	1073873920
 339 0044 00080240 		.word	1073874944
 340              		.cfi_endproc
 341              	.LFE137:
 343              		.section	.text.LCD_SetRegion,"ax",%progbits
 344              		.align	1
 345              		.syntax unified
 346              		.thumb
 347              		.thumb_func
 349              	LCD_SetRegion:
 350              	.LVL30:
 351              	.LFB139:
 107:Core/Src/ili9341.c **** 
 108:Core/Src/ili9341.c **** 
 109:Core/Src/ili9341.c **** static void LCD_SetRegion(
 110:Core/Src/ili9341.c ****     uint16_t xStart,
 111:Core/Src/ili9341.c ****     uint16_t yStart,
 112:Core/Src/ili9341.c ****     uint16_t xEnd,
 113:Core/Src/ili9341.c ****     uint16_t yEnd)
 114:Core/Src/ili9341.c **** {
 352              		.loc 1 114 1 is_stmt 1 view -0
 353              		.cfi_startproc
 354              		@ args = 0, pretend = 0, frame = 0
 355              		@ frame_needed = 0, uses_anonymous_args = 0
 356              		.loc 1 114 1 is_stmt 0 view .LVU55
 357 0000 F8B5     		push	{r3, r4, r5, r6, r7, lr}
 358              	.LCFI11:
 359              		.cfi_def_cfa_offset 24
 360              		.cfi_offset 3, -24
 361              		.cfi_offset 4, -20
 362              		.cfi_offset 5, -16
 363              		.cfi_offset 6, -12
 364              		.cfi_offset 7, -8
ARM GAS  C:\Users\user\AppData\Local\Temp\ccbDLEFn.s 			page 10


 365              		.cfi_offset 14, -4
 366 0002 0746     		mov	r7, r0
 367 0004 0D46     		mov	r5, r1
 368 0006 1646     		mov	r6, r2
 369 0008 1C46     		mov	r4, r3
 115:Core/Src/ili9341.c ****     LCD_WriteIndex(0x2AU);
 370              		.loc 1 115 5 is_stmt 1 view .LVU56
 371 000a 2A20     		movs	r0, #42
 372              	.LVL31:
 373              		.loc 1 115 5 is_stmt 0 view .LVU57
 374 000c FFF7FEFF 		bl	LCD_WriteIndex
 375              	.LVL32:
 116:Core/Src/ili9341.c ****     LCD_WriteData16(xStart);
 376              		.loc 1 116 5 is_stmt 1 view .LVU58
 377 0010 3846     		mov	r0, r7
 378 0012 FFF7FEFF 		bl	LCD_WriteData16
 379              	.LVL33:
 117:Core/Src/ili9341.c ****     LCD_WriteData16(xEnd);
 380              		.loc 1 117 5 view .LVU59
 381 0016 3046     		mov	r0, r6
 382 0018 FFF7FEFF 		bl	LCD_WriteData16
 383              	.LVL34:
 118:Core/Src/ili9341.c **** 
 119:Core/Src/ili9341.c ****     LCD_WriteIndex(0x2BU);
 384              		.loc 1 119 5 view .LVU60
 385 001c 2B20     		movs	r0, #43
 386 001e FFF7FEFF 		bl	LCD_WriteIndex
 387              	.LVL35:
 120:Core/Src/ili9341.c ****     LCD_WriteData16(yStart);
 388              		.loc 1 120 5 view .LVU61
 389 0022 2846     		mov	r0, r5
 390 0024 FFF7FEFF 		bl	LCD_WriteData16
 391              	.LVL36:
 121:Core/Src/ili9341.c ****     LCD_WriteData16(yEnd);
 392              		.loc 1 121 5 view .LVU62
 393 0028 2046     		mov	r0, r4
 394 002a FFF7FEFF 		bl	LCD_WriteData16
 395              	.LVL37:
 122:Core/Src/ili9341.c **** 
 123:Core/Src/ili9341.c ****     LCD_WriteIndex(0x2CU);
 396              		.loc 1 123 5 view .LVU63
 397 002e 2C20     		movs	r0, #44
 398 0030 FFF7FEFF 		bl	LCD_WriteIndex
 399              	.LVL38:
 124:Core/Src/ili9341.c **** }
 400              		.loc 1 124 1 is_stmt 0 view .LVU64
 401 0034 F8BD     		pop	{r3, r4, r5, r6, r7, pc}
 402              		.loc 1 124 1 view .LVU65
 403              		.cfi_endproc
 404              	.LFE139:
 406              		.section	.text.ILI9341_Init,"ax",%progbits
 407              		.align	1
 408              		.global	ILI9341_Init
 409              		.syntax unified
 410              		.thumb
 411              		.thumb_func
 413              	ILI9341_Init:
ARM GAS  C:\Users\user\AppData\Local\Temp\ccbDLEFn.s 			page 11


 414              	.LFB140:
 125:Core/Src/ili9341.c **** 
 126:Core/Src/ili9341.c **** 
 127:Core/Src/ili9341.c **** void ILI9341_Init(void)
 128:Core/Src/ili9341.c **** {
 415              		.loc 1 128 1 is_stmt 1 view -0
 416              		.cfi_startproc
 417              		@ args = 0, pretend = 0, frame = 0
 418              		@ frame_needed = 0, uses_anonymous_args = 0
 419 0000 08B5     		push	{r3, lr}
 420              	.LCFI12:
 421              		.cfi_def_cfa_offset 8
 422              		.cfi_offset 3, -8
 423              		.cfi_offset 14, -4
 129:Core/Src/ili9341.c ****     LCD_Reset();
 424              		.loc 1 129 5 view .LVU67
 425 0002 FFF7FEFF 		bl	LCD_Reset
 426              	.LVL39:
 130:Core/Src/ili9341.c **** 
 131:Core/Src/ili9341.c ****     LCD_WriteIndex(0x01U);
 427              		.loc 1 131 5 view .LVU68
 428 0006 0120     		movs	r0, #1
 429 0008 FFF7FEFF 		bl	LCD_WriteIndex
 430              	.LVL40:
 132:Core/Src/ili9341.c ****     HAL_Delay(150U);
 431              		.loc 1 132 5 view .LVU69
 432 000c 9620     		movs	r0, #150
 433 000e FFF7FEFF 		bl	HAL_Delay
 434              	.LVL41:
 133:Core/Src/ili9341.c **** 
 134:Core/Src/ili9341.c ****     /*
 135:Core/Src/ili9341.c ****      * Initialization sequence from the vendor STM32 example in this package.
 136:Core/Src/ili9341.c ****      */
 137:Core/Src/ili9341.c ****     LCD_WriteIndex(0xCBU);
 435              		.loc 1 137 5 view .LVU70
 436 0012 CB20     		movs	r0, #203
 437 0014 FFF7FEFF 		bl	LCD_WriteIndex
 438              	.LVL42:
 138:Core/Src/ili9341.c ****     LCD_WriteData8(0x39U);
 439              		.loc 1 138 5 view .LVU71
 440 0018 3920     		movs	r0, #57
 441 001a FFF7FEFF 		bl	LCD_WriteData8
 442              	.LVL43:
 139:Core/Src/ili9341.c ****     LCD_WriteData8(0x2CU);
 443              		.loc 1 139 5 view .LVU72
 444 001e 2C20     		movs	r0, #44
 445 0020 FFF7FEFF 		bl	LCD_WriteData8
 446              	.LVL44:
 140:Core/Src/ili9341.c ****     LCD_WriteData8(0x00U);
 447              		.loc 1 140 5 view .LVU73
 448 0024 0020     		movs	r0, #0
 449 0026 FFF7FEFF 		bl	LCD_WriteData8
 450              	.LVL45:
 141:Core/Src/ili9341.c ****     LCD_WriteData8(0x34U);
 451              		.loc 1 141 5 view .LVU74
 452 002a 3420     		movs	r0, #52
 453 002c FFF7FEFF 		bl	LCD_WriteData8
ARM GAS  C:\Users\user\AppData\Local\Temp\ccbDLEFn.s 			page 12


 454              	.LVL46:
 142:Core/Src/ili9341.c ****     LCD_WriteData8(0x02U);
 455              		.loc 1 142 5 view .LVU75
 456 0030 0220     		movs	r0, #2
 457 0032 FFF7FEFF 		bl	LCD_WriteData8
 458              	.LVL47:
 143:Core/Src/ili9341.c **** 
 144:Core/Src/ili9341.c ****     LCD_WriteIndex(0xCFU);
 459              		.loc 1 144 5 view .LVU76
 460 0036 CF20     		movs	r0, #207
 461 0038 FFF7FEFF 		bl	LCD_WriteIndex
 462              	.LVL48:
 145:Core/Src/ili9341.c ****     LCD_WriteData8(0x00U);
 463              		.loc 1 145 5 view .LVU77
 464 003c 0020     		movs	r0, #0
 465 003e FFF7FEFF 		bl	LCD_WriteData8
 466              	.LVL49:
 146:Core/Src/ili9341.c ****     LCD_WriteData8(0xC1U);
 467              		.loc 1 146 5 view .LVU78
 468 0042 C120     		movs	r0, #193
 469 0044 FFF7FEFF 		bl	LCD_WriteData8
 470              	.LVL50:
 147:Core/Src/ili9341.c ****     LCD_WriteData8(0x30U);
 471              		.loc 1 147 5 view .LVU79
 472 0048 3020     		movs	r0, #48
 473 004a FFF7FEFF 		bl	LCD_WriteData8
 474              	.LVL51:
 148:Core/Src/ili9341.c **** 
 149:Core/Src/ili9341.c ****     LCD_WriteIndex(0xE8U);
 475              		.loc 1 149 5 view .LVU80
 476 004e E820     		movs	r0, #232
 477 0050 FFF7FEFF 		bl	LCD_WriteIndex
 478              	.LVL52:
 150:Core/Src/ili9341.c ****     LCD_WriteData8(0x85U);
 479              		.loc 1 150 5 view .LVU81
 480 0054 8520     		movs	r0, #133
 481 0056 FFF7FEFF 		bl	LCD_WriteData8
 482              	.LVL53:
 151:Core/Src/ili9341.c ****     LCD_WriteData8(0x00U);
 483              		.loc 1 151 5 view .LVU82
 484 005a 0020     		movs	r0, #0
 485 005c FFF7FEFF 		bl	LCD_WriteData8
 486              	.LVL54:
 152:Core/Src/ili9341.c ****     LCD_WriteData8(0x78U);
 487              		.loc 1 152 5 view .LVU83
 488 0060 7820     		movs	r0, #120
 489 0062 FFF7FEFF 		bl	LCD_WriteData8
 490              	.LVL55:
 153:Core/Src/ili9341.c **** 
 154:Core/Src/ili9341.c ****     LCD_WriteIndex(0xEAU);
 491              		.loc 1 154 5 view .LVU84
 492 0066 EA20     		movs	r0, #234
 493 0068 FFF7FEFF 		bl	LCD_WriteIndex
 494              	.LVL56:
 155:Core/Src/ili9341.c ****     LCD_WriteData8(0x00U);
 495              		.loc 1 155 5 view .LVU85
 496 006c 0020     		movs	r0, #0
ARM GAS  C:\Users\user\AppData\Local\Temp\ccbDLEFn.s 			page 13


 497 006e FFF7FEFF 		bl	LCD_WriteData8
 498              	.LVL57:
 156:Core/Src/ili9341.c ****     LCD_WriteData8(0x00U);
 499              		.loc 1 156 5 view .LVU86
 500 0072 0020     		movs	r0, #0
 501 0074 FFF7FEFF 		bl	LCD_WriteData8
 502              	.LVL58:
 157:Core/Src/ili9341.c **** 
 158:Core/Src/ili9341.c ****     LCD_WriteIndex(0xEDU);
 503              		.loc 1 158 5 view .LVU87
 504 0078 ED20     		movs	r0, #237
 505 007a FFF7FEFF 		bl	LCD_WriteIndex
 506              	.LVL59:
 159:Core/Src/ili9341.c ****     LCD_WriteData8(0x64U);
 507              		.loc 1 159 5 view .LVU88
 508 007e 6420     		movs	r0, #100
 509 0080 FFF7FEFF 		bl	LCD_WriteData8
 510              	.LVL60:
 160:Core/Src/ili9341.c ****     LCD_WriteData8(0x03U);
 511              		.loc 1 160 5 view .LVU89
 512 0084 0320     		movs	r0, #3
 513 0086 FFF7FEFF 		bl	LCD_WriteData8
 514              	.LVL61:
 161:Core/Src/ili9341.c ****     LCD_WriteData8(0x12U);
 515              		.loc 1 161 5 view .LVU90
 516 008a 1220     		movs	r0, #18
 517 008c FFF7FEFF 		bl	LCD_WriteData8
 518              	.LVL62:
 162:Core/Src/ili9341.c ****     LCD_WriteData8(0x81U);
 519              		.loc 1 162 5 view .LVU91
 520 0090 8120     		movs	r0, #129
 521 0092 FFF7FEFF 		bl	LCD_WriteData8
 522              	.LVL63:
 163:Core/Src/ili9341.c **** 
 164:Core/Src/ili9341.c ****     LCD_WriteIndex(0xF7U);
 523              		.loc 1 164 5 view .LVU92
 524 0096 F720     		movs	r0, #247
 525 0098 FFF7FEFF 		bl	LCD_WriteIndex
 526              	.LVL64:
 165:Core/Src/ili9341.c ****     LCD_WriteData8(0x20U);
 527              		.loc 1 165 5 view .LVU93
 528 009c 2020     		movs	r0, #32
 529 009e FFF7FEFF 		bl	LCD_WriteData8
 530              	.LVL65:
 166:Core/Src/ili9341.c **** 
 167:Core/Src/ili9341.c ****     LCD_WriteIndex(0xC0U);
 531              		.loc 1 167 5 view .LVU94
 532 00a2 C020     		movs	r0, #192
 533 00a4 FFF7FEFF 		bl	LCD_WriteIndex
 534              	.LVL66:
 168:Core/Src/ili9341.c ****     LCD_WriteData8(0x23U);
 535              		.loc 1 168 5 view .LVU95
 536 00a8 2320     		movs	r0, #35
 537 00aa FFF7FEFF 		bl	LCD_WriteData8
 538              	.LVL67:
 169:Core/Src/ili9341.c **** 
 170:Core/Src/ili9341.c ****     LCD_WriteIndex(0xC1U);
ARM GAS  C:\Users\user\AppData\Local\Temp\ccbDLEFn.s 			page 14


 539              		.loc 1 170 5 view .LVU96
 540 00ae C120     		movs	r0, #193
 541 00b0 FFF7FEFF 		bl	LCD_WriteIndex
 542              	.LVL68:
 171:Core/Src/ili9341.c ****     LCD_WriteData8(0x10U);
 543              		.loc 1 171 5 view .LVU97
 544 00b4 1020     		movs	r0, #16
 545 00b6 FFF7FEFF 		bl	LCD_WriteData8
 546              	.LVL69:
 172:Core/Src/ili9341.c **** 
 173:Core/Src/ili9341.c ****     LCD_WriteIndex(0xC5U);
 547              		.loc 1 173 5 view .LVU98
 548 00ba C520     		movs	r0, #197
 549 00bc FFF7FEFF 		bl	LCD_WriteIndex
 550              	.LVL70:
 174:Core/Src/ili9341.c ****     LCD_WriteData8(0x3EU);
 551              		.loc 1 174 5 view .LVU99
 552 00c0 3E20     		movs	r0, #62
 553 00c2 FFF7FEFF 		bl	LCD_WriteData8
 554              	.LVL71:
 175:Core/Src/ili9341.c ****     LCD_WriteData8(0x28U);
 555              		.loc 1 175 5 view .LVU100
 556 00c6 2820     		movs	r0, #40
 557 00c8 FFF7FEFF 		bl	LCD_WriteData8
 558              	.LVL72:
 176:Core/Src/ili9341.c **** 
 177:Core/Src/ili9341.c ****     LCD_WriteIndex(0xC7U);
 559              		.loc 1 177 5 view .LVU101
 560 00cc C720     		movs	r0, #199
 561 00ce FFF7FEFF 		bl	LCD_WriteIndex
 562              	.LVL73:
 178:Core/Src/ili9341.c ****     LCD_WriteData8(0x86U);
 563              		.loc 1 178 5 view .LVU102
 564 00d2 8620     		movs	r0, #134
 565 00d4 FFF7FEFF 		bl	LCD_WriteData8
 566              	.LVL74:
 179:Core/Src/ili9341.c **** 
 180:Core/Src/ili9341.c ****     /* Portrait orientation, BGR order. */
 181:Core/Src/ili9341.c ****     LCD_WriteIndex(0x36U);
 567              		.loc 1 181 5 view .LVU103
 568 00d8 3620     		movs	r0, #54
 569 00da FFF7FEFF 		bl	LCD_WriteIndex
 570              	.LVL75:
 182:Core/Src/ili9341.c ****     LCD_WriteData8(0x28U);
 571              		.loc 1 182 5 view .LVU104
 572 00de 2820     		movs	r0, #40
 573 00e0 FFF7FEFF 		bl	LCD_WriteData8
 574              	.LVL76:
 183:Core/Src/ili9341.c **** 
 184:Core/Src/ili9341.c ****     /* RGB565, 16-bit pixel data. */
 185:Core/Src/ili9341.c ****     LCD_WriteIndex(0x3AU);
 575              		.loc 1 185 5 view .LVU105
 576 00e4 3A20     		movs	r0, #58
 577 00e6 FFF7FEFF 		bl	LCD_WriteIndex
 578              	.LVL77:
 186:Core/Src/ili9341.c ****     LCD_WriteData8(0x55U);
 579              		.loc 1 186 5 view .LVU106
ARM GAS  C:\Users\user\AppData\Local\Temp\ccbDLEFn.s 			page 15


 580 00ea 5520     		movs	r0, #85
 581 00ec FFF7FEFF 		bl	LCD_WriteData8
 582              	.LVL78:
 187:Core/Src/ili9341.c **** 
 188:Core/Src/ili9341.c ****     LCD_WriteIndex(0xB1U);
 583              		.loc 1 188 5 view .LVU107
 584 00f0 B120     		movs	r0, #177
 585 00f2 FFF7FEFF 		bl	LCD_WriteIndex
 586              	.LVL79:
 189:Core/Src/ili9341.c ****     LCD_WriteData8(0x00U);
 587              		.loc 1 189 5 view .LVU108
 588 00f6 0020     		movs	r0, #0
 589 00f8 FFF7FEFF 		bl	LCD_WriteData8
 590              	.LVL80:
 190:Core/Src/ili9341.c ****     LCD_WriteData8(0x18U);
 591              		.loc 1 190 5 view .LVU109
 592 00fc 1820     		movs	r0, #24
 593 00fe FFF7FEFF 		bl	LCD_WriteData8
 594              	.LVL81:
 191:Core/Src/ili9341.c **** 
 192:Core/Src/ili9341.c ****     LCD_WriteIndex(0xB6U);
 595              		.loc 1 192 5 view .LVU110
 596 0102 B620     		movs	r0, #182
 597 0104 FFF7FEFF 		bl	LCD_WriteIndex
 598              	.LVL82:
 193:Core/Src/ili9341.c ****     LCD_WriteData8(0x08U);
 599              		.loc 1 193 5 view .LVU111
 600 0108 0820     		movs	r0, #8
 601 010a FFF7FEFF 		bl	LCD_WriteData8
 602              	.LVL83:
 194:Core/Src/ili9341.c ****     LCD_WriteData8(0x82U);
 603              		.loc 1 194 5 view .LVU112
 604 010e 8220     		movs	r0, #130
 605 0110 FFF7FEFF 		bl	LCD_WriteData8
 606              	.LVL84:
 195:Core/Src/ili9341.c ****     LCD_WriteData8(0x27U);
 607              		.loc 1 195 5 view .LVU113
 608 0114 2720     		movs	r0, #39
 609 0116 FFF7FEFF 		bl	LCD_WriteData8
 610              	.LVL85:
 196:Core/Src/ili9341.c **** 
 197:Core/Src/ili9341.c ****     LCD_WriteIndex(0xF2U);
 611              		.loc 1 197 5 view .LVU114
 612 011a F220     		movs	r0, #242
 613 011c FFF7FEFF 		bl	LCD_WriteIndex
 614              	.LVL86:
 198:Core/Src/ili9341.c ****     LCD_WriteData8(0x00U);
 615              		.loc 1 198 5 view .LVU115
 616 0120 0020     		movs	r0, #0
 617 0122 FFF7FEFF 		bl	LCD_WriteData8
 618              	.LVL87:
 199:Core/Src/ili9341.c **** 
 200:Core/Src/ili9341.c ****     LCD_WriteIndex(0x26U);
 619              		.loc 1 200 5 view .LVU116
 620 0126 2620     		movs	r0, #38
 621 0128 FFF7FEFF 		bl	LCD_WriteIndex
 622              	.LVL88:
ARM GAS  C:\Users\user\AppData\Local\Temp\ccbDLEFn.s 			page 16


 201:Core/Src/ili9341.c ****     LCD_WriteData8(0x01U);
 623              		.loc 1 201 5 view .LVU117
 624 012c 0120     		movs	r0, #1
 625 012e FFF7FEFF 		bl	LCD_WriteData8
 626              	.LVL89:
 202:Core/Src/ili9341.c **** 
 203:Core/Src/ili9341.c ****     LCD_WriteIndex(0xE0U);
 627              		.loc 1 203 5 view .LVU118
 628 0132 E020     		movs	r0, #224
 629 0134 FFF7FEFF 		bl	LCD_WriteIndex
 630              	.LVL90:
 204:Core/Src/ili9341.c ****     LCD_WriteData8(0x0FU);
 631              		.loc 1 204 5 view .LVU119
 632 0138 0F20     		movs	r0, #15
 633 013a FFF7FEFF 		bl	LCD_WriteData8
 634              	.LVL91:
 205:Core/Src/ili9341.c ****     LCD_WriteData8(0x31U);
 635              		.loc 1 205 5 view .LVU120
 636 013e 3120     		movs	r0, #49
 637 0140 FFF7FEFF 		bl	LCD_WriteData8
 638              	.LVL92:
 206:Core/Src/ili9341.c ****     LCD_WriteData8(0x2BU);
 639              		.loc 1 206 5 view .LVU121
 640 0144 2B20     		movs	r0, #43
 641 0146 FFF7FEFF 		bl	LCD_WriteData8
 642              	.LVL93:
 207:Core/Src/ili9341.c ****     LCD_WriteData8(0x0CU);
 643              		.loc 1 207 5 view .LVU122
 644 014a 0C20     		movs	r0, #12
 645 014c FFF7FEFF 		bl	LCD_WriteData8
 646              	.LVL94:
 208:Core/Src/ili9341.c ****     LCD_WriteData8(0x0EU);
 647              		.loc 1 208 5 view .LVU123
 648 0150 0E20     		movs	r0, #14
 649 0152 FFF7FEFF 		bl	LCD_WriteData8
 650              	.LVL95:
 209:Core/Src/ili9341.c ****     LCD_WriteData8(0x08U);
 651              		.loc 1 209 5 view .LVU124
 652 0156 0820     		movs	r0, #8
 653 0158 FFF7FEFF 		bl	LCD_WriteData8
 654              	.LVL96:
 210:Core/Src/ili9341.c ****     LCD_WriteData8(0x4EU);
 655              		.loc 1 210 5 view .LVU125
 656 015c 4E20     		movs	r0, #78
 657 015e FFF7FEFF 		bl	LCD_WriteData8
 658              	.LVL97:
 211:Core/Src/ili9341.c ****     LCD_WriteData8(0xF1U);
 659              		.loc 1 211 5 view .LVU126
 660 0162 F120     		movs	r0, #241
 661 0164 FFF7FEFF 		bl	LCD_WriteData8
 662              	.LVL98:
 212:Core/Src/ili9341.c ****     LCD_WriteData8(0x37U);
 663              		.loc 1 212 5 view .LVU127
 664 0168 3720     		movs	r0, #55
 665 016a FFF7FEFF 		bl	LCD_WriteData8
 666              	.LVL99:
 213:Core/Src/ili9341.c ****     LCD_WriteData8(0x07U);
ARM GAS  C:\Users\user\AppData\Local\Temp\ccbDLEFn.s 			page 17


 667              		.loc 1 213 5 view .LVU128
 668 016e 0720     		movs	r0, #7
 669 0170 FFF7FEFF 		bl	LCD_WriteData8
 670              	.LVL100:
 214:Core/Src/ili9341.c ****     LCD_WriteData8(0x10U);
 671              		.loc 1 214 5 view .LVU129
 672 0174 1020     		movs	r0, #16
 673 0176 FFF7FEFF 		bl	LCD_WriteData8
 674              	.LVL101:
 215:Core/Src/ili9341.c ****     LCD_WriteData8(0x03U);
 675              		.loc 1 215 5 view .LVU130
 676 017a 0320     		movs	r0, #3
 677 017c FFF7FEFF 		bl	LCD_WriteData8
 678              	.LVL102:
 216:Core/Src/ili9341.c ****     LCD_WriteData8(0x0EU);
 679              		.loc 1 216 5 view .LVU131
 680 0180 0E20     		movs	r0, #14
 681 0182 FFF7FEFF 		bl	LCD_WriteData8
 682              	.LVL103:
 217:Core/Src/ili9341.c ****     LCD_WriteData8(0x09U);
 683              		.loc 1 217 5 view .LVU132
 684 0186 0920     		movs	r0, #9
 685 0188 FFF7FEFF 		bl	LCD_WriteData8
 686              	.LVL104:
 218:Core/Src/ili9341.c ****     LCD_WriteData8(0x00U);
 687              		.loc 1 218 5 view .LVU133
 688 018c 0020     		movs	r0, #0
 689 018e FFF7FEFF 		bl	LCD_WriteData8
 690              	.LVL105:
 219:Core/Src/ili9341.c **** 
 220:Core/Src/ili9341.c ****     LCD_WriteIndex(0xE1U);
 691              		.loc 1 220 5 view .LVU134
 692 0192 E120     		movs	r0, #225
 693 0194 FFF7FEFF 		bl	LCD_WriteIndex
 694              	.LVL106:
 221:Core/Src/ili9341.c ****     LCD_WriteData8(0x00U);
 695              		.loc 1 221 5 view .LVU135
 696 0198 0020     		movs	r0, #0
 697 019a FFF7FEFF 		bl	LCD_WriteData8
 698              	.LVL107:
 222:Core/Src/ili9341.c ****     LCD_WriteData8(0x0EU);
 699              		.loc 1 222 5 view .LVU136
 700 019e 0E20     		movs	r0, #14
 701 01a0 FFF7FEFF 		bl	LCD_WriteData8
 702              	.LVL108:
 223:Core/Src/ili9341.c ****     LCD_WriteData8(0x14U);
 703              		.loc 1 223 5 view .LVU137
 704 01a4 1420     		movs	r0, #20
 705 01a6 FFF7FEFF 		bl	LCD_WriteData8
 706              	.LVL109:
 224:Core/Src/ili9341.c ****     LCD_WriteData8(0x03U);
 707              		.loc 1 224 5 view .LVU138
 708 01aa 0320     		movs	r0, #3
 709 01ac FFF7FEFF 		bl	LCD_WriteData8
 710              	.LVL110:
 225:Core/Src/ili9341.c ****     LCD_WriteData8(0x11U);
 711              		.loc 1 225 5 view .LVU139
ARM GAS  C:\Users\user\AppData\Local\Temp\ccbDLEFn.s 			page 18


 712 01b0 1120     		movs	r0, #17
 713 01b2 FFF7FEFF 		bl	LCD_WriteData8
 714              	.LVL111:
 226:Core/Src/ili9341.c ****     LCD_WriteData8(0x07U);
 715              		.loc 1 226 5 view .LVU140
 716 01b6 0720     		movs	r0, #7
 717 01b8 FFF7FEFF 		bl	LCD_WriteData8
 718              	.LVL112:
 227:Core/Src/ili9341.c ****     LCD_WriteData8(0x31U);
 719              		.loc 1 227 5 view .LVU141
 720 01bc 3120     		movs	r0, #49
 721 01be FFF7FEFF 		bl	LCD_WriteData8
 722              	.LVL113:
 228:Core/Src/ili9341.c ****     LCD_WriteData8(0xC1U);
 723              		.loc 1 228 5 view .LVU142
 724 01c2 C120     		movs	r0, #193
 725 01c4 FFF7FEFF 		bl	LCD_WriteData8
 726              	.LVL114:
 229:Core/Src/ili9341.c ****     LCD_WriteData8(0x48U);
 727              		.loc 1 229 5 view .LVU143
 728 01c8 4820     		movs	r0, #72
 729 01ca FFF7FEFF 		bl	LCD_WriteData8
 730              	.LVL115:
 230:Core/Src/ili9341.c ****     LCD_WriteData8(0x08U);
 731              		.loc 1 230 5 view .LVU144
 732 01ce 0820     		movs	r0, #8
 733 01d0 FFF7FEFF 		bl	LCD_WriteData8
 734              	.LVL116:
 231:Core/Src/ili9341.c ****     LCD_WriteData8(0x0FU);
 735              		.loc 1 231 5 view .LVU145
 736 01d4 0F20     		movs	r0, #15
 737 01d6 FFF7FEFF 		bl	LCD_WriteData8
 738              	.LVL117:
 232:Core/Src/ili9341.c ****     LCD_WriteData8(0x0CU);
 739              		.loc 1 232 5 view .LVU146
 740 01da 0C20     		movs	r0, #12
 741 01dc FFF7FEFF 		bl	LCD_WriteData8
 742              	.LVL118:
 233:Core/Src/ili9341.c ****     LCD_WriteData8(0x31U);
 743              		.loc 1 233 5 view .LVU147
 744 01e0 3120     		movs	r0, #49
 745 01e2 FFF7FEFF 		bl	LCD_WriteData8
 746              	.LVL119:
 234:Core/Src/ili9341.c ****     LCD_WriteData8(0x36U);
 747              		.loc 1 234 5 view .LVU148
 748 01e6 3620     		movs	r0, #54
 749 01e8 FFF7FEFF 		bl	LCD_WriteData8
 750              	.LVL120:
 235:Core/Src/ili9341.c ****     LCD_WriteData8(0x0FU);
 751              		.loc 1 235 5 view .LVU149
 752 01ec 0F20     		movs	r0, #15
 753 01ee FFF7FEFF 		bl	LCD_WriteData8
 754              	.LVL121:
 236:Core/Src/ili9341.c **** 
 237:Core/Src/ili9341.c ****     LCD_WriteIndex(0x11U);
 755              		.loc 1 237 5 view .LVU150
 756 01f2 1120     		movs	r0, #17
ARM GAS  C:\Users\user\AppData\Local\Temp\ccbDLEFn.s 			page 19


 757 01f4 FFF7FEFF 		bl	LCD_WriteIndex
 758              	.LVL122:
 238:Core/Src/ili9341.c ****     HAL_Delay(120U);
 759              		.loc 1 238 5 view .LVU151
 760 01f8 7820     		movs	r0, #120
 761 01fa FFF7FEFF 		bl	HAL_Delay
 762              	.LVL123:
 239:Core/Src/ili9341.c **** 
 240:Core/Src/ili9341.c ****     LCD_WriteIndex(0x29U);
 763              		.loc 1 240 5 view .LVU152
 764 01fe 2920     		movs	r0, #41
 765 0200 FFF7FEFF 		bl	LCD_WriteIndex
 766              	.LVL124:
 241:Core/Src/ili9341.c ****     HAL_Delay(20U);
 767              		.loc 1 241 5 view .LVU153
 768 0204 1420     		movs	r0, #20
 769 0206 FFF7FEFF 		bl	HAL_Delay
 770              	.LVL125:
 242:Core/Src/ili9341.c **** 
 243:Core/Src/ili9341.c ****     LCD_WriteIndex(0x2CU);
 771              		.loc 1 243 5 view .LVU154
 772 020a 2C20     		movs	r0, #44
 773 020c FFF7FEFF 		bl	LCD_WriteIndex
 774              	.LVL126:
 244:Core/Src/ili9341.c **** }
 775              		.loc 1 244 1 is_stmt 0 view .LVU155
 776 0210 08BD     		pop	{r3, pc}
 777              		.cfi_endproc
 778              	.LFE140:
 780              		.section	.text.ILI9341_FillRect,"ax",%progbits
 781              		.align	1
 782              		.global	ILI9341_FillRect
 783              		.syntax unified
 784              		.thumb
 785              		.thumb_func
 787              	ILI9341_FillRect:
 788              	.LVL127:
 789              	.LFB141:
 245:Core/Src/ili9341.c **** 
 246:Core/Src/ili9341.c **** 
 247:Core/Src/ili9341.c **** void ILI9341_FillRect(
 248:Core/Src/ili9341.c ****     uint16_t x,
 249:Core/Src/ili9341.c ****     uint16_t y,
 250:Core/Src/ili9341.c ****     uint16_t width,
 251:Core/Src/ili9341.c ****     uint16_t height,
 252:Core/Src/ili9341.c ****     uint16_t color)
 253:Core/Src/ili9341.c **** {
 790              		.loc 1 253 1 is_stmt 1 view -0
 791              		.cfi_startproc
 792              		@ args = 4, pretend = 0, frame = 128
 793              		@ frame_needed = 0, uses_anonymous_args = 0
 794              		.loc 1 253 1 is_stmt 0 view .LVU157
 795 0000 30B5     		push	{r4, r5, lr}
 796              	.LCFI13:
 797              		.cfi_def_cfa_offset 12
 798              		.cfi_offset 4, -12
 799              		.cfi_offset 5, -8
ARM GAS  C:\Users\user\AppData\Local\Temp\ccbDLEFn.s 			page 20


 800              		.cfi_offset 14, -4
 801 0002 A1B0     		sub	sp, sp, #132
 802              	.LCFI14:
 803              		.cfi_def_cfa_offset 144
 804 0004 1D46     		mov	r5, r3
 805 0006 BDF89030 		ldrh	r3, [sp, #144]
 806              	.LVL128:
 254:Core/Src/ili9341.c ****     uint8_t buffer[128];
 807              		.loc 1 254 5 is_stmt 1 view .LVU158
 255:Core/Src/ili9341.c ****     uint32_t remainingPixels;
 808              		.loc 1 255 5 view .LVU159
 256:Core/Src/ili9341.c ****     uint32_t pixelsThisTransfer;
 809              		.loc 1 256 5 view .LVU160
 257:Core/Src/ili9341.c **** 
 258:Core/Src/ili9341.c ****     if ((width == 0U) || (height == 0U))
 810              		.loc 1 258 5 view .LVU161
 811              		.loc 1 258 8 is_stmt 0 view .LVU162
 812 000a 002A     		cmp	r2, #0
 813 000c 50D0     		beq	.L33
 814 000e 1446     		mov	r4, r2
 815              		.loc 1 258 23 discriminator 1 view .LVU163
 816 0010 002D     		cmp	r5, #0
 817 0012 4DD0     		beq	.L33
 259:Core/Src/ili9341.c ****     {
 260:Core/Src/ili9341.c ****         return;
 261:Core/Src/ili9341.c ****     }
 262:Core/Src/ili9341.c **** 
 263:Core/Src/ili9341.c ****     if ((x >= ILI9341_WIDTH) || (y >= ILI9341_HEIGHT))
 818              		.loc 1 263 5 is_stmt 1 view .LVU164
 819              		.loc 1 263 8 is_stmt 0 view .LVU165
 820 0014 B0F5A07F 		cmp	r0, #320
 821 0018 4AD2     		bcs	.L33
 822              		.loc 1 263 30 discriminator 1 view .LVU166
 823 001a EF29     		cmp	r1, #239
 824 001c 48D8     		bhi	.L33
 264:Core/Src/ili9341.c ****     {
 265:Core/Src/ili9341.c ****         return;
 266:Core/Src/ili9341.c ****     }
 267:Core/Src/ili9341.c **** 
 268:Core/Src/ili9341.c ****     if (((uint32_t)x + width) > ILI9341_WIDTH)
 825              		.loc 1 268 5 is_stmt 1 view .LVU167
 826              		.loc 1 268 22 is_stmt 0 view .LVU168
 827 001e 0244     		add	r2, r2, r0
 828              	.LVL129:
 829              		.loc 1 268 8 view .LVU169
 830 0020 B2F5A07F 		cmp	r2, #320
 831 0024 02D9     		bls	.L35
 269:Core/Src/ili9341.c ****     {
 270:Core/Src/ili9341.c ****         width = (uint16_t)(ILI9341_WIDTH - x);
 832              		.loc 1 270 9 is_stmt 1 view .LVU170
 833              		.loc 1 270 15 is_stmt 0 view .LVU171
 834 0026 C0F5A074 		rsb	r4, r0, #320
 835              	.LVL130:
 836              		.loc 1 270 15 view .LVU172
 837 002a A4B2     		uxth	r4, r4
 838              	.LVL131:
 839              	.L35:
ARM GAS  C:\Users\user\AppData\Local\Temp\ccbDLEFn.s 			page 21


 271:Core/Src/ili9341.c ****     }
 272:Core/Src/ili9341.c **** 
 273:Core/Src/ili9341.c ****     if (((uint32_t)y + height) > ILI9341_HEIGHT)
 840              		.loc 1 273 5 is_stmt 1 view .LVU173
 841              		.loc 1 273 22 is_stmt 0 view .LVU174
 842 002c 6A18     		adds	r2, r5, r1
 843              		.loc 1 273 8 view .LVU175
 844 002e F02A     		cmp	r2, #240
 845 0030 02D9     		bls	.L36
 274:Core/Src/ili9341.c ****     {
 275:Core/Src/ili9341.c ****         height = (uint16_t)(ILI9341_HEIGHT - y);
 846              		.loc 1 275 9 is_stmt 1 view .LVU176
 847              		.loc 1 275 16 is_stmt 0 view .LVU177
 848 0032 C1F1F005 		rsb	r5, r1, #240
 849              	.LVL132:
 850              		.loc 1 275 16 view .LVU178
 851 0036 ADB2     		uxth	r5, r5
 852              	.LVL133:
 853              	.L36:
 276:Core/Src/ili9341.c ****     }
 277:Core/Src/ili9341.c **** 
 278:Core/Src/ili9341.c ****     for (uint16_t i = 0U; i < sizeof(buffer); i += 2U)
 854              		.loc 1 278 5 is_stmt 1 view .LVU179
 855              	.LBB2:
 856              		.loc 1 278 10 view .LVU180
 857              		.loc 1 278 19 is_stmt 0 view .LVU181
 858 0038 0022     		movs	r2, #0
 859              		.loc 1 278 5 view .LVU182
 860 003a 0DE0     		b	.L37
 861              	.LVL134:
 862              	.L38:
 279:Core/Src/ili9341.c ****     {
 280:Core/Src/ili9341.c ****         buffer[i] = (uint8_t)(color >> 8);
 863              		.loc 1 280 9 is_stmt 1 view .LVU183
 864              		.loc 1 280 21 is_stmt 0 view .LVU184
 865 003c 4FEA132C 		lsr	ip, r3, #8
 866              		.loc 1 280 19 view .LVU185
 867 0040 02F1800E 		add	lr, r2, #128
 868 0044 EE44     		add	lr, sp, lr
 869 0046 0EF880CC 		strb	ip, [lr, #-128]
 281:Core/Src/ili9341.c ****         buffer[i + 1U] = (uint8_t)(color & 0xFFU);
 870              		.loc 1 281 9 is_stmt 1 view .LVU186
 871              		.loc 1 281 24 is_stmt 0 view .LVU187
 872 004a 02F1810C 		add	ip, r2, #129
 873 004e EC44     		add	ip, sp, ip
 874 0050 0CF8803C 		strb	r3, [ip, #-128]
 278:Core/Src/ili9341.c ****     {
 875              		.loc 1 278 49 is_stmt 1 discriminator 3 view .LVU188
 876 0054 0232     		adds	r2, r2, #2
 877              	.LVL135:
 278:Core/Src/ili9341.c ****     {
 878              		.loc 1 278 49 is_stmt 0 discriminator 3 view .LVU189
 879 0056 92B2     		uxth	r2, r2
 880              	.LVL136:
 881              	.L37:
 278:Core/Src/ili9341.c ****     {
 882              		.loc 1 278 29 is_stmt 1 discriminator 1 view .LVU190
ARM GAS  C:\Users\user\AppData\Local\Temp\ccbDLEFn.s 			page 22


 883 0058 7F2A     		cmp	r2, #127
 884 005a EFD9     		bls	.L38
 885              	.LBE2:
 282:Core/Src/ili9341.c ****     }
 283:Core/Src/ili9341.c **** 
 284:Core/Src/ili9341.c ****     LCD_SetRegion(
 886              		.loc 1 284 5 view .LVU191
 285:Core/Src/ili9341.c ****         x,
 286:Core/Src/ili9341.c ****         y,
 287:Core/Src/ili9341.c ****         (uint16_t)(x + width - 1U),
 887              		.loc 1 287 22 is_stmt 0 view .LVU192
 888 005c 2218     		adds	r2, r4, r0
 889              	.LVL137:
 890              		.loc 1 287 22 view .LVU193
 891 005e 92B2     		uxth	r2, r2
 288:Core/Src/ili9341.c ****         (uint16_t)(y + height - 1U)
 892              		.loc 1 288 22 view .LVU194
 893 0060 6B18     		adds	r3, r5, r1
 894 0062 9BB2     		uxth	r3, r3
 284:Core/Src/ili9341.c ****         x,
 895              		.loc 1 284 5 view .LVU195
 896 0064 013B     		subs	r3, r3, #1
 897 0066 013A     		subs	r2, r2, #1
 898 0068 9BB2     		uxth	r3, r3
 899 006a 92B2     		uxth	r2, r2
 900 006c FFF7FEFF 		bl	LCD_SetRegion
 901              	.LVL138:
 289:Core/Src/ili9341.c ****     );
 290:Core/Src/ili9341.c **** 
 291:Core/Src/ili9341.c ****     remainingPixels = (uint32_t)width * (uint32_t)height;
 902              		.loc 1 291 5 is_stmt 1 view .LVU196
 903              		.loc 1 291 21 is_stmt 0 view .LVU197
 904 0070 05FB04F4 		mul	r4, r5, r4
 905              	.LVL139:
 292:Core/Src/ili9341.c **** 
 293:Core/Src/ili9341.c ****     /*
 294:Core/Src/ili9341.c ****      * The article's clear-screen function keeps CS low for the entire
 295:Core/Src/ili9341.c ****      * pixel stream after the address window has been selected.
 296:Core/Src/ili9341.c ****      */
 297:Core/Src/ili9341.c ****     LCD_CS_LOW();
 906              		.loc 1 297 5 is_stmt 1 view .LVU198
 907 0074 0022     		movs	r2, #0
 908 0076 4FF48051 		mov	r1, #4096
 909 007a 0E48     		ldr	r0, .L46
 910 007c FFF7FEFF 		bl	HAL_GPIO_WritePin
 911              	.LVL140:
 298:Core/Src/ili9341.c ****     LCD_DC_DATA();
 912              		.loc 1 298 5 view .LVU199
 913 0080 0122     		movs	r2, #1
 914 0082 1021     		movs	r1, #16
 915 0084 0C48     		ldr	r0, .L46+4
 916 0086 FFF7FEFF 		bl	HAL_GPIO_WritePin
 917              	.LVL141:
 299:Core/Src/ili9341.c **** 
 300:Core/Src/ili9341.c ****     while (remainingPixels > 0U)
 918              		.loc 1 300 5 view .LVU200
 919              		.loc 1 300 11 is_stmt 0 view .LVU201
ARM GAS  C:\Users\user\AppData\Local\Temp\ccbDLEFn.s 			page 23


 920 008a 06E0     		b	.L39
 921              	.LVL142:
 922              	.L43:
 301:Core/Src/ili9341.c ****     {
 302:Core/Src/ili9341.c ****         pixelsThisTransfer = remainingPixels;
 303:Core/Src/ili9341.c **** 
 304:Core/Src/ili9341.c ****         if (pixelsThisTransfer > (sizeof(buffer) / 2U))
 305:Core/Src/ili9341.c ****         {
 306:Core/Src/ili9341.c ****             pixelsThisTransfer = sizeof(buffer) / 2U;
 923              		.loc 1 306 32 view .LVU202
 924 008c 4025     		movs	r5, #64
 925              	.L40:
 926              	.LVL143:
 307:Core/Src/ili9341.c ****         }
 308:Core/Src/ili9341.c **** 
 309:Core/Src/ili9341.c ****         LCD_Transmit(
 927              		.loc 1 309 9 is_stmt 1 view .LVU203
 928 008e 6900     		lsls	r1, r5, #1
 929 0090 89B2     		uxth	r1, r1
 930 0092 6846     		mov	r0, sp
 931 0094 FFF7FEFF 		bl	LCD_Transmit
 932              	.LVL144:
 310:Core/Src/ili9341.c ****             buffer,
 311:Core/Src/ili9341.c ****             (uint16_t)(pixelsThisTransfer * 2U)
 312:Core/Src/ili9341.c ****         );
 313:Core/Src/ili9341.c **** 
 314:Core/Src/ili9341.c ****         remainingPixels -= pixelsThisTransfer;
 933              		.loc 1 314 9 view .LVU204
 934              		.loc 1 314 25 is_stmt 0 view .LVU205
 935 0098 641B     		subs	r4, r4, r5
 936              	.LVL145:
 937              	.L39:
 300:Core/Src/ili9341.c ****     {
 938              		.loc 1 300 28 is_stmt 1 view .LVU206
 939 009a 1CB1     		cbz	r4, .L45
 302:Core/Src/ili9341.c **** 
 940              		.loc 1 302 9 view .LVU207
 941              	.LVL146:
 304:Core/Src/ili9341.c ****         {
 942              		.loc 1 304 9 view .LVU208
 304:Core/Src/ili9341.c ****         {
 943              		.loc 1 304 12 is_stmt 0 view .LVU209
 944 009c 402C     		cmp	r4, #64
 945 009e F5D8     		bhi	.L43
 302:Core/Src/ili9341.c **** 
 946              		.loc 1 302 28 view .LVU210
 947 00a0 2546     		mov	r5, r4
 948 00a2 F4E7     		b	.L40
 949              	.LVL147:
 950              	.L45:
 315:Core/Src/ili9341.c ****     }
 316:Core/Src/ili9341.c **** 
 317:Core/Src/ili9341.c ****     LCD_CS_HIGH();
 951              		.loc 1 317 5 is_stmt 1 view .LVU211
 952 00a4 0122     		movs	r2, #1
 953 00a6 4FF48051 		mov	r1, #4096
 954 00aa 0248     		ldr	r0, .L46
ARM GAS  C:\Users\user\AppData\Local\Temp\ccbDLEFn.s 			page 24


 955 00ac FFF7FEFF 		bl	HAL_GPIO_WritePin
 956              	.LVL148:
 957              	.L33:
 318:Core/Src/ili9341.c **** }
 958              		.loc 1 318 1 is_stmt 0 view .LVU212
 959 00b0 21B0     		add	sp, sp, #132
 960              	.LCFI15:
 961              		.cfi_def_cfa_offset 12
 962              		@ sp needed
 963 00b2 30BD     		pop	{r4, r5, pc}
 964              	.LVL149:
 965              	.L47:
 966              		.loc 1 318 1 view .LVU213
 967              		.align	2
 968              	.L46:
 969 00b4 00040240 		.word	1073873920
 970 00b8 00080240 		.word	1073874944
 971              		.cfi_endproc
 972              	.LFE141:
 974              		.section	.text.ILI9341_FillScreen,"ax",%progbits
 975              		.align	1
 976              		.global	ILI9341_FillScreen
 977              		.syntax unified
 978              		.thumb
 979              		.thumb_func
 981              	ILI9341_FillScreen:
 982              	.LVL150:
 983              	.LFB142:
 319:Core/Src/ili9341.c **** 
 320:Core/Src/ili9341.c **** 
 321:Core/Src/ili9341.c **** void ILI9341_FillScreen(uint16_t color)
 322:Core/Src/ili9341.c **** {
 984              		.loc 1 322 1 is_stmt 1 view -0
 985              		.cfi_startproc
 986              		@ args = 0, pretend = 0, frame = 0
 987              		@ frame_needed = 0, uses_anonymous_args = 0
 988              		.loc 1 322 1 is_stmt 0 view .LVU215
 989 0000 00B5     		push	{lr}
 990              	.LCFI16:
 991              		.cfi_def_cfa_offset 4
 992              		.cfi_offset 14, -4
 993 0002 83B0     		sub	sp, sp, #12
 994              	.LCFI17:
 995              		.cfi_def_cfa_offset 16
 323:Core/Src/ili9341.c ****     ILI9341_FillRect(
 996              		.loc 1 323 5 is_stmt 1 view .LVU216
 997 0004 0090     		str	r0, [sp]
 998 0006 F023     		movs	r3, #240
 999 0008 4FF4A072 		mov	r2, #320
 1000 000c 0021     		movs	r1, #0
 1001 000e 0846     		mov	r0, r1
 1002              	.LVL151:
 1003              		.loc 1 323 5 is_stmt 0 view .LVU217
 1004 0010 FFF7FEFF 		bl	ILI9341_FillRect
 1005              	.LVL152:
 324:Core/Src/ili9341.c ****         0U,
 325:Core/Src/ili9341.c ****         0U,
ARM GAS  C:\Users\user\AppData\Local\Temp\ccbDLEFn.s 			page 25


 326:Core/Src/ili9341.c ****         ILI9341_WIDTH,
 327:Core/Src/ili9341.c ****         ILI9341_HEIGHT,
 328:Core/Src/ili9341.c ****         color
 329:Core/Src/ili9341.c ****     );
 330:Core/Src/ili9341.c **** }
 1006              		.loc 1 330 1 view .LVU218
 1007 0014 03B0     		add	sp, sp, #12
 1008              	.LCFI18:
 1009              		.cfi_def_cfa_offset 4
 1010              		@ sp needed
 1011 0016 5DF804FB 		ldr	pc, [sp], #4
 1012              		.cfi_endproc
 1013              	.LFE142:
 1015              		.section	.text.ILI9341_DrawPixel,"ax",%progbits
 1016              		.align	1
 1017              		.global	ILI9341_DrawPixel
 1018              		.syntax unified
 1019              		.thumb
 1020              		.thumb_func
 1022              	ILI9341_DrawPixel:
 1023              	.LVL153:
 1024              	.LFB143:
 331:Core/Src/ili9341.c **** 
 332:Core/Src/ili9341.c **** 
 333:Core/Src/ili9341.c **** void ILI9341_DrawPixel(
 334:Core/Src/ili9341.c ****     uint16_t x,
 335:Core/Src/ili9341.c ****     uint16_t y,
 336:Core/Src/ili9341.c ****     uint16_t color)
 337:Core/Src/ili9341.c **** {
 1025              		.loc 1 337 1 is_stmt 1 view -0
 1026              		.cfi_startproc
 1027              		@ args = 0, pretend = 0, frame = 0
 1028              		@ frame_needed = 0, uses_anonymous_args = 0
 1029              		.loc 1 337 1 is_stmt 0 view .LVU220
 1030 0000 00B5     		push	{lr}
 1031              	.LCFI19:
 1032              		.cfi_def_cfa_offset 4
 1033              		.cfi_offset 14, -4
 1034 0002 83B0     		sub	sp, sp, #12
 1035              	.LCFI20:
 1036              		.cfi_def_cfa_offset 16
 338:Core/Src/ili9341.c ****     ILI9341_FillRect(x, y, 1U, 1U, color);
 1037              		.loc 1 338 5 is_stmt 1 view .LVU221
 1038 0004 0092     		str	r2, [sp]
 1039 0006 0123     		movs	r3, #1
 1040 0008 1A46     		mov	r2, r3
 1041              	.LVL154:
 1042              		.loc 1 338 5 is_stmt 0 view .LVU222
 1043 000a FFF7FEFF 		bl	ILI9341_FillRect
 1044              	.LVL155:
 339:Core/Src/ili9341.c **** }
 1045              		.loc 1 339 1 view .LVU223
 1046 000e 03B0     		add	sp, sp, #12
 1047              	.LCFI21:
 1048              		.cfi_def_cfa_offset 4
 1049              		@ sp needed
 1050 0010 5DF804FB 		ldr	pc, [sp], #4
ARM GAS  C:\Users\user\AppData\Local\Temp\ccbDLEFn.s 			page 26


 1051              		.cfi_endproc
 1052              	.LFE143:
 1054              		.section	.text.ILI9341_DrawImage,"ax",%progbits
 1055              		.align	1
 1056              		.global	ILI9341_DrawImage
 1057              		.syntax unified
 1058              		.thumb
 1059              		.thumb_func
 1061              	ILI9341_DrawImage:
 1062              	.LVL156:
 1063              	.LFB144:
 340:Core/Src/ili9341.c **** 
 341:Core/Src/ili9341.c **** void ILI9341_DrawImage(
 342:Core/Src/ili9341.c ****     uint16_t x,
 343:Core/Src/ili9341.c ****     uint16_t y,
 344:Core/Src/ili9341.c ****     uint16_t width,
 345:Core/Src/ili9341.c ****     uint16_t height,
 346:Core/Src/ili9341.c ****     const uint16_t *image)
 347:Core/Src/ili9341.c **** {
 1064              		.loc 1 347 1 is_stmt 1 view -0
 1065              		.cfi_startproc
 1066              		@ args = 4, pretend = 0, frame = 128
 1067              		@ frame_needed = 0, uses_anonymous_args = 0
 1068              		.loc 1 347 1 is_stmt 0 view .LVU225
 1069 0000 F0B5     		push	{r4, r5, r6, r7, lr}
 1070              	.LCFI22:
 1071              		.cfi_def_cfa_offset 20
 1072              		.cfi_offset 4, -20
 1073              		.cfi_offset 5, -16
 1074              		.cfi_offset 6, -12
 1075              		.cfi_offset 7, -8
 1076              		.cfi_offset 14, -4
 1077 0002 A1B0     		sub	sp, sp, #132
 1078              	.LCFI23:
 1079              		.cfi_def_cfa_offset 152
 1080 0004 269E     		ldr	r6, [sp, #152]
 348:Core/Src/ili9341.c ****     uint8_t buffer[128];
 1081              		.loc 1 348 5 is_stmt 1 view .LVU226
 349:Core/Src/ili9341.c **** 
 350:Core/Src/ili9341.c ****     uint32_t totalPixels;
 1082              		.loc 1 350 5 view .LVU227
 351:Core/Src/ili9341.c ****     uint32_t pixelIndex = 0U;
 1083              		.loc 1 351 5 view .LVU228
 1084              	.LVL157:
 352:Core/Src/ili9341.c ****     uint32_t remainingPixels;
 1085              		.loc 1 352 5 view .LVU229
 353:Core/Src/ili9341.c **** 
 354:Core/Src/ili9341.c ****     if ((image == NULL) || (width == 0U) || (height == 0U))
 1086              		.loc 1 354 5 view .LVU230
 1087              		.loc 1 354 8 is_stmt 0 view .LVU231
 1088 0006 56B1     		cbz	r6, .L52
 1089 0008 1746     		mov	r7, r2
 1090 000a 1C46     		mov	r4, r3
 1091              		.loc 1 354 25 discriminator 1 view .LVU232
 1092 000c 3AB1     		cbz	r2, .L52
 1093              		.loc 1 354 42 discriminator 2 view .LVU233
 1094 000e 33B1     		cbz	r3, .L52
ARM GAS  C:\Users\user\AppData\Local\Temp\ccbDLEFn.s 			page 27


 355:Core/Src/ili9341.c ****     {
 356:Core/Src/ili9341.c ****         return;
 357:Core/Src/ili9341.c ****     }
 358:Core/Src/ili9341.c **** 
 359:Core/Src/ili9341.c ****     /* 確認圖片沒有超出螢幕範圍 */
 360:Core/Src/ili9341.c ****     if (((uint32_t)x + (uint32_t)width) > ILI9341_WIDTH)
 1095              		.loc 1 360 5 is_stmt 1 view .LVU234
 1096              		.loc 1 360 22 is_stmt 0 view .LVU235
 1097 0010 8318     		adds	r3, r0, r2
 1098              	.LVL158:
 1099              		.loc 1 360 8 view .LVU236
 1100 0012 B3F5A07F 		cmp	r3, #320
 1101 0016 02D8     		bhi	.L52
 361:Core/Src/ili9341.c ****     {
 362:Core/Src/ili9341.c ****         return;
 363:Core/Src/ili9341.c ****     }
 364:Core/Src/ili9341.c **** 
 365:Core/Src/ili9341.c ****     if (((uint32_t)y + (uint32_t)height) > ILI9341_HEIGHT)
 1102              		.loc 1 365 5 is_stmt 1 view .LVU237
 1103              		.loc 1 365 22 is_stmt 0 view .LVU238
 1104 0018 0B19     		adds	r3, r1, r4
 1105              		.loc 1 365 8 view .LVU239
 1106 001a F02B     		cmp	r3, #240
 1107 001c 01D9     		bls	.L62
 1108              	.LVL159:
 1109              	.L52:
 366:Core/Src/ili9341.c ****     {
 367:Core/Src/ili9341.c ****         return;
 368:Core/Src/ili9341.c ****     }
 369:Core/Src/ili9341.c **** 
 370:Core/Src/ili9341.c ****     /* 設定要寫入圖片的顯示範圍 */
 371:Core/Src/ili9341.c ****     LCD_SetRegion(
 372:Core/Src/ili9341.c ****         x,
 373:Core/Src/ili9341.c ****         y,
 374:Core/Src/ili9341.c ****         (uint16_t)(x + width - 1U),
 375:Core/Src/ili9341.c ****         (uint16_t)(y + height - 1U)
 376:Core/Src/ili9341.c ****     );
 377:Core/Src/ili9341.c **** 
 378:Core/Src/ili9341.c ****     totalPixels = (uint32_t)width * (uint32_t)height;
 379:Core/Src/ili9341.c **** 
 380:Core/Src/ili9341.c ****     LCD_CS_LOW();
 381:Core/Src/ili9341.c ****     LCD_DC_DATA();
 382:Core/Src/ili9341.c **** 
 383:Core/Src/ili9341.c ****     while (pixelIndex < totalPixels)
 384:Core/Src/ili9341.c ****     {
 385:Core/Src/ili9341.c ****         uint16_t pixelsThisTransfer;
 386:Core/Src/ili9341.c ****         uint16_t bufferIndex = 0U;
 387:Core/Src/ili9341.c **** 
 388:Core/Src/ili9341.c ****         remainingPixels = totalPixels - pixelIndex;
 389:Core/Src/ili9341.c **** 
 390:Core/Src/ili9341.c ****         /*
 391:Core/Src/ili9341.c ****          * buffer 為 128 bytes。
 392:Core/Src/ili9341.c ****          * 一個 RGB565 像素是 2 bytes，
 393:Core/Src/ili9341.c ****          * 所以每次最多傳送 64 個像素。
 394:Core/Src/ili9341.c ****          */
 395:Core/Src/ili9341.c ****         if (remainingPixels > 64U)
 396:Core/Src/ili9341.c ****         {
ARM GAS  C:\Users\user\AppData\Local\Temp\ccbDLEFn.s 			page 28


 397:Core/Src/ili9341.c ****             pixelsThisTransfer = 64U;
 398:Core/Src/ili9341.c ****         }
 399:Core/Src/ili9341.c ****         else
 400:Core/Src/ili9341.c ****         {
 401:Core/Src/ili9341.c ****             pixelsThisTransfer = (uint16_t)remainingPixels;
 402:Core/Src/ili9341.c ****         }
 403:Core/Src/ili9341.c **** 
 404:Core/Src/ili9341.c ****         for (uint16_t i = 0U; i < pixelsThisTransfer; i++)
 405:Core/Src/ili9341.c ****         {
 406:Core/Src/ili9341.c ****             uint16_t color = image[pixelIndex + i];
 407:Core/Src/ili9341.c **** 
 408:Core/Src/ili9341.c ****             /* ILI9341 需要高位元組先送 */
 409:Core/Src/ili9341.c ****             buffer[bufferIndex] =
 410:Core/Src/ili9341.c ****                 (uint8_t)(color >> 8);
 411:Core/Src/ili9341.c **** 
 412:Core/Src/ili9341.c ****             buffer[bufferIndex + 1U] =
 413:Core/Src/ili9341.c ****                 (uint8_t)(color & 0xFFU);
 414:Core/Src/ili9341.c **** 
 415:Core/Src/ili9341.c ****             bufferIndex += 2U;
 416:Core/Src/ili9341.c ****         }
 417:Core/Src/ili9341.c **** 
 418:Core/Src/ili9341.c ****         LCD_Transmit(
 419:Core/Src/ili9341.c ****             buffer,
 420:Core/Src/ili9341.c ****             (uint16_t)(pixelsThisTransfer * 2U)
 421:Core/Src/ili9341.c ****         );
 422:Core/Src/ili9341.c **** 
 423:Core/Src/ili9341.c ****         pixelIndex += pixelsThisTransfer;
 424:Core/Src/ili9341.c ****     }
 425:Core/Src/ili9341.c **** 
 426:Core/Src/ili9341.c ****     LCD_CS_HIGH();
 427:Core/Src/ili9341.c **** }
 1110              		.loc 1 427 1 view .LVU240
 1111 001e 21B0     		add	sp, sp, #132
 1112              	.LCFI24:
 1113              		.cfi_remember_state
 1114              		.cfi_def_cfa_offset 20
 1115              		@ sp needed
 1116 0020 F0BD     		pop	{r4, r5, r6, r7, pc}
 1117              	.LVL160:
 1118              	.L62:
 1119              	.LCFI25:
 1120              		.cfi_restore_state
 371:Core/Src/ili9341.c ****         x,
 1121              		.loc 1 371 5 is_stmt 1 view .LVU241
 374:Core/Src/ili9341.c ****         (uint16_t)(y + height - 1U)
 1122              		.loc 1 374 22 is_stmt 0 view .LVU242
 1123 0022 0244     		add	r2, r2, r0
 1124              	.LVL161:
 374:Core/Src/ili9341.c ****         (uint16_t)(y + height - 1U)
 1125              		.loc 1 374 22 view .LVU243
 1126 0024 92B2     		uxth	r2, r2
 375:Core/Src/ili9341.c ****     );
 1127              		.loc 1 375 22 view .LVU244
 1128 0026 9BB2     		uxth	r3, r3
 371:Core/Src/ili9341.c ****         x,
 1129              		.loc 1 371 5 view .LVU245
 1130 0028 013B     		subs	r3, r3, #1
ARM GAS  C:\Users\user\AppData\Local\Temp\ccbDLEFn.s 			page 29


 1131 002a 013A     		subs	r2, r2, #1
 1132 002c 9BB2     		uxth	r3, r3
 1133 002e 92B2     		uxth	r2, r2
 1134 0030 FFF7FEFF 		bl	LCD_SetRegion
 1135              	.LVL162:
 378:Core/Src/ili9341.c **** 
 1136              		.loc 1 378 5 is_stmt 1 view .LVU246
 378:Core/Src/ili9341.c **** 
 1137              		.loc 1 378 17 is_stmt 0 view .LVU247
 1138 0034 04FB07F7 		mul	r7, r4, r7
 1139              	.LVL163:
 380:Core/Src/ili9341.c ****     LCD_DC_DATA();
 1140              		.loc 1 380 5 is_stmt 1 view .LVU248
 1141 0038 0022     		movs	r2, #0
 1142 003a 4FF48051 		mov	r1, #4096
 1143 003e 1B48     		ldr	r0, .L64
 1144 0040 FFF7FEFF 		bl	HAL_GPIO_WritePin
 1145              	.LVL164:
 381:Core/Src/ili9341.c **** 
 1146              		.loc 1 381 5 view .LVU249
 1147 0044 0122     		movs	r2, #1
 1148 0046 1021     		movs	r1, #16
 1149 0048 1948     		ldr	r0, .L64+4
 1150 004a FFF7FEFF 		bl	HAL_GPIO_WritePin
 1151              	.LVL165:
 383:Core/Src/ili9341.c ****     {
 1152              		.loc 1 383 5 view .LVU250
 351:Core/Src/ili9341.c ****     uint32_t remainingPixels;
 1153              		.loc 1 351 14 is_stmt 0 view .LVU251
 1154 004e 0025     		movs	r5, #0
 383:Core/Src/ili9341.c ****     {
 1155              		.loc 1 383 11 view .LVU252
 1156 0050 1CE0     		b	.L54
 1157              	.LVL166:
 1158              	.L60:
 1159              	.LBB3:
 397:Core/Src/ili9341.c ****         }
 1160              		.loc 1 397 32 view .LVU253
 1161 0052 4024     		movs	r4, #64
 1162              	.LVL167:
 397:Core/Src/ili9341.c ****         }
 1163              		.loc 1 397 32 view .LVU254
 1164 0054 20E0     		b	.L55
 1165              	.LVL168:
 1166              	.L57:
 1167              	.LBB4:
 1168              	.LBB5:
 406:Core/Src/ili9341.c **** 
 1169              		.loc 1 406 13 is_stmt 1 view .LVU255
 406:Core/Src/ili9341.c **** 
 1170              		.loc 1 406 47 is_stmt 0 view .LVU256
 1171 0056 4B19     		adds	r3, r1, r5
 406:Core/Src/ili9341.c **** 
 1172              		.loc 1 406 22 view .LVU257
 1173 0058 36F81320 		ldrh	r2, [r6, r3, lsl #1]
 1174              	.LVL169:
 409:Core/Src/ili9341.c ****                 (uint8_t)(color >> 8);
ARM GAS  C:\Users\user\AppData\Local\Temp\ccbDLEFn.s 			page 30


 1175              		.loc 1 409 13 is_stmt 1 view .LVU258
 410:Core/Src/ili9341.c **** 
 1176              		.loc 1 410 17 is_stmt 0 view .LVU259
 1177 005c 4FEA122C 		lsr	ip, r2, #8
 409:Core/Src/ili9341.c ****                 (uint8_t)(color >> 8);
 1178              		.loc 1 409 33 view .LVU260
 1179 0060 00F18003 		add	r3, r0, #128
 1180 0064 6B44     		add	r3, sp, r3
 1181 0066 03F880CC 		strb	ip, [r3, #-128]
 412:Core/Src/ili9341.c ****                 (uint8_t)(color & 0xFFU);
 1182              		.loc 1 412 13 is_stmt 1 view .LVU261
 412:Core/Src/ili9341.c ****                 (uint8_t)(color & 0xFFU);
 1183              		.loc 1 412 38 is_stmt 0 view .LVU262
 1184 006a 00F18103 		add	r3, r0, #129
 1185 006e 6B44     		add	r3, sp, r3
 1186 0070 03F8802C 		strb	r2, [r3, #-128]
 415:Core/Src/ili9341.c ****         }
 1187              		.loc 1 415 13 is_stmt 1 view .LVU263
 415:Core/Src/ili9341.c ****         }
 1188              		.loc 1 415 25 is_stmt 0 view .LVU264
 1189 0074 0230     		adds	r0, r0, #2
 1190              	.LVL170:
 415:Core/Src/ili9341.c ****         }
 1191              		.loc 1 415 25 view .LVU265
 1192 0076 80B2     		uxth	r0, r0
 1193              	.LVL171:
 415:Core/Src/ili9341.c ****         }
 1194              		.loc 1 415 25 view .LVU266
 1195              	.LBE5:
 404:Core/Src/ili9341.c ****         {
 1196              		.loc 1 404 56 is_stmt 1 discriminator 3 view .LVU267
 1197 0078 0131     		adds	r1, r1, #1
 1198              	.LVL172:
 404:Core/Src/ili9341.c ****         {
 1199              		.loc 1 404 56 is_stmt 0 discriminator 3 view .LVU268
 1200 007a 89B2     		uxth	r1, r1
 1201              	.LVL173:
 1202              	.L56:
 404:Core/Src/ili9341.c ****         {
 1203              		.loc 1 404 33 is_stmt 1 discriminator 1 view .LVU269
 1204 007c 8C42     		cmp	r4, r1
 1205 007e EAD8     		bhi	.L57
 1206              	.LBE4:
 418:Core/Src/ili9341.c ****             buffer,
 1207              		.loc 1 418 9 view .LVU270
 1208 0080 6100     		lsls	r1, r4, #1
 1209              	.LVL174:
 418:Core/Src/ili9341.c ****             buffer,
 1210              		.loc 1 418 9 is_stmt 0 view .LVU271
 1211 0082 89B2     		uxth	r1, r1
 1212 0084 6846     		mov	r0, sp
 1213              	.LVL175:
 418:Core/Src/ili9341.c ****             buffer,
 1214              		.loc 1 418 9 view .LVU272
 1215 0086 FFF7FEFF 		bl	LCD_Transmit
 1216              	.LVL176:
 423:Core/Src/ili9341.c ****     }
ARM GAS  C:\Users\user\AppData\Local\Temp\ccbDLEFn.s 			page 31


 1217              		.loc 1 423 9 is_stmt 1 view .LVU273
 423:Core/Src/ili9341.c ****     }
 1218              		.loc 1 423 20 is_stmt 0 view .LVU274
 1219 008a 2544     		add	r5, r5, r4
 1220              	.LVL177:
 1221              	.L54:
 423:Core/Src/ili9341.c ****     }
 1222              		.loc 1 423 20 view .LVU275
 1223              	.LBE3:
 383:Core/Src/ili9341.c ****     {
 1224              		.loc 1 383 23 is_stmt 1 view .LVU276
 1225 008c BD42     		cmp	r5, r7
 1226 008e 06D2     		bcs	.L63
 1227              	.LBB8:
 385:Core/Src/ili9341.c ****         uint16_t bufferIndex = 0U;
 1228              		.loc 1 385 9 view .LVU277
 386:Core/Src/ili9341.c **** 
 1229              		.loc 1 386 9 view .LVU278
 1230              	.LVL178:
 388:Core/Src/ili9341.c **** 
 1231              		.loc 1 388 9 view .LVU279
 388:Core/Src/ili9341.c **** 
 1232              		.loc 1 388 25 is_stmt 0 view .LVU280
 1233 0090 7C1B     		subs	r4, r7, r5
 1234              	.LVL179:
 395:Core/Src/ili9341.c ****         {
 1235              		.loc 1 395 9 is_stmt 1 view .LVU281
 395:Core/Src/ili9341.c ****         {
 1236              		.loc 1 395 12 is_stmt 0 view .LVU282
 1237 0092 402C     		cmp	r4, #64
 1238 0094 DDD8     		bhi	.L60
 401:Core/Src/ili9341.c ****         }
 1239              		.loc 1 401 13 is_stmt 1 view .LVU283
 401:Core/Src/ili9341.c ****         }
 1240              		.loc 1 401 32 is_stmt 0 view .LVU284
 1241 0096 A4B2     		uxth	r4, r4
 1242              	.LVL180:
 1243              	.L55:
 404:Core/Src/ili9341.c ****         {
 1244              		.loc 1 404 9 is_stmt 1 view .LVU285
 1245              	.LBB6:
 404:Core/Src/ili9341.c ****         {
 1246              		.loc 1 404 14 view .LVU286
 404:Core/Src/ili9341.c ****         {
 1247              		.loc 1 404 23 is_stmt 0 view .LVU287
 1248 0098 0021     		movs	r1, #0
 1249              	.LBE6:
 386:Core/Src/ili9341.c **** 
 1250              		.loc 1 386 18 view .LVU288
 1251 009a 0846     		mov	r0, r1
 1252              	.LBB7:
 404:Core/Src/ili9341.c ****         {
 1253              		.loc 1 404 9 view .LVU289
 1254 009c EEE7     		b	.L56
 1255              	.LVL181:
 1256              	.L63:
 404:Core/Src/ili9341.c ****         {
ARM GAS  C:\Users\user\AppData\Local\Temp\ccbDLEFn.s 			page 32


 1257              		.loc 1 404 9 view .LVU290
 1258              	.LBE7:
 1259              	.LBE8:
 426:Core/Src/ili9341.c **** }
 1260              		.loc 1 426 5 is_stmt 1 view .LVU291
 1261 009e 0122     		movs	r2, #1
 1262 00a0 4FF48051 		mov	r1, #4096
 1263 00a4 0148     		ldr	r0, .L64
 1264 00a6 FFF7FEFF 		bl	HAL_GPIO_WritePin
 1265              	.LVL182:
 1266 00aa B8E7     		b	.L52
 1267              	.L65:
 1268              		.align	2
 1269              	.L64:
 1270 00ac 00040240 		.word	1073873920
 1271 00b0 00080240 		.word	1073874944
 1272              		.cfi_endproc
 1273              	.LFE144:
 1275              		.section	.text.ILI9341_TestPattern,"ax",%progbits
 1276              		.align	1
 1277              		.global	ILI9341_TestPattern
 1278              		.syntax unified
 1279              		.thumb
 1280              		.thumb_func
 1282              	ILI9341_TestPattern:
 1283              	.LFB145:
 428:Core/Src/ili9341.c **** 
 429:Core/Src/ili9341.c **** void ILI9341_TestPattern(void)
 430:Core/Src/ili9341.c **** {
 1284              		.loc 1 430 1 view -0
 1285              		.cfi_startproc
 1286              		@ args = 0, pretend = 0, frame = 0
 1287              		@ frame_needed = 0, uses_anonymous_args = 0
 1288 0000 00B5     		push	{lr}
 1289              	.LCFI26:
 1290              		.cfi_def_cfa_offset 4
 1291              		.cfi_offset 14, -4
 1292 0002 83B0     		sub	sp, sp, #12
 1293              	.LCFI27:
 1294              		.cfi_def_cfa_offset 16
 431:Core/Src/ili9341.c ****     ILI9341_FillRect(0U,   0U, 240U, 64U, ILI9341_RED);
 1295              		.loc 1 431 5 view .LVU293
 1296 0004 4FF47843 		mov	r3, #63488
 1297 0008 0093     		str	r3, [sp]
 1298 000a 4023     		movs	r3, #64
 1299 000c F022     		movs	r2, #240
 1300 000e 0021     		movs	r1, #0
 1301 0010 0846     		mov	r0, r1
 1302 0012 FFF7FEFF 		bl	ILI9341_FillRect
 1303              	.LVL183:
 432:Core/Src/ili9341.c ****     ILI9341_FillRect(0U,  64U, 240U, 64U, ILI9341_GREEN);
 1304              		.loc 1 432 5 view .LVU294
 1305 0016 4FF4FC63 		mov	r3, #2016
 1306 001a 0093     		str	r3, [sp]
 1307 001c 4023     		movs	r3, #64
 1308 001e F022     		movs	r2, #240
 1309 0020 1946     		mov	r1, r3
ARM GAS  C:\Users\user\AppData\Local\Temp\ccbDLEFn.s 			page 33


 1310 0022 0020     		movs	r0, #0
 1311 0024 FFF7FEFF 		bl	ILI9341_FillRect
 1312              	.LVL184:
 433:Core/Src/ili9341.c ****     ILI9341_FillRect(0U, 128U, 240U, 64U, ILI9341_BLUE);
 1313              		.loc 1 433 5 view .LVU295
 1314 0028 1F23     		movs	r3, #31
 1315 002a 0093     		str	r3, [sp]
 1316 002c 4023     		movs	r3, #64
 1317 002e F022     		movs	r2, #240
 1318 0030 8021     		movs	r1, #128
 1319 0032 0020     		movs	r0, #0
 1320 0034 FFF7FEFF 		bl	ILI9341_FillRect
 1321              	.LVL185:
 434:Core/Src/ili9341.c ****     ILI9341_FillRect(0U, 192U, 240U, 64U, ILI9341_WHITE);
 1322              		.loc 1 434 5 view .LVU296
 1323 0038 4FF6FF73 		movw	r3, #65535
 1324 003c 0093     		str	r3, [sp]
 1325 003e 4023     		movs	r3, #64
 1326 0040 F022     		movs	r2, #240
 1327 0042 C021     		movs	r1, #192
 1328 0044 0020     		movs	r0, #0
 1329 0046 FFF7FEFF 		bl	ILI9341_FillRect
 1330              	.LVL186:
 435:Core/Src/ili9341.c ****     ILI9341_FillRect(0U, 256U, 240U, 64U, ILI9341_YELLOW);
 1331              		.loc 1 435 5 view .LVU297
 1332 004a 4FF6E073 		movw	r3, #65504
 1333 004e 0093     		str	r3, [sp]
 1334 0050 4023     		movs	r3, #64
 1335 0052 F022     		movs	r2, #240
 1336 0054 4FF48071 		mov	r1, #256
 1337 0058 0020     		movs	r0, #0
 1338 005a FFF7FEFF 		bl	ILI9341_FillRect
 1339              	.LVL187:
 436:Core/Src/ili9341.c **** }
 1340              		.loc 1 436 1 is_stmt 0 view .LVU298
 1341 005e 03B0     		add	sp, sp, #12
 1342              	.LCFI28:
 1343              		.cfi_def_cfa_offset 4
 1344              		@ sp needed
 1345 0060 5DF804FB 		ldr	pc, [sp], #4
 1346              		.cfi_endproc
 1347              	.LFE145:
 1349              		.text
 1350              	.Letext0:
 1351              		.file 2 "C:/msys64/mingw64/arm-none-eabi/include/machine/_default_types.h"
 1352              		.file 3 "C:/msys64/mingw64/arm-none-eabi/include/sys/_stdint.h"
 1353              		.file 4 "Drivers/CMSIS/Device/ST/STM32F4xx/Include/stm32f407xx.h"
 1354              		.file 5 "Drivers/CMSIS/Device/ST/STM32F4xx/Include/stm32f4xx.h"
 1355              		.file 6 "Drivers/STM32F4xx_HAL_Driver/Inc/stm32f4xx_hal_def.h"
 1356              		.file 7 "Drivers/STM32F4xx_HAL_Driver/Inc/stm32f4xx_hal_gpio.h"
 1357              		.file 8 "Drivers/STM32F4xx_HAL_Driver/Inc/stm32f4xx_hal_dma.h"
 1358              		.file 9 "Drivers/STM32F4xx_HAL_Driver/Inc/stm32f4xx_hal_spi.h"
 1359              		.file 10 "Drivers/STM32F4xx_HAL_Driver/Inc/stm32f4xx_hal.h"
 1360              		.file 11 "Core/Inc/spi.h"
 1361              		.file 12 "Core/Inc/main.h"
ARM GAS  C:\Users\user\AppData\Local\Temp\ccbDLEFn.s 			page 34


DEFINED SYMBOLS
                            *ABS*:00000000 ili9341.c
C:\Users\user\AppData\Local\Temp\ccbDLEFn.s:21     .text.LCD_Reset:00000000 $t
C:\Users\user\AppData\Local\Temp\ccbDLEFn.s:26     .text.LCD_Reset:00000000 LCD_Reset
C:\Users\user\AppData\Local\Temp\ccbDLEFn.s:75     .text.LCD_Reset:00000040 $d
C:\Users\user\AppData\Local\Temp\ccbDLEFn.s:81     .text.LCD_Transmit:00000000 $t
C:\Users\user\AppData\Local\Temp\ccbDLEFn.s:86     .text.LCD_Transmit:00000000 LCD_Transmit
C:\Users\user\AppData\Local\Temp\ccbDLEFn.s:142    .text.LCD_Transmit:0000002c $d
C:\Users\user\AppData\Local\Temp\ccbDLEFn.s:147    .text.LCD_WriteData8:00000000 $t
C:\Users\user\AppData\Local\Temp\ccbDLEFn.s:152    .text.LCD_WriteData8:00000000 LCD_WriteData8
C:\Users\user\AppData\Local\Temp\ccbDLEFn.s:204    .text.LCD_WriteData8:0000003c $d
C:\Users\user\AppData\Local\Temp\ccbDLEFn.s:210    .text.LCD_WriteIndex:00000000 $t
C:\Users\user\AppData\Local\Temp\ccbDLEFn.s:215    .text.LCD_WriteIndex:00000000 LCD_WriteIndex
C:\Users\user\AppData\Local\Temp\ccbDLEFn.s:267    .text.LCD_WriteIndex:0000003c $d
C:\Users\user\AppData\Local\Temp\ccbDLEFn.s:273    .text.LCD_WriteData16:00000000 $t
C:\Users\user\AppData\Local\Temp\ccbDLEFn.s:278    .text.LCD_WriteData16:00000000 LCD_WriteData16
C:\Users\user\AppData\Local\Temp\ccbDLEFn.s:338    .text.LCD_WriteData16:00000040 $d
C:\Users\user\AppData\Local\Temp\ccbDLEFn.s:344    .text.LCD_SetRegion:00000000 $t
C:\Users\user\AppData\Local\Temp\ccbDLEFn.s:349    .text.LCD_SetRegion:00000000 LCD_SetRegion
C:\Users\user\AppData\Local\Temp\ccbDLEFn.s:407    .text.ILI9341_Init:00000000 $t
C:\Users\user\AppData\Local\Temp\ccbDLEFn.s:413    .text.ILI9341_Init:00000000 ILI9341_Init
C:\Users\user\AppData\Local\Temp\ccbDLEFn.s:781    .text.ILI9341_FillRect:00000000 $t
C:\Users\user\AppData\Local\Temp\ccbDLEFn.s:787    .text.ILI9341_FillRect:00000000 ILI9341_FillRect
C:\Users\user\AppData\Local\Temp\ccbDLEFn.s:969    .text.ILI9341_FillRect:000000b4 $d
C:\Users\user\AppData\Local\Temp\ccbDLEFn.s:975    .text.ILI9341_FillScreen:00000000 $t
C:\Users\user\AppData\Local\Temp\ccbDLEFn.s:981    .text.ILI9341_FillScreen:00000000 ILI9341_FillScreen
C:\Users\user\AppData\Local\Temp\ccbDLEFn.s:1016   .text.ILI9341_DrawPixel:00000000 $t
C:\Users\user\AppData\Local\Temp\ccbDLEFn.s:1022   .text.ILI9341_DrawPixel:00000000 ILI9341_DrawPixel
C:\Users\user\AppData\Local\Temp\ccbDLEFn.s:1055   .text.ILI9341_DrawImage:00000000 $t
C:\Users\user\AppData\Local\Temp\ccbDLEFn.s:1061   .text.ILI9341_DrawImage:00000000 ILI9341_DrawImage
C:\Users\user\AppData\Local\Temp\ccbDLEFn.s:1270   .text.ILI9341_DrawImage:000000ac $d
C:\Users\user\AppData\Local\Temp\ccbDLEFn.s:1276   .text.ILI9341_TestPattern:00000000 $t
C:\Users\user\AppData\Local\Temp\ccbDLEFn.s:1282   .text.ILI9341_TestPattern:00000000 ILI9341_TestPattern

UNDEFINED SYMBOLS
HAL_GPIO_WritePin
HAL_Delay
HAL_SPI_Transmit
Error_Handler
hspi2
