Archive member included to satisfy reference by file (symbol)

C:/msys64/mingw64/bin/../lib/gcc/arm-none-eabi/13.3.0/../../../../arm-none-eabi/lib/thumb/v7e-m+fp/hard\libc_nano.a(libc_a-atexit.o)
                              C:/msys64/mingw64/bin/../lib/gcc/arm-none-eabi/13.3.0/../../../../arm-none-eabi/lib/thumb/v7e-m+fp/hard/crt0.o (atexit)
C:/msys64/mingw64/bin/../lib/gcc/arm-none-eabi/13.3.0/../../../../arm-none-eabi/lib/thumb/v7e-m+fp/hard\libc_nano.a(libc_a-exit.o)
                              C:/msys64/mingw64/bin/../lib/gcc/arm-none-eabi/13.3.0/../../../../arm-none-eabi/lib/thumb/v7e-m+fp/hard/crt0.o (exit)
C:/msys64/mingw64/bin/../lib/gcc/arm-none-eabi/13.3.0/../../../../arm-none-eabi/lib/thumb/v7e-m+fp/hard\libc_nano.a(libc_a-malloc.o)
                              build/usbh_cdc.o (malloc)
C:/msys64/mingw64/bin/../lib/gcc/arm-none-eabi/13.3.0/../../../../arm-none-eabi/lib/thumb/v7e-m+fp/hard\libc_nano.a(libc_a-mallocr.o)
                              C:/msys64/mingw64/bin/../lib/gcc/arm-none-eabi/13.3.0/../../../../arm-none-eabi/lib/thumb/v7e-m+fp/hard\libc_nano.a(libc_a-malloc.o) (_malloc_r)
C:/msys64/mingw64/bin/../lib/gcc/arm-none-eabi/13.3.0/../../../../arm-none-eabi/lib/thumb/v7e-m+fp/hard\libc_nano.a(libc_a-mlock.o)
                              C:/msys64/mingw64/bin/../lib/gcc/arm-none-eabi/13.3.0/../../../../arm-none-eabi/lib/thumb/v7e-m+fp/hard\libc_nano.a(libc_a-mallocr.o) (__malloc_lock)
C:/msys64/mingw64/bin/../lib/gcc/arm-none-eabi/13.3.0/../../../../arm-none-eabi/lib/thumb/v7e-m+fp/hard\libc_nano.a(libc_a-findfp.o)
                              C:/msys64/mingw64/bin/../lib/gcc/arm-none-eabi/13.3.0/../../../../arm-none-eabi/lib/thumb/v7e-m+fp/hard\libc_nano.a(libc_a-exit.o) (__stdio_exit_handler)
C:/msys64/mingw64/bin/../lib/gcc/arm-none-eabi/13.3.0/../../../../arm-none-eabi/lib/thumb/v7e-m+fp/hard\libc_nano.a(libc_a-fwalk.o)
                              C:/msys64/mingw64/bin/../lib/gcc/arm-none-eabi/13.3.0/../../../../arm-none-eabi/lib/thumb/v7e-m+fp/hard\libc_nano.a(libc_a-findfp.o) (_fwalk_sglue)
C:/msys64/mingw64/bin/../lib/gcc/arm-none-eabi/13.3.0/../../../../arm-none-eabi/lib/thumb/v7e-m+fp/hard\libc_nano.a(libc_a-stdio.o)
                              C:/msys64/mingw64/bin/../lib/gcc/arm-none-eabi/13.3.0/../../../../arm-none-eabi/lib/thumb/v7e-m+fp/hard\libc_nano.a(libc_a-findfp.o) (__sread)
C:/msys64/mingw64/bin/../lib/gcc/arm-none-eabi/13.3.0/../../../../arm-none-eabi/lib/thumb/v7e-m+fp/hard\libc_nano.a(libc_a-memset.o)
                              C:/msys64/mingw64/bin/../lib/gcc/arm-none-eabi/13.3.0/../../../../arm-none-eabi/lib/thumb/v7e-m+fp/hard/crt0.o (memset)
C:/msys64/mingw64/bin/../lib/gcc/arm-none-eabi/13.3.0/../../../../arm-none-eabi/lib/thumb/v7e-m+fp/hard\libc_nano.a(libc_a-closer.o)
                              C:/msys64/mingw64/bin/../lib/gcc/arm-none-eabi/13.3.0/../../../../arm-none-eabi/lib/thumb/v7e-m+fp/hard\libc_nano.a(libc_a-stdio.o) (_close_r)
C:/msys64/mingw64/bin/../lib/gcc/arm-none-eabi/13.3.0/../../../../arm-none-eabi/lib/thumb/v7e-m+fp/hard\libc_nano.a(libc_a-reent.o)
                              C:/msys64/mingw64/bin/../lib/gcc/arm-none-eabi/13.3.0/../../../../arm-none-eabi/lib/thumb/v7e-m+fp/hard\libc_nano.a(libc_a-closer.o) (errno)
C:/msys64/mingw64/bin/../lib/gcc/arm-none-eabi/13.3.0/../../../../arm-none-eabi/lib/thumb/v7e-m+fp/hard\libc_nano.a(libc_a-impure.o)
                              C:/msys64/mingw64/bin/../lib/gcc/arm-none-eabi/13.3.0/../../../../arm-none-eabi/lib/thumb/v7e-m+fp/hard\libc_nano.a(libc_a-malloc.o) (_impure_ptr)
C:/msys64/mingw64/bin/../lib/gcc/arm-none-eabi/13.3.0/../../../../arm-none-eabi/lib/thumb/v7e-m+fp/hard\libc_nano.a(libc_a-lseekr.o)
                              C:/msys64/mingw64/bin/../lib/gcc/arm-none-eabi/13.3.0/../../../../arm-none-eabi/lib/thumb/v7e-m+fp/hard\libc_nano.a(libc_a-stdio.o) (_lseek_r)
C:/msys64/mingw64/bin/../lib/gcc/arm-none-eabi/13.3.0/../../../../arm-none-eabi/lib/thumb/v7e-m+fp/hard\libc_nano.a(libc_a-readr.o)
                              C:/msys64/mingw64/bin/../lib/gcc/arm-none-eabi/13.3.0/../../../../arm-none-eabi/lib/thumb/v7e-m+fp/hard\libc_nano.a(libc_a-stdio.o) (_read_r)
C:/msys64/mingw64/bin/../lib/gcc/arm-none-eabi/13.3.0/../../../../arm-none-eabi/lib/thumb/v7e-m+fp/hard\libc_nano.a(libc_a-sbrkr.o)
                              C:/msys64/mingw64/bin/../lib/gcc/arm-none-eabi/13.3.0/../../../../arm-none-eabi/lib/thumb/v7e-m+fp/hard\libc_nano.a(libc_a-mallocr.o) (_sbrk_r)
C:/msys64/mingw64/bin/../lib/gcc/arm-none-eabi/13.3.0/../../../../arm-none-eabi/lib/thumb/v7e-m+fp/hard\libc_nano.a(libc_a-writer.o)
                              C:/msys64/mingw64/bin/../lib/gcc/arm-none-eabi/13.3.0/../../../../arm-none-eabi/lib/thumb/v7e-m+fp/hard\libc_nano.a(libc_a-stdio.o) (_write_r)
C:/msys64/mingw64/bin/../lib/gcc/arm-none-eabi/13.3.0/../../../../arm-none-eabi/lib/thumb/v7e-m+fp/hard\libc_nano.a(libc_a-errno.o)
                              build/sysmem.o (__errno)
[...]
Memory Configuration

Name             Origin             Length             Attributes
RAM              0x20000000         0x00020000         xrw
CCMRAM           0x10000000         0x00010000         xrw
FLASH            0x08000000         0x00100000         xr
*default*        0x00000000         0xffffffff

Linker script and memory map

LOAD C:/msys64/mingw64/bin/../lib/gcc/arm-none-eabi/13.3.0/thumb/v7e-m+fp/hard/crti.o
LOAD C:/msys64/mingw64/bin/../lib/gcc/arm-none-eabi/13.3.0/thumb/v7e-m+fp/hard/crtbegin.o
LOAD C:/msys64/mingw64/bin/../lib/gcc/arm-none-eabi/13.3.0/../../../../arm-none-eabi/lib/thumb/v7e-m+fp/hard/crt0.o
LOAD build/main.o
LOAD build/stm32f4xx_it.o
LOAD build/stm32f4xx_hal_msp.o
LOAD build/ili9341.o
LOAD build/lcd.o
LOAD build/lcd_images.o
LOAD build/usb_host.o
LOAD build/usbh_conf.o
LOAD build/usbh_platform.o
LOAD build/stm32f4xx_hal_hcd.o
LOAD build/stm32f4xx_ll_usb.o
LOAD build/stm32f4xx_hal_rcc.o
LOAD build/stm32f4xx_hal_rcc_ex.o
LOAD build/stm32f4xx_hal_flash.o
LOAD build/stm32f4xx_hal_flash_ex.o
LOAD build/stm32f4xx_hal_flash_ramfunc.o
LOAD build/stm32f4xx_hal_gpio.o
LOAD build/stm32f4xx_hal_dma_ex.o
LOAD build/stm32f4xx_hal_dma.o
LOAD build/stm32f4xx_hal_pwr.o
LOAD build/stm32f4xx_hal_pwr_ex.o
LOAD build/stm32f4xx_hal_cortex.o
LOAD build/stm32f4xx_hal.o
LOAD build/stm32f4xx_hal_exti.o
LOAD build/stm32f4xx_hal_i2c.o
LOAD build/stm32f4xx_hal_i2c_ex.o
LOAD build/stm32f4xx_hal_spi.o
LOAD build/stm32f4xx_hal_tim.o
LOAD build/stm32f4xx_hal_tim_ex.o
LOAD build/stm32f4xx_hal_uart.o
LOAD build/system_stm32f4xx.o
LOAD build/usbh_core.o
LOAD build/usbh_ctlreq.o
LOAD build/usbh_ioreq.o
LOAD build/usbh_pipes.o
LOAD build/usbh_cdc.o
LOAD build/sysmem.o
LOAD build/syscalls.o
LOAD build/gpio.o
LOAD build/i2c.o
LOAD build/spi.o
LOAD build/tim.o
LOAD build/usart.o
LOAD build/dma.o
LOAD build/startup_stm32f407xx.o
LOAD C:/msys64/mingw64/bin/../lib/gcc/arm-none-eabi/13.3.0/../../../../arm-none-eabi/lib/thumb/v7e-m+fp/hard\libc_nano.a
LOAD C:/msys64/mingw64/bin/../lib/gcc/arm-none-eabi/13.3.0/../../../../arm-none-eabi/lib/thumb/v7e-m+fp/hard\libm.a
LOAD C:/msys64/mingw64/bin/../lib/gcc/arm-none-eabi/13.3.0/../../../../arm-none-eabi/lib/thumb/v7e-m+fp/hard\libnosys.a
START GROUP
LOAD C:/msys64/mingw64/bin/../lib/gcc/arm-none-eabi/13.3.0/thumb/v7e-m+fp/hard\libgcc.a
LOAD C:/msys64/mingw64/bin/../lib/gcc/arm-none-eabi/13.3.0/../../../../arm-none-eabi/lib/thumb/v7e-m+fp/hard\libc_nano.a
END GROUP
START GROUP
LOAD C:/msys64/mingw64/bin/../lib/gcc/arm-none-eabi/13.3.0/thumb/v7e-m+fp/hard\libgcc.a
LOAD C:/msys64/mingw64/bin/../lib/gcc/arm-none-eabi/13.3.0/../../../../arm-none-eabi/lib/thumb/v7e-m+fp/hard\libc_nano.a
END GROUP
LOAD C:/msys64/mingw64/bin/../lib/gcc/arm-none-eabi/13.3.0/thumb/v7e-m+fp/hard/crtend.o
LOAD C:/msys64/mingw64/bin/../lib/gcc/arm-none-eabi/13.3.0/thumb/v7e-m+fp/hard/crtn.o
                0x20020000                        _estack = (ORIGIN (RAM) + LENGTH (RAM))
                0x2001fc00                        _sstack = (_estack - _Min_Stack_Size)
                0x00000200                        _Min_Heap_Size = 0x200
                0x00000400                        _Min_Stack_Size = 0x400

.isr_vector     0x08000000      0x188
                0x08000000                        . = ALIGN (0x4)
 *(.isr_vector)
 .isr_vector    0x08000000      0x188 build/startup_stm32f407xx.o
                0x08000000                g_pfnVectors
                0x08000188                        . = ALIGN (0x4)

.text           0x08000188     0x6d08
                0x08000188                        . = ALIGN (0x4)
 *(.text)
 .text          0x08000188       0x20 C:/msys64/mingw64/bin/../lib/gcc/arm-none-eabi/13.3.0/../../../../arm-none-eabi/lib/thumb/v7e-m+fp/hard\libc_nano.a(libc_a-malloc.o)
                0x08000188                malloc
                0x08000198                free
 .text          0x080001a8      0x148 C:/msys64/mingw64/bin/../lib/gcc/arm-none-eabi/13.3.0/../../../../arm-none-eabi/lib/thumb/v7e-m+fp/hard\libc_nano.a(libc_a-mallocr.o)
                0x080001f0                _malloc_r
 .text          0x080002f0       0x18 C:/msys64/mingw64/bin/../lib/gcc/arm-none-eabi/13.3.0/../../../../arm-none-eabi/lib/thumb/v7e-m+fp/hard\libc_nano.a(libc_a-mlock.o)
                0x080002f0                __malloc_lock
                0x080002fc                __malloc_unlock
 .text          0x08000308       0xa4 C:/msys64/mingw64/bin/../lib/gcc/arm-none-eabi/13.3.0/../../../../arm-none-eabi/lib/thumb/v7e-m+fp/hard\libc_nano.a(libc_a-memset.o)
                0x08000308                memset
 .text          0x080003ac       0x24 C:/msys64/mingw64/bin/../lib/gcc/arm-none-eabi/13.3.0/../../../../arm-none-eabi/lib/thumb/v7e-m+fp/hard\libc_nano.a(libc_a-sbrkr.o)
                0x080003ac                _sbrk_r
 .text          0x080003d0        0xc C:/msys64/mingw64/bin/../lib/gcc/arm-none-eabi/13.3.0/../../../../arm-none-eabi/lib/thumb/v7e-m+fp/hard\libc_nano.a(libc_a-errno.o)
                0x080003d0                __errno
 .text          0x080003dc       0x50 C:/msys64/mingw64/bin/../lib/gcc/arm-none-eabi/13.3.0/../../../../arm-none-eabi/lib/thumb/v7e-m+fp/hard\libc_nano.a(libc_a-init.o)
                0x080003dc                __libc_init_array
 .text          0x0800042c       0x28 C:/msys64/mingw64/bin/../lib/gcc/arm-none-eabi/13.3.0/../../../../arm-none-eabi/lib/thumb/v7e-m+fp/hard\libc_nano.a(libc_a-lock.o)
                0x0800042c                __retarget_lock_init
                0x08000430                __retarget_lock_init_recursive
                0x08000434                __retarget_lock_close
                0x08000438                __retarget_lock_close_recursive
                0x0800043c                __retarget_lock_acquire
                0x08000440                __retarget_lock_acquire_recursive
                0x08000444                __retarget_lock_try_acquire
                0x08000448                __retarget_lock_try_acquire_recursive
                0x0800044c                __retarget_lock_release
                0x08000450                __retarget_lock_release_recursive
 .text          0x08000454       0xbc C:/msys64/mingw64/bin/../lib/gcc/arm-none-eabi/13.3.0/../../../../arm-none-eabi/lib/thumb/v7e-m+fp/hard\libc_nano.a(libc_a-freer.o)
                0x08000454                _free_r
 .text          0x08000510       0x30 C:/msys64/mingw64/bin/../lib/gcc/arm-none-eabi/13.3.0/thumb/v7e-m+fp/hard\libgcc.a(_aeabi_uldivmod.o)
                0x08000510                __aeabi_uldivmod
 .text          0x08000540        0x4 C:/msys64/mingw64/bin/../lib/gcc/arm-none-eabi/13.3.0/thumb/v7e-m+fp/hard\libgcc.a(_dvmd_tls.o)
                0x08000540                __aeabi_idiv0
                0x08000540                __aeabi_ldiv0
 *(.text*)
 .text.__do_global_dtors_aux
                0x08000544       0x24 C:/msys64/mingw64/bin/../lib/gcc/arm-none-eabi/13.3.0/thumb/v7e-m+fp/hard/crtbegin.o
 .text.frame_dummy
                0x08000568       0x1c C:/msys64/mingw64/bin/../lib/gcc/arm-none-eabi/13.3.0/thumb/v7e-m+fp/hard/crtbegin.o
 .text.DWT_Delay_Init
                0x08000584       0x28 build/main.o
 .text.delay_us
                0x080005ac       0x2c build/main.o
 .text.IR_CarrierOn
                0x080005d8       0x10 build/main.o
 .text.IR_CarrierOff
                0x080005e8       0x10 build/main.o
 .text.IR_SendStart
                0x080005f8       0x1c build/main.o
 .text.IR_SendBit
                0x08000614       0x2a build/main.o
 .text.IR_SendStop
                0x0800063e       0x14 build/main.o
 .text.IR_MakePayload
                0x08000652       0x1c build/main.o
 .text.IR_SendPayload8
                0x0800066e       0x1e build/main.o
 .text.IR_SendCurrentEvent
                0x0800068c       0x2c build/main.o
 .text.UART_Print
                0x080006b8       0x24 build/main.o
 .text.IR_Process
                0x080006dc       0xa8 build/main.o
 .text.LCD_UpdateEvent
                0x08000784       0x64 build/main.o
 .text.Set_Event
                0x080007e8       0x4c build/main.o
 .text.Nano_ProcessPendingPacket
                0x08000834       0xd0 build/main.o
 .text.HAL_UART_RxCpltCallback
                0x08000904       0x68 build/main.o
                0x08000904                HAL_UART_RxCpltCallback
 .text.HAL_UART_ErrorCallback
                0x0800096c       0x38 build/main.o
                0x0800096c                HAL_UART_ErrorCallback
 .text.Error_Handler
                0x080009a4        0x4 build/main.o
                0x080009a4                Error_Handler
 .text.Nano_UART_StartReceive
                0x080009a8       0x30 build/main.o
 .text.SystemClock_Config
                0x080009d8       0xac build/main.o
                0x080009d8                SystemClock_Config
 .text.main     0x08000a84       0xa0 build/main.o
                0x08000a84                main
 .text.NMI_Handler
                0x08000b24        0x2 build/stm32f4xx_it.o
                0x08000b24                NMI_Handler
 .text.HardFault_Handler
                0x08000b26        0x2 build/stm32f4xx_it.o
                0x08000b26                HardFault_Handler
 .text.MemManage_Handler
                0x08000b28        0x2 build/stm32f4xx_it.o
                0x08000b28                MemManage_Handler
 .text.BusFault_Handler
                0x08000b2a        0x2 build/stm32f4xx_it.o
                0x08000b2a                BusFault_Handler
 .text.UsageFault_Handler
                0x08000b2c        0x2 build/stm32f4xx_it.o
                0x08000b2c                UsageFault_Handler
 .text.SVC_Handler
                0x08000b2e        0x2 build/stm32f4xx_it.o
                0x08000b2e                SVC_Handler
 .text.DebugMon_Handler
                0x08000b30        0x2 build/stm32f4xx_it.o
                0x08000b30                DebugMon_Handler
 .text.PendSV_Handler
                0x08000b32        0x2 build/stm32f4xx_it.o
                0x08000b32                PendSV_Handler
 .text.SysTick_Handler
                0x08000b34        0x8 build/stm32f4xx_it.o
                0x08000b34                SysTick_Handler
 .text.DMA1_Stream4_IRQHandler
                0x08000b3c       0x10 build/stm32f4xx_it.o
                0x08000b3c                DMA1_Stream4_IRQHandler
 .text.USART2_IRQHandler
                0x08000b4c       0x10 build/stm32f4xx_it.o
                0x08000b4c                USART2_IRQHandler
 .text.OTG_FS_IRQHandler
                0x08000b5c       0x10 build/stm32f4xx_it.o
                0x08000b5c                OTG_FS_IRQHandler
 .text.HAL_MspInit
                0x08000b6c       0x40 build/stm32f4xx_hal_msp.o
                0x08000b6c                HAL_MspInit
 .text.LCD_Reset
                0x08000bac       0x48 build/ili9341.o
 .text.LCD_Transmit
                0x08000bf4       0x30 build/ili9341.o
 .text.LCD_WriteData8
                0x08000c24       0x44 build/ili9341.o
 .text.LCD_WriteIndex
                0x08000c68       0x44 build/ili9341.o
 .text.LCD_WriteData16
                0x08000cac       0x48 build/ili9341.o
 .text.LCD_SetRegion
                0x08000cf4       0x36 build/ili9341.o
 .text.ILI9341_Init
                0x08000d2a      0x212 build/ili9341.o
                0x08000d2a                ILI9341_Init
 .text.ILI9341_DrawImage
                0x08000f3c       0xb4 build/ili9341.o
                0x08000f3c                ILI9341_DrawImage
 .text.LCD_ShowSafeScreen
                0x08000ff0       0x20 build/lcd.o
                0x08000ff0                LCD_ShowSafeScreen
 .text.LCD_ShowLevel1Screen
                0x08001010       0x20 build/lcd.o
                0x08001010                LCD_ShowLevel1Screen
 .text.LCD_ShowLevel2Screen
                0x08001030       0x20 build/lcd.o
                0x08001030                LCD_ShowLevel2Screen
 .text.LCD_ShowLevel3Screen
                0x08001050       0x20 build/lcd.o
                0x08001050                LCD_ShowLevel3Screen
 .text.LCD_ShowSystemErrorScreen
                0x08001070       0x20 build/lcd.o
                0x08001070                LCD_ShowSystemErrorScreen
 .text.USBH_UserProcess
                0x08001090       0x2c build/usb_host.o
 .text.MX_USB_HOST_Init
                0x080010bc       0x40 build/usb_host.o
                0x080010bc                MX_USB_HOST_Init
 .text.MX_USB_HOST_Process
                0x080010fc       0x10 build/usb_host.o
                0x080010fc                MX_USB_HOST_Process
 .text.HAL_HCD_MspInit
                0x0800110c       0x94 build/usbh_conf.o
                0x0800110c                HAL_HCD_MspInit
 .text.HAL_HCD_SOF_Callback
                0x080011a0        0xc build/usbh_conf.o
                0x080011a0                HAL_HCD_SOF_Callback
 .text.HAL_HCD_Connect_Callback
                0x080011ac        0xc build/usbh_conf.o
                0x080011ac                HAL_HCD_Connect_Callback
 .text.HAL_HCD_Disconnect_Callback
                0x080011b8        0xc build/usbh_conf.o
                0x080011b8                HAL_HCD_Disconnect_Callback
 .text.HAL_HCD_HC_NotifyURBChange_Callback
                0x080011c4        0x2 build/usbh_conf.o
                0x080011c4                HAL_HCD_HC_NotifyURBChange_Callback
 .text.HAL_HCD_PortEnabled_Callback
                0x080011c6        0xc build/usbh_conf.o
                0x080011c6                HAL_HCD_PortEnabled_Callback
 .text.HAL_HCD_PortDisabled_Callback
                0x080011d2        0xc build/usbh_conf.o
                0x080011d2                HAL_HCD_PortDisabled_Callback
 *fill*         0x080011de        0x2 
 .text.USBH_LL_Init
                0x080011e0       0x54 build/usbh_conf.o
                0x080011e0                USBH_LL_Init
 .text.USBH_LL_GetSpeed
                0x08001234       0x20 build/usbh_conf.o
                0x08001234                USBH_LL_GetSpeed
 .text.USBH_LL_GetLastXferSize
                0x08001254        0xc build/usbh_conf.o
                0x08001254                USBH_LL_GetLastXferSize
 .text.USBH_LL_ClosePipe
                0x08001260        0x4 build/usbh_conf.o
                0x08001260                USBH_LL_ClosePipe
 .text.USBH_LL_GetURBState
                0x08001264        0xc build/usbh_conf.o
                0x08001264                USBH_LL_GetURBState
 .text.USBH_LL_DriverVBUS
                0x08001270       0x1c build/usbh_conf.o
                0x08001270                USBH_LL_DriverVBUS
 .text.USBH_LL_SetToggle
                0x0800128c       0x2e build/usbh_conf.o
                0x0800128c                USBH_LL_SetToggle
 .text.USBH_Delay
                0x080012ba        0x8 build/usbh_conf.o
                0x080012ba                USBH_Delay
 .text.USBH_Get_USB_Status
                0x080012c2       0x14 build/usbh_conf.o
                0x080012c2                USBH_Get_USB_Status
 .text.USBH_LL_Start
                0x080012d6       0x10 build/usbh_conf.o
                0x080012d6                USBH_LL_Start
 .text.USBH_LL_Stop
                0x080012e6       0x10 build/usbh_conf.o
                0x080012e6                USBH_LL_Stop
 .text.USBH_LL_ResetPort
                0x080012f6       0x10 build/usbh_conf.o
                0x080012f6                USBH_LL_ResetPort
 .text.USBH_LL_OpenPipe
                0x08001306       0x26 build/usbh_conf.o
                0x08001306                USBH_LL_OpenPipe
 .text.USBH_LL_SubmitURB
                0x0800132c       0x2a build/usbh_conf.o
                0x0800132c                USBH_LL_SubmitURB
 *fill*         0x08001356        0x2 
 .text.MX_DriverVbusFS
                0x08001358       0x18 build/usbh_platform.o
                0x08001358                MX_DriverVbusFS
 .text.HCD_RXQLVL_IRQHandler
                0x08001370       0xac build/stm32f4xx_hal_hcd.o
 .text.HAL_HCD_Init
                0x0800141c       0x8e build/stm32f4xx_hal_hcd.o
                0x0800141c                HAL_HCD_Init
 .text.HAL_HCD_HC_SubmitRequest
                0x080014aa      0x1ce build/stm32f4xx_hal_hcd.o
                0x080014aa                HAL_HCD_HC_SubmitRequest
 .text.HCD_Port_IRQHandler
                0x08001678       0xb0 build/stm32f4xx_hal_hcd.o
 .text.HCD_HC_IN_IRQHandler
                0x08001728      0x5bc build/stm32f4xx_hal_hcd.o
 .text.HCD_HC_OUT_IRQHandler
                0x08001ce4      0x48c build/stm32f4xx_hal_hcd.o
 .text.HAL_HCD_IRQHandler
                0x08002170      0x15c build/stm32f4xx_hal_hcd.o
                0x08002170                HAL_HCD_IRQHandler
 .text.HAL_HCD_Start
                0x080022cc       0x2a build/stm32f4xx_hal_hcd.o
                0x080022cc                HAL_HCD_Start
 .text.HAL_HCD_Stop
                0x080022f6       0x24 build/stm32f4xx_hal_hcd.o
                0x080022f6                HAL_HCD_Stop
 .text.HAL_HCD_ResetPort
                0x0800231a        0xa build/stm32f4xx_hal_hcd.o
                0x0800231a                HAL_HCD_ResetPort
 .text.HAL_HCD_HC_GetURBState
                0x08002324        0xe build/stm32f4xx_hal_hcd.o
                0x08002324                HAL_HCD_HC_GetURBState
 .text.HAL_HCD_HC_GetXferCount
                0x08002332        0xc build/stm32f4xx_hal_hcd.o
                0x08002332                HAL_HCD_HC_GetXferCount
 .text.HAL_HCD_GetCurrentFrame
                0x0800233e        0xa build/stm32f4xx_hal_hcd.o
                0x0800233e                HAL_HCD_GetCurrentFrame
 .text.HAL_HCD_GetCurrentSpeed
                0x08002348        0xa build/stm32f4xx_hal_hcd.o
                0x08002348                HAL_HCD_GetCurrentSpeed
 .text.HAL_HCD_HC_ClearHubInfo
                0x08002352       0x18 build/stm32f4xx_hal_hcd.o
                0x08002352                HAL_HCD_HC_ClearHubInfo
 .text.HAL_HCD_HC_Init
                0x0800236a       0xca build/stm32f4xx_hal_hcd.o
                0x0800236a                HAL_HCD_HC_Init
 .text.USB_CoreReset
                0x08002434       0x58 build/stm32f4xx_ll_usb.o
 .text.USB_CoreInit
                0x0800248c       0x92 build/stm32f4xx_ll_usb.o
                0x0800248c                USB_CoreInit
 .text.USB_EnableGlobalInt
                0x0800251e        0xc build/stm32f4xx_ll_usb.o
                0x0800251e                USB_EnableGlobalInt
 .text.USB_DisableGlobalInt
                0x0800252a        0xc build/stm32f4xx_ll_usb.o
                0x0800252a                USB_DisableGlobalInt
 .text.USB_FlushTxFifo
                0x08002536       0x4a build/stm32f4xx_ll_usb.o
                0x08002536                USB_FlushTxFifo
 .text.USB_FlushRxFifo
                0x08002580       0x46 build/stm32f4xx_ll_usb.o
                0x08002580                USB_FlushRxFifo
 .text.USB_WritePacket
                0x080025c6       0x2e build/stm32f4xx_ll_usb.o
                0x080025c6                USB_WritePacket
 .text.USB_ReadPacket
                0x080025f4       0x46 build/stm32f4xx_ll_usb.o
                0x080025f4                USB_ReadPacket
 .text.USB_ReadInterrupts
                0x0800263a        0x8 build/stm32f4xx_ll_usb.o
                0x0800263a                USB_ReadInterrupts
 .text.USB_ReadChInterrupts
                0x08002642       0x12 build/stm32f4xx_ll_usb.o
                0x08002642                USB_ReadChInterrupts
 .text.USB_GetMode
                0x08002654        0x8 build/stm32f4xx_ll_usb.o
                0x08002654                USB_GetMode
 .text.USB_SetCurrentMode
                0x0800265c       0x62 build/stm32f4xx_ll_usb.o
                0x0800265c                USB_SetCurrentMode
 *fill*         0x080026be        0x2 
 .text.USB_HostInit
                0x080026c0      0x100 build/stm32f4xx_ll_usb.o
                0x080026c0                USB_HostInit
 .text.USB_InitFSLSPClkSel
                0x080027c0       0x42 build/stm32f4xx_ll_usb.o
                0x080027c0                USB_InitFSLSPClkSel
 .text.USB_ResetPort
                0x08002802       0x3e build/stm32f4xx_ll_usb.o
                0x08002802                USB_ResetPort
 .text.USB_DriveVbus
                0x08002840       0x46 build/stm32f4xx_ll_usb.o
                0x08002840                USB_DriveVbus
 .text.USB_GetHostSpeed
                0x08002886       0x16 build/stm32f4xx_ll_usb.o
                0x08002886                USB_GetHostSpeed
 .text.USB_GetCurrentFrame
                0x0800289c        0xa build/stm32f4xx_ll_usb.o
                0x0800289c                USB_GetCurrentFrame
 *fill*         0x080028a6        0x2 
 .text.USB_HC_Init
                0x080028a8      0x130 build/stm32f4xx_ll_usb.o
                0x080028a8                USB_HC_Init
 .text.USB_HC_ReadInterrupt
                0x080029d8        0xa build/stm32f4xx_ll_usb.o
                0x080029d8                USB_HC_ReadInterrupt
 .text.USB_HC_Halt
                0x080029e2       0xfc build/stm32f4xx_ll_usb.o
                0x080029e2                USB_HC_Halt
 *fill*         0x08002ade        0x2 
 .text.USB_DoPing
                0x08002ae0       0x24 build/stm32f4xx_ll_usb.o
                0x08002ae0                USB_DoPing
 .text.USB_HC_StartXfer
                0x08002b04      0x2b4 build/stm32f4xx_ll_usb.o
                0x08002b04                USB_HC_StartXfer
 .text.USB_StopHost
                0x08002db8       0x92 build/stm32f4xx_ll_usb.o
                0x08002db8                USB_StopHost
 *fill*         0x08002e4a        0x2 
 .text.HAL_RCC_OscConfig
                0x08002e4c      0x3f8 build/stm32f4xx_hal_rcc.o
                0x08002e4c                HAL_RCC_OscConfig
 .text.HAL_RCC_GetSysClockFreq
                0x08003244       0xdc build/stm32f4xx_hal_rcc.o
                0x08003244                HAL_RCC_GetSysClockFreq
 .text.HAL_RCC_ClockConfig
                0x08003320      0x160 build/stm32f4xx_hal_rcc.o
                0x08003320                HAL_RCC_ClockConfig
 .text.HAL_RCC_GetHCLKFreq
                0x08003480        0xc build/stm32f4xx_hal_rcc.o
                0x08003480                HAL_RCC_GetHCLKFreq
 .text.HAL_RCC_GetPCLK1Freq
                0x0800348c       0x20 build/stm32f4xx_hal_rcc.o
                0x0800348c                HAL_RCC_GetPCLK1Freq
 .text.HAL_RCC_GetPCLK2Freq
                0x080034ac       0x20 build/stm32f4xx_hal_rcc.o
                0x080034ac                HAL_RCC_GetPCLK2Freq
 .text.HAL_GPIO_Init
                0x080034cc      0x1ec build/stm32f4xx_hal_gpio.o
                0x080034cc                HAL_GPIO_Init
 .text.HAL_GPIO_WritePin
                0x080036b8        0xc build/stm32f4xx_hal_gpio.o
                0x080036b8                HAL_GPIO_WritePin
 .text.DMA_CalcBaseAndBitshift
                0x080036c4       0x3c build/stm32f4xx_hal_dma.o
 .text.DMA_CheckFifoParam
                0x08003700       0x8e build/stm32f4xx_hal_dma.o
 *fill*         0x0800378e        0x2 
 .text.HAL_DMA_Init
                0x08003790       0xcc build/stm32f4xx_hal_dma.o
                0x08003790                HAL_DMA_Init
 .text.HAL_DMA_Abort
                0x0800385c       0x94 build/stm32f4xx_hal_dma.o
                0x0800385c                HAL_DMA_Abort
 .text.HAL_DMA_Abort_IT
                0x080038f0       0x26 build/stm32f4xx_hal_dma.o
                0x080038f0                HAL_DMA_Abort_IT
 *fill*         0x08003916        0x2 
 .text.HAL_DMA_IRQHandler
                0x08003918      0x1dc build/stm32f4xx_hal_dma.o
                0x08003918                HAL_DMA_IRQHandler
 .text.__NVIC_EnableIRQ
                0x08003af4       0x1c build/stm32f4xx_hal_cortex.o
 .text.__NVIC_SetPriority
                0x08003b10       0x28 build/stm32f4xx_hal_cortex.o
 .text.NVIC_EncodePriority
                0x08003b38       0x3e build/stm32f4xx_hal_cortex.o
 *fill*         0x08003b76        0x2 
 .text.HAL_NVIC_SetPriorityGrouping
                0x08003b78       0x24 build/stm32f4xx_hal_cortex.o
                0x08003b78                HAL_NVIC_SetPriorityGrouping
 .text.HAL_NVIC_SetPriority
                0x08003b9c       0x20 build/stm32f4xx_hal_cortex.o
                0x08003b9c                HAL_NVIC_SetPriority
 .text.HAL_NVIC_EnableIRQ
                0x08003bbc        0x8 build/stm32f4xx_hal_cortex.o
                0x08003bbc                HAL_NVIC_EnableIRQ
 .text.HAL_SYSTICK_Config
                0x08003bc4       0x28 build/stm32f4xx_hal_cortex.o
                0x08003bc4                HAL_SYSTICK_Config
 .text.HAL_InitTick
                0x08003bec       0x4c build/stm32f4xx_hal.o
                0x08003bec                HAL_InitTick
 .text.HAL_Init
                0x08003c38       0x34 build/stm32f4xx_hal.o
                0x08003c38                HAL_Init
 .text.HAL_IncTick
                0x08003c6c       0x18 build/stm32f4xx_hal.o
                0x08003c6c                HAL_IncTick
 .text.HAL_GetTick
                0x08003c84        0xc build/stm32f4xx_hal.o
                0x08003c84                HAL_GetTick
 .text.HAL_Delay
                0x08003c90       0x28 build/stm32f4xx_hal.o
                0x08003c90                HAL_Delay
 .text.HAL_I2C_Init
                0x08003cb8      0x1bc build/stm32f4xx_hal_i2c.o
                0x08003cb8                HAL_I2C_Init
 .text.SPI_WaitFlagStateUntilTimeout
                0x08003e74       0xc8 build/stm32f4xx_hal_spi.o
 .text.SPI_EndRxTxTransaction
                0x08003f3c       0x80 build/stm32f4xx_hal_spi.o
 .text.HAL_SPI_Init
                0x08003fbc       0xbe build/stm32f4xx_hal_spi.o
                0x08003fbc                HAL_SPI_Init
 .text.HAL_SPI_Transmit
                0x0800407a      0x1c4 build/stm32f4xx_hal_spi.o
                0x0800407a                HAL_SPI_Transmit
 *fill*         0x0800423e        0x2 
 .text.TIM_OC1_SetConfig
                0x08004240       0x70 build/stm32f4xx_hal_tim.o
 .text.TIM_OC3_SetConfig
                0x080042b0       0x70 build/stm32f4xx_hal_tim.o
 .text.TIM_OC4_SetConfig
                0x08004320       0x50 build/stm32f4xx_hal_tim.o
 .text.TIM_TI1_ConfigInputStage
                0x08004370       0x26 build/stm32f4xx_hal_tim.o
 .text.TIM_TI2_ConfigInputStage
                0x08004396       0x28 build/stm32f4xx_hal_tim.o
 .text.TIM_ITRx_SetConfig
                0x080043be       0x10 build/stm32f4xx_hal_tim.o
 .text.HAL_TIM_PWM_MspInit
                0x080043ce        0x2 build/stm32f4xx_hal_tim.o
                0x080043ce                HAL_TIM_PWM_MspInit
 .text.TIM_Base_SetConfig
                0x080043d0       0xd0 build/stm32f4xx_hal_tim.o
                0x080043d0                TIM_Base_SetConfig
 .text.HAL_TIM_Base_Init
                0x080044a0       0x58 build/stm32f4xx_hal_tim.o
                0x080044a0                HAL_TIM_Base_Init
 .text.HAL_TIM_PWM_Init
                0x080044f8       0x58 build/stm32f4xx_hal_tim.o
                0x080044f8                HAL_TIM_PWM_Init
 .text.TIM_OC2_SetConfig
                0x08004550       0x70 build/stm32f4xx_hal_tim.o
                0x08004550                TIM_OC2_SetConfig
 .text.HAL_TIM_PWM_ConfigChannel
                0x080045c0       0xdc build/stm32f4xx_hal_tim.o
                0x080045c0                HAL_TIM_PWM_ConfigChannel
 .text.TIM_ETR_SetConfig
                0x0800469c       0x1a build/stm32f4xx_hal_tim.o
                0x0800469c                TIM_ETR_SetConfig
 .text.HAL_TIM_ConfigClockSource
                0x080046b6       0xfe build/stm32f4xx_hal_tim.o
                0x080046b6                HAL_TIM_ConfigClockSource
 .text.TIM_CCxChannelCmd
                0x080047b4       0x1e build/stm32f4xx_hal_tim.o
                0x080047b4                TIM_CCxChannelCmd
 *fill*         0x080047d2        0x2 
 .text.HAL_TIM_PWM_Start
                0x080047d4      0x104 build/stm32f4xx_hal_tim.o
                0x080047d4                HAL_TIM_PWM_Start
 .text.HAL_TIMEx_MasterConfigSynchronization
                0x080048d8       0x8c build/stm32f4xx_hal_tim_ex.o
                0x080048d8                HAL_TIMEx_MasterConfigSynchronization
 .text.HAL_TIMEx_ConfigBreakDeadTime
                0x08004964       0x52 build/stm32f4xx_hal_tim_ex.o
                0x08004964                HAL_TIMEx_ConfigBreakDeadTime
 .text.UART_EndRxTransfer
                0x080049b6       0x5c build/stm32f4xx_hal_uart.o
 .text.UART_Transmit_IT
                0x08004a12       0x60 build/stm32f4xx_hal_uart.o
 *fill*         0x08004a72        0x2 
 .text.UART_SetConfig
                0x08004a74      0x110 build/stm32f4xx_hal_uart.o
 .text.UART_WaitOnFlagUntilTimeout
                0x08004b84       0x86 build/stm32f4xx_hal_uart.o
 .text.HAL_UART_Init
                0x08004c0a       0x60 build/stm32f4xx_hal_uart.o
                0x08004c0a                HAL_UART_Init
 .text.HAL_UART_Transmit
                0x08004c6a       0xcc build/stm32f4xx_hal_uart.o
                0x08004c6a                HAL_UART_Transmit
 .text.HAL_UART_TxCpltCallback
                0x08004d36        0x2 build/stm32f4xx_hal_uart.o
                0x08004d36                HAL_UART_TxCpltCallback
 .text.UART_EndTransmit_IT
                0x08004d38       0x1a build/stm32f4xx_hal_uart.o
 .text.UART_DMAAbortOnError
                0x08004d52        0xe build/stm32f4xx_hal_uart.o
 .text.HAL_UARTEx_RxEventCallback
                0x08004d60        0x2 build/stm32f4xx_hal_uart.o
                0x08004d60                HAL_UARTEx_RxEventCallback
 .text.UART_Receive_IT
                0x08004d62       0xe6 build/stm32f4xx_hal_uart.o
 .text.HAL_UART_IRQHandler
                0x08004e48      0x2a0 build/stm32f4xx_hal_uart.o
                0x08004e48                HAL_UART_IRQHandler
 .text.UART_Start_Receive_IT
                0x080050e8       0x36 build/stm32f4xx_hal_uart.o
                0x080050e8                UART_Start_Receive_IT
 .text.HAL_UART_Receive_IT
                0x0800511e       0x26 build/stm32f4xx_hal_uart.o
                0x0800511e                HAL_UART_Receive_IT
 .text.SystemInit
                0x08005144       0x14 build/system_stm32f4xx.o
                0x08005144                SystemInit
 .text.USBH_HandleSof
                0x08005158       0x1a build/usbh_core.o
 .text.DeInitStateMachine
                0x08005172       0x94 build/usbh_core.o
 .text.USBH_HandleEnum
                0x08005206      0x26e build/usbh_core.o
 .text.USBH_Init
                0x08005474       0x3e build/usbh_core.o
                0x08005474                USBH_Init
 .text.USBH_RegisterClass
                0x080054b2       0x22 build/usbh_core.o
                0x080054b2                USBH_RegisterClass
 .text.USBH_SelectInterface
                0x080054d4       0x14 build/usbh_core.o
                0x080054d4                USBH_SelectInterface
 .text.USBH_FindInterface
                0x080054e8       0x54 build/usbh_core.o
                0x080054e8                USBH_FindInterface
 .text.USBH_Start
                0x0800553c       0x14 build/usbh_core.o
                0x0800553c                USBH_Start
 .text.USBH_Process
                0x08005550      0x290 build/usbh_core.o
                0x08005550                USBH_Process
 .text.USBH_LL_SetTimer
                0x080057e0        0x6 build/usbh_core.o
                0x080057e0                USBH_LL_SetTimer
 .text.USBH_LL_IncTimer
                0x080057e6       0x12 build/usbh_core.o
                0x080057e6                USBH_LL_IncTimer
 .text.USBH_LL_PortEnabled
                0x080057f8        0x8 build/usbh_core.o
                0x080057f8                USBH_LL_PortEnabled
 .text.USBH_LL_PortDisabled
                0x08005800        0xe build/usbh_core.o
                0x08005800                USBH_LL_PortDisabled
 .text.USBH_LL_Connect
                0x0800580e       0x14 build/usbh_core.o
                0x0800580e                USBH_LL_Connect
 .text.USBH_LL_Disconnect
                0x08005822       0x2c build/usbh_core.o
                0x08005822                USBH_LL_Disconnect
 *fill*         0x0800584e        0x2 
 .text.USBH_ParseDevDesc
                0x08005850       0xf4 build/usbh_ctlreq.o
 .text.USBH_ParseInterfaceDesc
                0x08005944       0x26 build/usbh_ctlreq.o
 .text.USBH_ParseEPDesc
                0x0800596a       0xe4 build/usbh_ctlreq.o
 .text.USBH_ParseStringDesc
                0x08005a4e       0x32 build/usbh_ctlreq.o
 .text.USBH_HandleControl
                0x08005a80      0x1da build/usbh_ctlreq.o
 .text.USBH_GetNextDesc
                0x08005c5a        0xe build/usbh_ctlreq.o
                0x08005c5a                USBH_GetNextDesc
 .text.USBH_ParseCfgDesc
                0x08005c68      0x182 build/usbh_ctlreq.o
 .text.USBH_CtlReq
                0x08005dea       0x40 build/usbh_ctlreq.o
                0x08005dea                USBH_CtlReq
 .text.USBH_GetDescriptor
                0x08005e2a       0x42 build/usbh_ctlreq.o
                0x08005e2a                USBH_GetDescriptor
 .text.USBH_Get_DevDesc
                0x08005e6c       0x36 build/usbh_ctlreq.o
                0x08005e6c                USBH_Get_DevDesc
 .text.USBH_Get_CfgDesc
                0x08005ea2       0x36 build/usbh_ctlreq.o
                0x08005ea2                USBH_Get_CfgDesc
 .text.USBH_Get_StringDesc
                0x08005ed8       0x40 build/usbh_ctlreq.o
                0x08005ed8                USBH_Get_StringDesc
 .text.USBH_SetAddress
                0x08005f18       0x22 build/usbh_ctlreq.o
                0x08005f18                USBH_SetAddress
 .text.USBH_SetCfg
                0x08005f3a       0x22 build/usbh_ctlreq.o
                0x08005f3a                USBH_SetCfg
 .text.USBH_SetFeature
                0x08005f5c       0x22 build/usbh_ctlreq.o
                0x08005f5c                USBH_SetFeature
 .text.USBH_ClrFeature
                0x08005f7e       0x24 build/usbh_ctlreq.o
                0x08005f7e                USBH_ClrFeature
 .text.USBH_CtlSendSetup
                0x08005fa2       0x22 build/usbh_ioreq.o
                0x08005fa2                USBH_CtlSendSetup
 .text.USBH_CtlSendData
                0x08005fc4       0x2c build/usbh_ioreq.o
                0x08005fc4                USBH_CtlSendData
 .text.USBH_CtlReceiveData
                0x08005ff0       0x20 build/usbh_ioreq.o
                0x08005ff0                USBH_CtlReceiveData
 .text.USBH_BulkSendData
                0x08006010       0x2c build/usbh_ioreq.o
                0x08006010                USBH_BulkSendData
 .text.USBH_BulkReceiveData
                0x0800603c       0x20 build/usbh_ioreq.o
                0x0800603c                USBH_BulkReceiveData
 .text.USBH_GetFreePipe
                0x0800605c       0x26 build/usbh_pipes.o
 .text.USBH_OpenPipe
                0x08006082       0x20 build/usbh_pipes.o
                0x08006082                USBH_OpenPipe
 .text.USBH_ClosePipe
                0x080060a2        0xa build/usbh_pipes.o
                0x080060a2                USBH_ClosePipe
 .text.USBH_AllocPipe
                0x080060ac       0x26 build/usbh_pipes.o
                0x080060ac                USBH_AllocPipe
 .text.USBH_FreePipe
                0x080060d2       0x16 build/usbh_pipes.o
                0x080060d2                USBH_FreePipe
 .text.USBH_CDC_SOFProcess
                0x080060e8        0x4 build/usbh_cdc.o
 .text.SetLineCoding
                0x080060ec       0x1a build/usbh_cdc.o
 .text.GetLineCoding
                0x08006106       0x1a build/usbh_cdc.o
 .text.USBH_CDC_ClassRequest
                0x08006120       0x22 build/usbh_cdc.o
 .text.USBH_CDC_InterfaceDeInit
                0x08006142       0x68 build/usbh_cdc.o
 .text.USBH_CDC_InterfaceInit
                0x080061aa      0x186 build/usbh_cdc.o
 .text.USBH_CDC_TransmitCallback
                0x08006330        0x2 build/usbh_cdc.o
                0x08006330                USBH_CDC_TransmitCallback
 .text.CDC_ProcessTransmission
                0x08006332       0x92 build/usbh_cdc.o
 .text.USBH_CDC_ReceiveCallback
                0x080063c4        0x2 build/usbh_cdc.o
                0x080063c4                USBH_CDC_ReceiveCallback
 .text.CDC_ProcessReception
                0x080063c6       0x66 build/usbh_cdc.o
 .text.USBH_CDC_LineCodingChanged
                0x0800642c        0x2 build/usbh_cdc.o
                0x0800642c                USBH_CDC_LineCodingChanged
 .text.USBH_CDC_Process
                0x0800642e       0xae build/usbh_cdc.o
 .text._sbrk    0x080064dc       0x48 build/sysmem.o
                0x080064dc                _sbrk
 .text.MX_GPIO_Init
                0x08006524      0x1e0 build/gpio.o
                0x08006524                MX_GPIO_Init
 .text.MX_I2C1_Init
                0x08006704       0x3c build/i2c.o
                0x08006704                MX_I2C1_Init
 .text.HAL_I2C_MspInit
                0x08006740       0x70 build/i2c.o
                0x08006740                HAL_I2C_MspInit
 .text.MX_SPI2_Init
                0x080067b0       0x48 build/spi.o
                0x080067b0                MX_SPI2_Init
 .text.HAL_SPI_MspInit
                0x080067f8       0xa8 build/spi.o
                0x080067f8                HAL_SPI_MspInit
 .text.HAL_TIM_Base_MspInit
                0x080068a0       0x30 build/tim.o
                0x080068a0                HAL_TIM_Base_MspInit
 .text.HAL_TIM_MspPostInit
                0x080068d0       0x5c build/tim.o
                0x080068d0                HAL_TIM_MspPostInit
 .text.MX_TIM1_Init
                0x0800692c       0xe8 build/tim.o
                0x0800692c                MX_TIM1_Init
 .text.MX_UART4_Init
                0x08006a14       0x34 build/usart.o
                0x08006a14                MX_UART4_Init
 .text.MX_USART2_UART_Init
                0x08006a48       0x34 build/usart.o
                0x08006a48                MX_USART2_UART_Init
 .text.HAL_UART_MspInit
                0x08006a7c       0xd4 build/usart.o
                0x08006a7c                HAL_UART_MspInit
 .text.MX_DMA_Init
                0x08006b50       0x34 build/dma.o
                0x08006b50                MX_DMA_Init
 .text.Reset_Handler
                0x08006b84       0x50 build/startup_stm32f407xx.o
                0x08006b84                Reset_Handler
 .text.Default_Handler
                0x08006bd4        0x2 build/startup_stm32f407xx.o
                0x08006bd4                RTC_Alarm_IRQHandler
                0x08006bd4                HASH_RNG_IRQHandler
                0x08006bd4                EXTI2_IRQHandler
                0x08006bd4                TIM8_CC_IRQHandler
                0x08006bd4                TIM1_CC_IRQHandler
                0x08006bd4                DMA2_Stream5_IRQHandler
                0x08006bd4                DMA1_Stream5_IRQHandler
                0x08006bd4                PVD_IRQHandler
                0x08006bd4                SDIO_IRQHandler
                0x08006bd4                TAMP_STAMP_IRQHandler
                0x08006bd4                CAN2_RX1_IRQHandler
                0x08006bd4                EXTI3_IRQHandler
                0x08006bd4                TIM8_TRG_COM_TIM14_IRQHandler
                0x08006bd4                TIM1_UP_TIM10_IRQHandler
                0x08006bd4                TIM8_UP_TIM13_IRQHandler
                0x08006bd4                I2C3_ER_IRQHandler
                0x08006bd4                EXTI0_IRQHandler
                0x08006bd4                I2C2_EV_IRQHandler
                0x08006bd4                DMA1_Stream2_IRQHandler
                0x08006bd4                CAN1_RX0_IRQHandler
                0x08006bd4                FPU_IRQHandler
                0x08006bd4                OTG_HS_WKUP_IRQHandler
                0x08006bd4                CAN2_SCE_IRQHandler
                0x08006bd4                DMA2_Stream2_IRQHandler
                0x08006bd4                SPI1_IRQHandler
                0x08006bd4                TIM6_DAC_IRQHandler
                0x08006bd4                TIM1_BRK_TIM9_IRQHandler
                0x08006bd4                DCMI_IRQHandler
                0x08006bd4                CAN2_RX0_IRQHandler
                0x08006bd4                DMA2_Stream3_IRQHandler
                0x08006bd4                USART6_IRQHandler
                0x08006bd4                USART3_IRQHandler
                0x08006bd4                CAN1_RX1_IRQHandler
                0x08006bd4                UART5_IRQHandler
                0x08006bd4                DMA2_Stream0_IRQHandler
                0x08006bd4                TIM4_IRQHandler
                0x08006bd4                I2C1_EV_IRQHandler
                0x08006bd4                DMA1_Stream6_IRQHandler
                0x08006bd4                DMA1_Stream1_IRQHandler
                0x08006bd4                UART4_IRQHandler
                0x08006bd4                TIM3_IRQHandler
                0x08006bd4                RCC_IRQHandler
                0x08006bd4                TIM8_BRK_TIM12_IRQHandler
                0x08006bd4                Default_Handler
                0x08006bd4                EXTI15_10_IRQHandler
                0x08006bd4                ADC_IRQHandler
                0x08006bd4                DMA1_Stream7_IRQHandler
                0x08006bd4                TIM7_IRQHandler
                0x08006bd4                CAN2_TX_IRQHandler
                0x08006bd4                TIM5_IRQHandler
                0x08006bd4                DMA2_Stream7_IRQHandler
                0x08006bd4                I2C3_EV_IRQHandler
                0x08006bd4                EXTI9_5_IRQHandler
                0x08006bd4                RTC_WKUP_IRQHandler
                0x08006bd4                ETH_WKUP_IRQHandler
                0x08006bd4                SPI2_IRQHandler
                0x08006bd4                OTG_HS_EP1_IN_IRQHandler
                0x08006bd4                DMA1_Stream0_IRQHandler
                0x08006bd4                CAN1_TX_IRQHandler
                0x08006bd4                EXTI4_IRQHandler
                0x08006bd4                FSMC_IRQHandler
                0x08006bd4                ETH_IRQHandler
                0x08006bd4                OTG_HS_EP1_OUT_IRQHandler
                0x08006bd4                WWDG_IRQHandler
                0x08006bd4                TIM2_IRQHandler
                0x08006bd4                OTG_FS_WKUP_IRQHandler
                0x08006bd4                TIM1_TRG_COM_TIM11_IRQHandler
                0x08006bd4                OTG_HS_IRQHandler
                0x08006bd4                EXTI1_IRQHandler
                0x08006bd4                I2C2_ER_IRQHandler
                0x08006bd4                DMA2_Stream1_IRQHandler
                0x08006bd4                CAN1_SCE_IRQHandler
                0x08006bd4                FLASH_IRQHandler
                0x08006bd4                DMA2_Stream4_IRQHandler
                0x08006bd4                USART1_IRQHandler
                0x08006bd4                SPI3_IRQHandler
                0x08006bd4                I2C1_ER_IRQHandler
                0x08006bd4                DMA2_Stream6_IRQHandler
                0x08006bd4                DMA1_Stream3_IRQHandler
 .text.__udivmoddi4
                0x08006bd6      0x2a0 C:/msys64/mingw64/bin/../lib/gcc/arm-none-eabi/13.3.0/thumb/v7e-m+fp/hard\libgcc.a(_udivmoddi4.o)
                0x08006bd6                __udivmoddi4
 *(.glue_7)
 .glue_7        0x08006e76        0x0 linker stubs
 *(.glue_7t)
 .glue_7t       0x08006e76        0x0 linker stubs
 *(.eh_frame)
 *fill*         0x08006e76        0x2 
 .eh_frame      0x08006e78        0x0 C:/msys64/mingw64/bin/../lib/gcc/arm-none-eabi/13.3.0/thumb/v7e-m+fp/hard/crtbegin.o
 *(.init)
 .init          0x08006e78        0x4 C:/msys64/mingw64/bin/../lib/gcc/arm-none-eabi/13.3.0/thumb/v7e-m+fp/hard/crti.o
                0x08006e78                _init
 .init          0x08006e7c        0x8 C:/msys64/mingw64/bin/../lib/gcc/arm-none-eabi/13.3.0/thumb/v7e-m+fp/hard/crtn.o
 *(.fini)
 .fini          0x08006e84        0x4 C:/msys64/mingw64/bin/../lib/gcc/arm-none-eabi/13.3.0/thumb/v7e-m+fp/hard/crti.o
                0x08006e84                _fini
 .fini          0x08006e88        0x8 C:/msys64/mingw64/bin/../lib/gcc/arm-none-eabi/13.3.0/thumb/v7e-m+fp/hard/crtn.o
                0x08006e90                        . = ALIGN (0x4)
                0x08006e90                        _etext = .

.vfp11_veneer   0x08006e90        0x0
 .vfp11_veneer  0x08006e90        0x0 linker stubs

.v4_bx          0x08006e90        0x0
 .v4_bx         0x08006e90        0x0 linker stubs

.iplt           0x08006e90        0x0
 .iplt          0x08006e90        0x0 C:/msys64/mingw64/bin/../lib/gcc/arm-none-eabi/13.3.0/thumb/v7e-m+fp/hard/crtbegin.o

.rodata         0x08006e90    0xbb964
                0x08006e90                        . = ALIGN (0x4)
 *(.rodata)
 *(.rodata*)
 .rodata.IR_Process.str1.4
                0x08006e90      0x130 build/main.o
                                 0x2c (size before relaxing)
 .rodata.Nano_ProcessPendingPacket.str1.4
                0x08006fc0        0x0 build/main.o
                                 0xaf (size before relaxing)
 .rodata.main.str1.4
                0x08006fc0        0x0 build/main.o
                                 0x4d (size before relaxing)
 .rodata.boot_msg.0
                0x08006fc0       0x12 build/main.o
 *fill*         0x08006fd2        0x2 
 .rodata.LCD_SYSTEM_ERROR_IMAGE
                0x08006fd4    0x25800 build/lcd_images.o
                0x08006fd4                LCD_SYSTEM_ERROR_IMAGE
 .rodata.LCD_LEVEL3_IMAGE
                0x0802c7d4    0x25800 build/lcd_images.o
                0x0802c7d4                LCD_LEVEL3_IMAGE
 .rodata.LCD_LEVEL2_IMAGE
                0x08051fd4    0x25800 build/lcd_images.o
                0x08051fd4                LCD_LEVEL2_IMAGE
 .rodata.LCD_LEVEL1_IMAGE
                0x080777d4    0x25800 build/lcd_images.o
                0x080777d4                LCD_LEVEL1_IMAGE
 .rodata.LCD_SAFE_IMAGE
                0x0809cfd4    0x25800 build/lcd_images.o
                0x0809cfd4                LCD_SAFE_IMAGE
 .rodata.flagBitshiftOffset.0
                0x080c27d4        0x8 build/stm32f4xx_hal_dma.o
 .rodata.APBPrescTable
                0x080c27dc        0x8 build/system_stm32f4xx.o
                0x080c27dc                APBPrescTable
 .rodata.AHBPrescTable
                0x080c27e4       0x10 build/system_stm32f4xx.o
                0x080c27e4                AHBPrescTable
 .rodata.str1.4
                0x080c27f4        0x0 build/usbh_cdc.o
                                  0x4 (size before relaxing)
                0x080c27f4                        . = ALIGN (0x4)

.ARM.extab      0x080c27f4        0x0
                0x080c27f4                        . = ALIGN (0x4)
 *(.ARM.extab* .gnu.linkonce.armextab.*)
                0x080c27f4                        . = ALIGN (0x4)

.ARM            0x080c27f4        0x8
                0x080c27f4                        . = ALIGN (0x4)
                0x080c27f4                        __exidx_start = .
 *(.ARM.exidx*)
 .ARM.exidx.text.__udivmoddi4
                0x080c27f4        0x8 C:/msys64/mingw64/bin/../lib/gcc/arm-none-eabi/13.3.0/thumb/v7e-m+fp/hard\libgcc.a(_udivmoddi4.o)
                0x080c27fc                        __exidx_end = .
                0x080c27fc                        . = ALIGN (0x4)

.preinit_array  0x080c27fc        0x0
                0x080c27fc                        . = ALIGN (0x4)
                0x080c27fc                        PROVIDE (__preinit_array_start = .)
 *(.preinit_array*)
                0x080c27fc                        PROVIDE (__preinit_array_end = .)
                0x080c27fc                        . = ALIGN (0x4)

.init_array     0x080c27fc        0x4
                0x080c27fc                        . = ALIGN (0x4)
                0x080c27fc                        PROVIDE (__init_array_start = .)
 *(SORT_BY_NAME(.init_array.*))
 *(.init_array*)
 .init_array    0x080c27fc        0x4 C:/msys64/mingw64/bin/../lib/gcc/arm-none-eabi/13.3.0/thumb/v7e-m+fp/hard/crtbegin.o
                0x080c2800                        PROVIDE (__init_array_end = .)
                0x080c2800                        . = ALIGN (0x4)

.fini_array     0x080c2800        0x4
                0x080c2800                        . = ALIGN (0x4)
                0x080c2800                        PROVIDE (__fini_array_start = .)
 *(SORT_BY_NAME(.fini_array.*))
 *(.fini_array*)
 .fini_array    0x080c2800        0x4 C:/msys64/mingw64/bin/../lib/gcc/arm-none-eabi/13.3.0/thumb/v7e-m+fp/hard/crtbegin.o
                0x080c2804                        PROVIDE (__fini_array_end = .)
                0x080c2804                        . = ALIGN (0x4)
                0x080c2804                        _sidata = LOADADDR (.data)

.rel.dyn        0x080c2804        0x0
 .rel.iplt      0x080c2804        0x0 C:/msys64/mingw64/bin/../lib/gcc/arm-none-eabi/13.3.0/thumb/v7e-m+fp/hard/crtbegin.o

.data           0x20000000       0x7c load address 0x080c2804
                0x20000000                        . = ALIGN (0x4)
                0x20000000                        _sdata = .
 *(.data)
 .data          0x20000000       0x50 C:/msys64/mingw64/bin/../lib/gcc/arm-none-eabi/13.3.0/../../../../arm-none-eabi/lib/thumb/v7e-m+fp/hard\libc_nano.a(libc_a-impure.o)
                0x20000000                _impure_ptr
                0x20000004                _impure_data
 *(.data*)
 .data.nano_last_applied_code
                0x20000050        0x1 build/main.o
 .data.lcd_last_level
                0x20000051        0x1 build/main.o
 .data.lcd_last_event_type
                0x20000052        0x1 build/main.o
 .data.uwTickFreq
                0x20000053        0x1 build/stm32f4xx_hal.o
                0x20000053                uwTickFreq
 .data.uwTickPrio
                0x20000054        0x4 build/stm32f4xx_hal.o
                0x20000054                uwTickPrio
 .data.SystemCoreClock
                0x20000058        0x4 build/system_stm32f4xx.o
                0x20000058                SystemCoreClock
 .data.CDC_Class
                0x2000005c       0x20 build/usbh_cdc.o
                0x2000005c                CDC_Class
 *(.RamFunc)
 *(.RamFunc*)
                0x2000007c                        . = ALIGN (0x4)
                0x2000007c                        _edata = .
                0x080c2880                        _siccmram = LOADADDR (.ccmram)

.igot.plt       0x2000007c        0x0 load address 0x080c2880
 .igot.plt      0x2000007c        0x0 C:/msys64/mingw64/bin/../lib/gcc/arm-none-eabi/13.3.0/thumb/v7e-m+fp/hard/crtbegin.o

.ccmram         0x10000000        0x0 load address 0x080c2880
                0x10000000                        . = ALIGN (0x4)
                0x10000000                        _sccmram = .
 *(.ccmram)
 *(.ccmram*)
                0x10000000                        . = ALIGN (0x4)
                0x10000000                        _eccmram = .
                0x10000000                        . = ALIGN (0x4)

.bss            0x2000007c      0xb34
                0x2000007c                        _sbss = .
                0x2000007c                        __bss_start__ = _sbss
 *(.bss)
 .bss           0x2000007c        0x8 C:/msys64/mingw64/bin/../lib/gcc/arm-none-eabi/13.3.0/../../../../arm-none-eabi/lib/thumb/v7e-m+fp/hard\libc_nano.a(libc_a-mallocr.o)
                0x2000007c                __malloc_sbrk_start
                0x20000080                __malloc_free_list
 .bss           0x20000084      0x13c C:/msys64/mingw64/bin/../lib/gcc/arm-none-eabi/13.3.0/../../../../arm-none-eabi/lib/thumb/v7e-m+fp/hard\libc_nano.a(libc_a-findfp.o)
                0x20000084                __sf
                0x200001bc                __stdio_exit_handler
 .bss           0x200001c0        0x4 C:/msys64/mingw64/bin/../lib/gcc/arm-none-eabi/13.3.0/../../../../arm-none-eabi/lib/thumb/v7e-m+fp/hard\libc_nano.a(libc_a-reent.o)
                0x200001c0                errno
 .bss           0x200001c4       0x1d C:/msys64/mingw64/bin/../lib/gcc/arm-none-eabi/13.3.0/../../../../arm-none-eabi/lib/thumb/v7e-m+fp/hard\libc_nano.a(libc_a-lock.o)
                0x200001c4                __lock___arc4random_mutex
                0x200001c8                __lock___dd_hash_mutex
                0x200001cc                __lock___tz_mutex
                0x200001d0                __lock___env_recursive_mutex
                0x200001d4                __lock___malloc_recursive_mutex
                0x200001d8                __lock___at_quick_exit_mutex
                0x200001dc                __lock___atexit_recursive_mutex
                0x200001e0                __lock___sfp_recursive_mutex
 *(.bss*)
 .bss.completed.1
                0x200001e1        0x1 C:/msys64/mingw64/bin/../lib/gcc/arm-none-eabi/13.3.0/thumb/v7e-m+fp/hard/crtbegin.o
 *fill*         0x200001e2        0x2 
 .bss.object.0  0x200001e4       0x18 C:/msys64/mingw64/bin/../lib/gcc/arm-none-eabi/13.3.0/thumb/v7e-m+fp/hard/crtbegin.o
 .bss.nano_packet_ready
                0x200001fc        0x1 build/main.o
 .bss.nano_pending_code
                0x200001fd        0x1 build/main.o
 .bss.nano_rx_state
                0x200001fe        0x1 build/main.o
 .bss.nano_rx_byte
                0x200001ff        0x1 build/main.o
 .bss.force_send_now
                0x20000200        0x1 build/main.o
 *fill*         0x20000201        0x3 
 .bss.last_send_tick
                0x20000204        0x4 build/main.o
 .bss.safe_tx_remaining
                0x20000208        0x1 build/main.o
 .bss.current_level
                0x20000209        0x1 build/main.o
 .bss.current_event_type
                0x2000020a        0x1 build/main.o
 .bss.Appli_state
                0x2000020b        0x1 build/usb_host.o
                0x2000020b                Appli_state
 .bss.hUsbHostFS
                0x2000020c      0x3d8 build/usb_host.o
                0x2000020c                hUsbHostFS
 .bss.hhcd_USB_OTG_FS
                0x200005e4      0x3e0 build/usbh_conf.o
                0x200005e4                hhcd_USB_OTG_FS
 .bss.uwTick    0x200009c4        0x4 build/stm32f4xx_hal.o
                0x200009c4                uwTick
 .bss.__sbrk_heap_end
                0x200009c8        0x4 build/sysmem.o
 .bss.hi2c1     0x200009cc       0x54 build/i2c.o
                0x200009cc                hi2c1
 .bss.hdma_spi2_tx
                0x20000a20       0x60 build/spi.o
                0x20000a20                hdma_spi2_tx
 .bss.hspi2     0x20000a80       0x58 build/spi.o
                0x20000a80                hspi2
 .bss.htim1     0x20000ad8       0x48 build/tim.o
                0x20000ad8                htim1
 .bss.huart2    0x20000b20       0x48 build/usart.o
                0x20000b20                huart2
 .bss.huart4    0x20000b68       0x48 build/usart.o
                0x20000b68                huart4
 *(COMMON)
                0x20000bb0                        . = ALIGN (0x4)
                0x20000bb0                        _ebss = .
                0x20000bb0                        __bss_end__ = _ebss

._user_heap_stack
                0x20000bb0      0x600
                0x20000bb0                        . = ALIGN (0x8)
                [!provide]                        PROVIDE (end = .)
                0x20000bb0                        PROVIDE (_end = .)
                0x20000db0                        . = (. + _Min_Heap_Size)
 *fill*         0x20000bb0      0x200 
                0x200011b0                        . = (. + _Min_Stack_Size)
 *fill*         0x20000db0      0x400 
                0x200011b0                        . = ALIGN (0x8)

/DISCARD/
 libc.a(*)
 libm.a(*)
 libgcc.a(*)
OUTPUT(build/LCD_test.elf elf32-littlearm)
LOAD linker stubs
LOAD C:/msys64/mingw64/bin/../lib/gcc/arm-none-eabi/13.3.0/../../../../arm-none-eabi/lib/thumb/v7e-m+fp/hard\libc.a
LOAD C:/msys64/mingw64/bin/../lib/gcc/arm-none-eabi/13.3.0/../../../../arm-none-eabi/lib/thumb/v7e-m+fp/hard\libm.a
LOAD C:/msys64/mingw64/bin/../lib/gcc/arm-none-eabi/13.3.0/thumb/v7e-m+fp/hard\libgcc.a

.ARM.attributes
                0x00000000       0x30
 .ARM.attributes
                0x00000000       0x22 C:/msys64/mingw64/bin/../lib/gcc/arm-none-eabi/13.3.0/thumb/v7e-m+fp/hard/crti.o
 .ARM.attributes
                0x00000022       0x34 C:/msys64/mingw64/bin/../lib/gcc/arm-none-eabi/13.3.0/thumb/v7e-m+fp/hard/crtbegin.o
 .ARM.attributes
                0x00000056       0x34 build/main.o
 .ARM.attributes
                0x0000008a       0x34 build/stm32f4xx_it.o
 .ARM.attributes
                0x000000be       0x34 build/stm32f4xx_hal_msp.o
 .ARM.attributes
                0x000000f2       0x34 build/ili9341.o
 .ARM.attributes
                0x00000126       0x34 build/lcd.o
 .ARM.attributes
                0x0000015a       0x34 build/lcd_images.o
 .ARM.attributes
                0x0000018e       0x34 build/usb_host.o
 .ARM.attributes
                0x000001c2       0x34 build/usbh_conf.o
 .ARM.attributes
                0x000001f6       0x34 build/usbh_platform.o
 .ARM.attributes
                0x0000022a       0x34 build/stm32f4xx_hal_hcd.o
 .ARM.attributes
                0x0000025e       0x34 build/stm32f4xx_ll_usb.o
 .ARM.attributes
                0x00000292       0x34 build/stm32f4xx_hal_rcc.o
 .ARM.attributes
                0x000002c6       0x34 build/stm32f4xx_hal_gpio.o
 .ARM.attributes
                0x000002fa       0x34 build/stm32f4xx_hal_dma.o
 .ARM.attributes
                0x0000032e       0x34 build/stm32f4xx_hal_cortex.o
 .ARM.attributes
                0x00000362       0x34 build/stm32f4xx_hal.o
 .ARM.attributes
                0x00000396       0x34 build/stm32f4xx_hal_i2c.o
 .ARM.attributes
                0x000003ca       0x34 build/stm32f4xx_hal_spi.o
 .ARM.attributes
                0x000003fe       0x34 build/stm32f4xx_hal_tim.o
 .ARM.attributes
                0x00000432       0x34 build/stm32f4xx_hal_tim_ex.o
 .ARM.attributes
                0x00000466       0x34 build/stm32f4xx_hal_uart.o
 .ARM.attributes
                0x0000049a       0x34 build/system_stm32f4xx.o
 .ARM.attributes
                0x000004ce       0x34 build/usbh_core.o
 .ARM.attributes
                0x00000502       0x34 build/usbh_ctlreq.o
 .ARM.attributes
                0x00000536       0x34 build/usbh_ioreq.o
 .ARM.attributes
                0x0000056a       0x34 build/usbh_pipes.o
 .ARM.attributes
                0x0000059e       0x34 build/usbh_cdc.o
 .ARM.attributes
                0x000005d2       0x34 build/sysmem.o
 .ARM.attributes
                0x00000606       0x34 build/gpio.o
 .ARM.attributes
                0x0000063a       0x34 build/i2c.o
 .ARM.attributes
                0x0000066e       0x34 build/spi.o
 .ARM.attributes
                0x000006a2       0x34 build/tim.o
 .ARM.attributes
                0x000006d6       0x34 build/usart.o
 .ARM.attributes
                0x0000070a       0x34 build/dma.o
 .ARM.attributes
                0x0000073e       0x21 build/startup_stm32f407xx.o
 .ARM.attributes
                0x0000075f       0x34 C:/msys64/mingw64/bin/../lib/gcc/arm-none-eabi/13.3.0/../../../../arm-none-eabi/lib/thumb/v7e-m+fp/hard\libc_nano.a(libc_a-malloc.o)
 .ARM.attributes
                0x00000793       0x34 C:/msys64/mingw64/bin/../lib/gcc/arm-none-eabi/13.3.0/../../../../arm-none-eabi/lib/thumb/v7e-m+fp/hard\libc_nano.a(libc_a-mallocr.o)
 .ARM.attributes
                0x000007c7       0x34 C:/msys64/mingw64/bin/../lib/gcc/arm-none-eabi/13.3.0/../../../../arm-none-eabi/lib/thumb/v7e-m+fp/hard\libc_nano.a(libc_a-mlock.o)
 .ARM.attributes
                0x000007fb       0x34 C:/msys64/mingw64/bin/../lib/gcc/arm-none-eabi/13.3.0/../../../../arm-none-eabi/lib/thumb/v7e-m+fp/hard\libc_nano.a(libc_a-findfp.o)
 .ARM.attributes
                0x0000082f       0x34 C:/msys64/mingw64/bin/../lib/gcc/arm-none-eabi/13.3.0/../../../../arm-none-eabi/lib/thumb/v7e-m+fp/hard\libc_nano.a(libc_a-memset.o)
 .ARM.attributes
                0x00000863       0x34 C:/msys64/mingw64/bin/../lib/gcc/arm-none-eabi/13.3.0/../../../../arm-none-eabi/lib/thumb/v7e-m+fp/hard\libc_nano.a(libc_a-reent.o)
 .ARM.attributes
                0x00000897       0x34 C:/msys64/mingw64/bin/../lib/gcc/arm-none-eabi/13.3.0/../../../../arm-none-eabi/lib/thumb/v7e-m+fp/hard\libc_nano.a(libc_a-impure.o)
 .ARM.attributes
                0x000008cb       0x34 C:/msys64/mingw64/bin/../lib/gcc/arm-none-eabi/13.3.0/../../../../arm-none-eabi/lib/thumb/v7e-m+fp/hard\libc_nano.a(libc_a-sbrkr.o)
 .ARM.attributes
                0x000008ff       0x34 C:/msys64/mingw64/bin/../lib/gcc/arm-none-eabi/13.3.0/../../../../arm-none-eabi/lib/thumb/v7e-m+fp/hard\libc_nano.a(libc_a-errno.o)
 .ARM.attributes
                0x00000933       0x34 C:/msys64/mingw64/bin/../lib/gcc/arm-none-eabi/13.3.0/../../../../arm-none-eabi/lib/thumb/v7e-m+fp/hard\libc_nano.a(libc_a-init.o)
 .ARM.attributes
                0x00000967       0x34 C:/msys64/mingw64/bin/../lib/gcc/arm-none-eabi/13.3.0/../../../../arm-none-eabi/lib/thumb/v7e-m+fp/hard\libc_nano.a(libc_a-lock.o)
 .ARM.attributes
                0x0000099b       0x34 C:/msys64/mingw64/bin/../lib/gcc/arm-none-eabi/13.3.0/../../../../arm-none-eabi/lib/thumb/v7e-m+fp/hard\libc_nano.a(libc_a-freer.o)
 .ARM.attributes
                0x000009cf       0x22 C:/msys64/mingw64/bin/../lib/gcc/arm-none-eabi/13.3.0/thumb/v7e-m+fp/hard\libgcc.a(_aeabi_uldivmod.o)
 .ARM.attributes
                0x000009f1       0x34 C:/msys64/mingw64/bin/../lib/gcc/arm-none-eabi/13.3.0/thumb/v7e-m+fp/hard\libgcc.a(_udivmoddi4.o)
 .ARM.attributes
                0x00000a25       0x22 C:/msys64/mingw64/bin/../lib/gcc/arm-none-eabi/13.3.0/thumb/v7e-m+fp/hard\libgcc.a(_dvmd_tls.o)
 .ARM.attributes
                0x00000a47       0x22 C:/msys64/mingw64/bin/../lib/gcc/arm-none-eabi/13.3.0/thumb/v7e-m+fp/hard/crtn.o

.comment        0x00000000       0x12
 .comment       0x00000000       0x12 build/main.o
                                 0x13 (size before relaxing)
 .comment       0x00000012        0x0 build/stm32f4xx_it.o
                                 0x13 (size before relaxing)
 .comment       0x00000012        0x0 build/stm32f4xx_hal_msp.o
                                 0x13 (size before relaxing)
 .comment       0x00000012        0x0 build/ili9341.o
                                 0x13 (size before relaxing)
 .comment       0x00000012        0x0 build/lcd.o
                                 0x13 (size before relaxing)
 .comment       0x00000012        0x0 build/lcd_images.o
                                 0x13 (size before relaxing)
 .comment       0x00000012        0x0 build/usb_host.o
                                 0x13 (size before relaxing)
 .comment       0x00000012        0x0 build/usbh_conf.o
                                 0x13 (size before relaxing)
 .comment       0x00000012        0x0 build/usbh_platform.o
                                 0x13 (size before relaxing)
 .comment       0x00000012        0x0 build/stm32f4xx_hal_hcd.o
                                 0x13 (size before relaxing)
 .comment       0x00000012        0x0 build/stm32f4xx_ll_usb.o
                                 0x13 (size before relaxing)
 .comment       0x00000012        0x0 build/stm32f4xx_hal_rcc.o
                                 0x13 (size before relaxing)
 .comment       0x00000012        0x0 build/stm32f4xx_hal_gpio.o
                                 0x13 (size before relaxing)
 .comment       0x00000012        0x0 build/stm32f4xx_hal_dma.o
                                 0x13 (size before relaxing)
 .comment       0x00000012        0x0 build/stm32f4xx_hal_cortex.o
                                 0x13 (size before relaxing)
 .comment       0x00000012        0x0 build/stm32f4xx_hal.o
                                 0x13 (size before relaxing)
 .comment       0x00000012        0x0 build/stm32f4xx_hal_i2c.o
                                 0x13 (size before relaxing)
 .comment       0x00000012        0x0 build/stm32f4xx_hal_spi.o
                                 0x13 (size before relaxing)
 .comment       0x00000012        0x0 build/stm32f4xx_hal_tim.o
                                 0x13 (size before relaxing)
 .comment       0x00000012        0x0 build/stm32f4xx_hal_tim_ex.o
                                 0x13 (size before relaxing)
 .comment       0x00000012        0x0 build/stm32f4xx_hal_uart.o
                                 0x13 (size before relaxing)
 .comment       0x00000012        0x0 build/system_stm32f4xx.o
                                 0x13 (size before relaxing)
 .comment       0x00000012        0x0 build/usbh_core.o
                                 0x13 (size before relaxing)
 .comment       0x00000012        0x0 build/usbh_ctlreq.o
                                 0x13 (size before relaxing)
 .comment       0x00000012        0x0 build/usbh_ioreq.o
                                 0x13 (size before relaxing)
 .comment       0x00000012        0x0 build/usbh_pipes.o
                                 0x13 (size before relaxing)
 .comment       0x00000012        0x0 build/usbh_cdc.o
                                 0x13 (size before relaxing)
 .comment       0x00000012        0x0 build/sysmem.o
                                 0x13 (size before relaxing)
 .comment       0x00000012        0x0 build/gpio.o
                                 0x13 (size before relaxing)
 .comment       0x00000012        0x0 build/i2c.o
                                 0x13 (size before relaxing)
 .comment       0x00000012        0x0 build/spi.o
                                 0x13 (size before relaxing)
 .comment       0x00000012        0x0 build/tim.o
                                 0x13 (size before relaxing)
 .comment       0x00000012        0x0 build/usart.o
                                 0x13 (size before relaxing)
 .comment       0x00000012        0x0 build/dma.o
                                 0x13 (size before relaxing)
 .comment       0x00000012        0x0 C:/msys64/mingw64/bin/../lib/gcc/arm-none-eabi/13.3.0/../../../../arm-none-eabi/lib/thumb/v7e-m+fp/hard\libc_nano.a(libc_a-malloc.o)
                                 0x13 (size before relaxing)
 .comment       0x00000012        0x0 C:/msys64/mingw64/bin/../lib/gcc/arm-none-eabi/13.3.0/../../../../arm-none-eabi/lib/thumb/v7e-m+fp/hard\libc_nano.a(libc_a-mallocr.o)
                                 0x13 (size before relaxing)
 .comment       0x00000012        0x0 C:/msys64/mingw64/bin/../lib/gcc/arm-none-eabi/13.3.0/../../../../arm-none-eabi/lib/thumb/v7e-m+fp/hard\libc_nano.a(libc_a-mlock.o)
                                 0x13 (size before relaxing)
 .comment       0x00000012        0x0 C:/msys64/mingw64/bin/../lib/gcc/arm-none-eabi/13.3.0/../../../../arm-none-eabi/lib/thumb/v7e-m+fp/hard\libc_nano.a(libc_a-findfp.o)
                                 0x13 (size before relaxing)
 .comment       0x00000012        0x0 C:/msys64/mingw64/bin/../lib/gcc/arm-none-eabi/13.3.0/../../../../arm-none-eabi/lib/thumb/v7e-m+fp/hard\libc_nano.a(libc_a-memset.o)
                                 0x13 (size before relaxing)
 .comment       0x00000012        0x0 C:/msys64/mingw64/bin/../lib/gcc/arm-none-eabi/13.3.0/../../../../arm-none-eabi/lib/thumb/v7e-m+fp/hard\libc_nano.a(libc_a-reent.o)
                                 0x13 (size before relaxing)
 .comment       0x00000012        0x0 C:/msys64/mingw64/bin/../lib/gcc/arm-none-eabi/13.3.0/../../../../arm-none-eabi/lib/thumb/v7e-m+fp/hard\libc_nano.a(libc_a-impure.o)
                                 0x13 (size before relaxing)
 .comment       0x00000012        0x0 C:/msys64/mingw64/bin/../lib/gcc/arm-none-eabi/13.3.0/../../../../arm-none-eabi/lib/thumb/v7e-m+fp/hard\libc_nano.a(libc_a-sbrkr.o)
                                 0x13 (size before relaxing)
 .comment       0x00000012        0x0 C:/msys64/mingw64/bin/../lib/gcc/arm-none-eabi/13.3.0/../../../../arm-none-eabi/lib/thumb/v7e-m+fp/hard\libc_nano.a(libc_a-errno.o)
                                 0x13 (size before relaxing)
 .comment       0x00000012        0x0 C:/msys64/mingw64/bin/../lib/gcc/arm-none-eabi/13.3.0/../../../../arm-none-eabi/lib/thumb/v7e-m+fp/hard\libc_nano.a(libc_a-init.o)
                                 0x13 (size before relaxing)
 .comment       0x00000012        0x0 C:/msys64/mingw64/bin/../lib/gcc/arm-none-eabi/13.3.0/../../../../arm-none-eabi/lib/thumb/v7e-m+fp/hard\libc_nano.a(libc_a-lock.o)
                                 0x13 (size before relaxing)
 .comment       0x00000012        0x0 C:/msys64/mingw64/bin/../lib/gcc/arm-none-eabi/13.3.0/../../../../arm-none-eabi/lib/thumb/v7e-m+fp/hard\libc_nano.a(libc_a-freer.o)
                                 0x13 (size before relaxing)
 .comment       0x00000012        0x0 C:/msys64/mingw64/bin/../lib/gcc/arm-none-eabi/13.3.0/thumb/v7e-m+fp/hard\libgcc.a(_udivmoddi4.o)
                                 0x13 (size before relaxing)

.debug_info     0x00000000    0x2ff55
 .debug_info    0x00000000     0x1c04 build/main.o
 .debug_info    0x00001c04      0xd74 build/stm32f4xx_it.o
 .debug_info    0x00002978      0x314 build/stm32f4xx_hal_msp.o
 .debug_info    0x00002c8c     0x1825 build/ili9341.o
 .debug_info    0x000044b1      0x24e build/lcd.o
 .debug_info    0x000046ff      0x129 build/lcd_images.o
 .debug_info    0x00004828      0xc12 build/usb_host.o
 .debug_info    0x0000543a     0x2382 build/usbh_conf.o
 .debug_info    0x000077bc      0x225 build/usbh_platform.o
 .debug_info    0x000079e1     0x1b56 build/stm32f4xx_hal_hcd.o
 .debug_info    0x00009537     0x2202 build/stm32f4xx_ll_usb.o
 .debug_info    0x0000b739      0xc20 build/stm32f4xx_hal_rcc.o
 .debug_info    0x0000c359      0x848 build/stm32f4xx_hal_gpio.o
 .debug_info    0x0000cba1      0xbce build/stm32f4xx_hal_dma.o
 .debug_info    0x0000d76f     0x11e0 build/stm32f4xx_hal_cortex.o
 .debug_info    0x0000e94f      0xafa build/stm32f4xx_hal.o
 .debug_info    0x0000f449     0x3c10 build/stm32f4xx_hal_i2c.o
 .debug_info    0x00013059     0x1f80 build/stm32f4xx_hal_spi.o
 .debug_info    0x00014fd9     0x41a0 build/stm32f4xx_hal_tim.o
 .debug_info    0x00019179     0x1da5 build/stm32f4xx_hal_tim_ex.o
 .debug_info    0x0001af1e     0x43b5 build/stm32f4xx_hal_uart.o
 .debug_info    0x0001f2d3      0x5b3 build/system_stm32f4xx.o
 .debug_info    0x0001f886     0x1812 build/usbh_core.o
 .debug_info    0x00021098     0x15ff build/usbh_ctlreq.o
 .debug_info    0x00022697     0x110f build/usbh_ioreq.o
 .debug_info    0x000237a6      0xcd5 build/usbh_pipes.o
 .debug_info    0x0002447b     0x1b1a build/usbh_cdc.o
 .debug_info    0x00025f95      0x18c build/sysmem.o
 .debug_info    0x00026121      0x704 build/gpio.o
 .debug_info    0x00026825      0xb83 build/i2c.o
 .debug_info    0x000273a8      0xbcf build/spi.o
 .debug_info    0x00027f77      0xf97 build/tim.o
 .debug_info    0x00028f0e      0xea4 build/usart.o
 .debug_info    0x00029db2      0x565 build/dma.o
 .debug_info    0x0002a317       0x30 build/startup_stm32f407xx.o
 .debug_info    0x0002a347      0x7a0 C:/msys64/mingw64/bin/../lib/gcc/arm-none-eabi/13.3.0/../../../../arm-none-eabi/lib/thumb/v7e-m+fp/hard\libc_nano.a(libc_a-malloc.o)
 .debug_info    0x0002aae7      0x9c0 C:/msys64/mingw64/bin/../lib/gcc/arm-none-eabi/13.3.0/../../../../arm-none-eabi/lib/thumb/v7e-m+fp/hard\libc_nano.a(libc_a-mallocr.o)
 .debug_info    0x0002b4a7      0x76b C:/msys64/mingw64/bin/../lib/gcc/arm-none-eabi/13.3.0/../../../../arm-none-eabi/lib/thumb/v7e-m+fp/hard\libc_nano.a(libc_a-mlock.o)
 .debug_info    0x0002bc12     0x10c4 C:/msys64/mingw64/bin/../lib/gcc/arm-none-eabi/13.3.0/../../../../arm-none-eabi/lib/thumb/v7e-m+fp/hard\libc_nano.a(libc_a-findfp.o)
 .debug_info    0x0002ccd6      0x135 C:/msys64/mingw64/bin/../lib/gcc/arm-none-eabi/13.3.0/../../../../arm-none-eabi/lib/thumb/v7e-m+fp/hard\libc_nano.a(libc_a-memset.o)
 .debug_info    0x0002ce0b      0x8a9 C:/msys64/mingw64/bin/../lib/gcc/arm-none-eabi/13.3.0/../../../../arm-none-eabi/lib/thumb/v7e-m+fp/hard\libc_nano.a(libc_a-reent.o)
 .debug_info    0x0002d6b4      0x715 C:/msys64/mingw64/bin/../lib/gcc/arm-none-eabi/13.3.0/../../../../arm-none-eabi/lib/thumb/v7e-m+fp/hard\libc_nano.a(libc_a-impure.o)
 .debug_info    0x0002ddc9      0x782 C:/msys64/mingw64/bin/../lib/gcc/arm-none-eabi/13.3.0/../../../../arm-none-eabi/lib/thumb/v7e-m+fp/hard\libc_nano.a(libc_a-sbrkr.o)
 .debug_info    0x0002e54b      0x6fb C:/msys64/mingw64/bin/../lib/gcc/arm-none-eabi/13.3.0/../../../../arm-none-eabi/lib/thumb/v7e-m+fp/hard\libc_nano.a(libc_a-errno.o)
 .debug_info    0x0002ec46      0x10b C:/msys64/mingw64/bin/../lib/gcc/arm-none-eabi/13.3.0/../../../../arm-none-eabi/lib/thumb/v7e-m+fp/hard\libc_nano.a(libc_a-init.o)
 .debug_info    0x0002ed51      0x218 C:/msys64/mingw64/bin/../lib/gcc/arm-none-eabi/13.3.0/../../../../arm-none-eabi/lib/thumb/v7e-m+fp/hard\libc_nano.a(libc_a-lock.o)
 .debug_info    0x0002ef69      0x889 C:/msys64/mingw64/bin/../lib/gcc/arm-none-eabi/13.3.0/../../../../arm-none-eabi/lib/thumb/v7e-m+fp/hard\libc_nano.a(libc_a-freer.o)
 .debug_info    0x0002f7f2       0x24 C:/msys64/mingw64/bin/../lib/gcc/arm-none-eabi/13.3.0/thumb/v7e-m+fp/hard\libgcc.a(_aeabi_uldivmod.o)
 .debug_info    0x0002f816      0x703 C:/msys64/mingw64/bin/../lib/gcc/arm-none-eabi/13.3.0/thumb/v7e-m+fp/hard\libgcc.a(_udivmoddi4.o)
 .debug_info    0x0002ff19       0x3c C:/msys64/mingw64/bin/../lib/gcc/arm-none-eabi/13.3.0/thumb/v7e-m+fp/hard\libgcc.a(_dvmd_tls.o)

.debug_abbrev   0x00000000     0x688b
 .debug_abbrev  0x00000000      0x38c build/main.o
 .debug_abbrev  0x0000038c      0x1b3 build/stm32f4xx_it.o
 .debug_abbrev  0x0000053f       0xfd build/stm32f4xx_hal_msp.o
 .debug_abbrev  0x0000063c      0x2d8 build/ili9341.o
 .debug_abbrev  0x00000914       0xd9 build/lcd.o
 .debug_abbrev  0x000009ed       0x7f build/lcd_images.o
 .debug_abbrev  0x00000a6c      0x293 build/usb_host.o
 .debug_abbrev  0x00000cff      0x3dd build/usbh_conf.o
 .debug_abbrev  0x000010dc      0x12e build/usbh_platform.o
 .debug_abbrev  0x0000120a      0x2d6 build/stm32f4xx_hal_hcd.o
 .debug_abbrev  0x000014e0      0x344 build/stm32f4xx_ll_usb.o
 .debug_abbrev  0x00001824      0x2de build/stm32f4xx_hal_rcc.o
 .debug_abbrev  0x00001b02      0x22b build/stm32f4xx_hal_gpio.o
 .debug_abbrev  0x00001d2d      0x2fe build/stm32f4xx_hal_dma.o
 .debug_abbrev  0x0000202b      0x3ca build/stm32f4xx_hal_cortex.o
 .debug_abbrev  0x000023f5      0x244 build/stm32f4xx_hal.o
 .debug_abbrev  0x00002639      0x328 build/stm32f4xx_hal_i2c.o
 .debug_abbrev  0x00002961      0x2be build/stm32f4xx_hal_spi.o
 .debug_abbrev  0x00002c1f      0x2bd build/stm32f4xx_hal_tim.o
 .debug_abbrev  0x00002edc      0x2b7 build/stm32f4xx_hal_tim_ex.o
 .debug_abbrev  0x00003193      0x366 build/stm32f4xx_hal_uart.o
 .debug_abbrev  0x000034f9      0x11b build/system_stm32f4xx.o
 .debug_abbrev  0x00003614      0x383 build/usbh_core.o
 .debug_abbrev  0x00003997      0x353 build/usbh_ctlreq.o
 .debug_abbrev  0x00003cea      0x23d build/usbh_ioreq.o
 .debug_abbrev  0x00003f27      0x2a3 build/usbh_pipes.o
 .debug_abbrev  0x000041ca      0x37f build/usbh_cdc.o
 .debug_abbrev  0x00004549       0xeb build/sysmem.o
 .debug_abbrev  0x00004634      0x160 build/gpio.o
 .debug_abbrev  0x00004794      0x208 build/i2c.o
 .debug_abbrev  0x0000499c      0x217 build/spi.o
 .debug_abbrev  0x00004bb3      0x250 build/tim.o
 .debug_abbrev  0x00004e03      0x22d build/usart.o
 .debug_abbrev  0x00005030      0x12f build/dma.o
 .debug_abbrev  0x0000515f       0x1d build/startup_stm32f407xx.o
 .debug_abbrev  0x0000517c      0x1cf C:/msys64/mingw64/bin/../lib/gcc/arm-none-eabi/13.3.0/../../../../arm-none-eabi/lib/thumb/v7e-m+fp/hard\libc_nano.a(libc_a-malloc.o)
 .debug_abbrev  0x0000534b      0x24a C:/msys64/mingw64/bin/../lib/gcc/arm-none-eabi/13.3.0/../../../../arm-none-eabi/lib/thumb/v7e-m+fp/hard\libc_nano.a(libc_a-mallocr.o)
 .debug_abbrev  0x00005595      0x1bf C:/msys64/mingw64/bin/../lib/gcc/arm-none-eabi/13.3.0/../../../../arm-none-eabi/lib/thumb/v7e-m+fp/hard\libc_nano.a(libc_a-mlock.o)
 .debug_abbrev  0x00005754      0x446 C:/msys64/mingw64/bin/../lib/gcc/arm-none-eabi/13.3.0/../../../../arm-none-eabi/lib/thumb/v7e-m+fp/hard\libc_nano.a(libc_a-findfp.o)
 .debug_abbrev  0x00005b9a       0xb7 C:/msys64/mingw64/bin/../lib/gcc/arm-none-eabi/13.3.0/../../../../arm-none-eabi/lib/thumb/v7e-m+fp/hard\libc_nano.a(libc_a-memset.o)
 .debug_abbrev  0x00005c51      0x1ee C:/msys64/mingw64/bin/../lib/gcc/arm-none-eabi/13.3.0/../../../../arm-none-eabi/lib/thumb/v7e-m+fp/hard\libc_nano.a(libc_a-reent.o)
 .debug_abbrev  0x00005e3f      0x149 C:/msys64/mingw64/bin/../lib/gcc/arm-none-eabi/13.3.0/../../../../arm-none-eabi/lib/thumb/v7e-m+fp/hard\libc_nano.a(libc_a-impure.o)
 .debug_abbrev  0x00005f88      0x1da C:/msys64/mingw64/bin/../lib/gcc/arm-none-eabi/13.3.0/../../../../arm-none-eabi/lib/thumb/v7e-m+fp/hard\libc_nano.a(libc_a-sbrkr.o)
 .debug_abbrev  0x00006162      0x15e C:/msys64/mingw64/bin/../lib/gcc/arm-none-eabi/13.3.0/../../../../arm-none-eabi/lib/thumb/v7e-m+fp/hard\libc_nano.a(libc_a-errno.o)
 .debug_abbrev  0x000062c0       0xc9 C:/msys64/mingw64/bin/../lib/gcc/arm-none-eabi/13.3.0/../../../../arm-none-eabi/lib/thumb/v7e-m+fp/hard\libc_nano.a(libc_a-init.o)
 .debug_abbrev  0x00006389      0x115 C:/msys64/mingw64/bin/../lib/gcc/arm-none-eabi/13.3.0/../../../../arm-none-eabi/lib/thumb/v7e-m+fp/hard\libc_nano.a(libc_a-lock.o)
 .debug_abbrev  0x0000649e      0x249 C:/msys64/mingw64/bin/../lib/gcc/arm-none-eabi/13.3.0/../../../../arm-none-eabi/lib/thumb/v7e-m+fp/hard\libc_nano.a(libc_a-freer.o)
 .debug_abbrev  0x000066e7       0x14 C:/msys64/mingw64/bin/../lib/gcc/arm-none-eabi/13.3.0/thumb/v7e-m+fp/hard\libgcc.a(_aeabi_uldivmod.o)
 .debug_abbrev  0x000066fb      0x16a C:/msys64/mingw64/bin/../lib/gcc/arm-none-eabi/13.3.0/thumb/v7e-m+fp/hard\libgcc.a(_udivmoddi4.o)
 .debug_abbrev  0x00006865       0x26 C:/msys64/mingw64/bin/../lib/gcc/arm-none-eabi/13.3.0/thumb/v7e-m+fp/hard\libgcc.a(_dvmd_tls.o)

.debug_loc      0x00000000    0x20cae
 .debug_loc     0x00000000      0x7ab build/main.o
 .debug_loc     0x000007ab       0x80 build/stm32f4xx_it.o
 .debug_loc     0x0000082b       0x38 build/stm32f4xx_hal_msp.o
 .debug_loc     0x00000863      0x89a build/ili9341.o
 .debug_loc     0x000010fd      0x118 build/lcd.o
 .debug_loc     0x00001215       0x40 build/usb_host.o
 .debug_loc     0x00001255      0xccd build/usbh_conf.o
 .debug_loc     0x00001f22       0x6d build/usbh_platform.o
 .debug_loc     0x00001f8f     0x1065 build/stm32f4xx_hal_hcd.o
 .debug_loc     0x00002ff4     0x2ac8 build/stm32f4xx_ll_usb.o
 .debug_loc     0x00005abc      0x720 build/stm32f4xx_hal_rcc.o
 .debug_loc     0x000061dc      0x60b build/stm32f4xx_hal_gpio.o
 .debug_loc     0x000067e7      0xe9a build/stm32f4xx_hal_dma.o
 .debug_loc     0x00007681      0x8ff build/stm32f4xx_hal_cortex.o
 .debug_loc     0x00007f80      0x1f9 build/stm32f4xx_hal.o
 .debug_loc     0x00008179     0x54cf build/stm32f4xx_hal_i2c.o
 .debug_loc     0x0000d648     0x261e build/stm32f4xx_hal_spi.o
 .debug_loc     0x0000fc66     0x6089 build/stm32f4xx_hal_tim.o
 .debug_loc     0x00015cef     0x22d2 build/stm32f4xx_hal_tim_ex.o
 .debug_loc     0x00017fc1     0x5040 build/stm32f4xx_hal_uart.o
 .debug_loc     0x0001d001       0xbd build/system_stm32f4xx.o
 .debug_loc     0x0001d0be      0xb48 build/usbh_core.o
 .debug_loc     0x0001dc06     0x15d5 build/usbh_ctlreq.o
 .debug_loc     0x0001f1db      0x8bb build/usbh_ioreq.o
 .debug_loc     0x0001fa96      0x2f2 build/usbh_pipes.o
 .debug_loc     0x0001fd88      0x99d build/usbh_cdc.o
 .debug_loc     0x00020725       0x90 build/sysmem.o
 .debug_loc     0x000207b5       0x39 build/gpio.o
 .debug_loc     0x000207ee       0xfd build/i2c.o
 .debug_loc     0x000208eb      0x101 build/spi.o
 .debug_loc     0x000209ec      0x104 build/tim.o
 .debug_loc     0x00020af0      0x186 build/usart.o
 .debug_loc     0x00020c76       0x38 build/dma.o

.debug_aranges  0x00000000     0x1b10
 .debug_aranges
                0x00000000       0xc0 build/main.o
 .debug_aranges
                0x000000c0       0x78 build/stm32f4xx_it.o
 .debug_aranges
                0x00000138       0x20 build/stm32f4xx_hal_msp.o
 .debug_aranges
                0x00000158       0x78 build/ili9341.o
 .debug_aranges
                0x000001d0       0x40 build/lcd.o
 .debug_aranges
                0x00000210       0x18 build/lcd_images.o
 .debug_aranges
                0x00000228       0x30 build/usb_host.o
 .debug_aranges
                0x00000258       0xe0 build/usbh_conf.o
 .debug_aranges
                0x00000338       0x20 build/usbh_platform.o
 .debug_aranges
                0x00000358      0x108 build/stm32f4xx_hal_hcd.o
 .debug_aranges
                0x00000460      0x1a0 build/stm32f4xx_ll_usb.o
 .debug_aranges
                0x00000600       0x88 build/stm32f4xx_hal_rcc.o
 .debug_aranges
                0x00000688       0x58 build/stm32f4xx_hal_gpio.o
 .debug_aranges
                0x000006e0       0x90 build/stm32f4xx_hal_dma.o
 .debug_aranges
                0x00000770       0xf8 build/stm32f4xx_hal_cortex.o
 .debug_aranges
                0x00000868       0xf0 build/stm32f4xx_hal.o
 .debug_aranges
                0x00000958      0x2a8 build/stm32f4xx_hal_i2c.o
 .debug_aranges
                0x00000c00      0x1d0 build/stm32f4xx_hal_spi.o
 .debug_aranges
                0x00000dd0      0x3d0 build/stm32f4xx_hal_tim.o
 .debug_aranges
                0x000011a0      0x168 build/stm32f4xx_hal_tim_ex.o
 .debug_aranges
                0x00001308      0x208 build/stm32f4xx_hal_uart.o
 .debug_aranges
                0x00001510       0x28 build/system_stm32f4xx.o
 .debug_aranges
                0x00001538       0xc0 build/usbh_core.o
 .debug_aranges
                0x000015f8       0xa0 build/usbh_ctlreq.o
 .debug_aranges
                0x00001698       0x60 build/usbh_ioreq.o
 .debug_aranges
                0x000016f8       0x40 build/usbh_pipes.o
 .debug_aranges
                0x00001738       0xa8 build/usbh_cdc.o
 .debug_aranges
                0x000017e0       0x20 build/sysmem.o
 .debug_aranges
                0x00001800       0x20 build/gpio.o
 .debug_aranges
                0x00001820       0x30 build/i2c.o
 .debug_aranges
                0x00001850       0x30 build/spi.o
 .debug_aranges
                0x00001880       0x38 build/tim.o
 .debug_aranges
                0x000018b8       0x38 build/usart.o
 .debug_aranges
                0x000018f0       0x20 build/dma.o
 .debug_aranges
                0x00001910       0x28 build/startup_stm32f407xx.o
 .debug_aranges
                0x00001938       0x20 C:/msys64/mingw64/bin/../lib/gcc/arm-none-eabi/13.3.0/../../../../arm-none-eabi/lib/thumb/v7e-m+fp/hard\libc_nano.a(libc_a-malloc.o)
 .debug_aranges
                0x00001958       0x20 C:/msys64/mingw64/bin/../lib/gcc/arm-none-eabi/13.3.0/../../../../arm-none-eabi/lib/thumb/v7e-m+fp/hard\libc_nano.a(libc_a-mallocr.o)
 .debug_aranges
                0x00001978       0x20 C:/msys64/mingw64/bin/../lib/gcc/arm-none-eabi/13.3.0/../../../../arm-none-eabi/lib/thumb/v7e-m+fp/hard\libc_nano.a(libc_a-mlock.o)
 .debug_aranges
                0x00001998       0x20 C:/msys64/mingw64/bin/../lib/gcc/arm-none-eabi/13.3.0/../../../../arm-none-eabi/lib/thumb/v7e-m+fp/hard\libc_nano.a(libc_a-findfp.o)
 .debug_aranges
                0x000019b8       0x20 C:/msys64/mingw64/bin/../lib/gcc/arm-none-eabi/13.3.0/../../../../arm-none-eabi/lib/thumb/v7e-m+fp/hard\libc_nano.a(libc_a-memset.o)
 .debug_aranges
                0x000019d8       0x20 C:/msys64/mingw64/bin/../lib/gcc/arm-none-eabi/13.3.0/../../../../arm-none-eabi/lib/thumb/v7e-m+fp/hard\libc_nano.a(libc_a-reent.o)
 .debug_aranges
                0x000019f8       0x18 C:/msys64/mingw64/bin/../lib/gcc/arm-none-eabi/13.3.0/../../../../arm-none-eabi/lib/thumb/v7e-m+fp/hard\libc_nano.a(libc_a-impure.o)
 .debug_aranges
                0x00001a10       0x20 C:/msys64/mingw64/bin/../lib/gcc/arm-none-eabi/13.3.0/../../../../arm-none-eabi/lib/thumb/v7e-m+fp/hard\libc_nano.a(libc_a-sbrkr.o)
 .debug_aranges
                0x00001a30       0x20 C:/msys64/mingw64/bin/../lib/gcc/arm-none-eabi/13.3.0/../../../../arm-none-eabi/lib/thumb/v7e-m+fp/hard\libc_nano.a(libc_a-errno.o)
 .debug_aranges
                0x00001a50       0x20 C:/msys64/mingw64/bin/../lib/gcc/arm-none-eabi/13.3.0/../../../../arm-none-eabi/lib/thumb/v7e-m+fp/hard\libc_nano.a(libc_a-init.o)
 .debug_aranges
                0x00001a70       0x20 C:/msys64/mingw64/bin/../lib/gcc/arm-none-eabi/13.3.0/../../../../arm-none-eabi/lib/thumb/v7e-m+fp/hard\libc_nano.a(libc_a-lock.o)
 .debug_aranges
                0x00001a90       0x20 C:/msys64/mingw64/bin/../lib/gcc/arm-none-eabi/13.3.0/../../../../arm-none-eabi/lib/thumb/v7e-m+fp/hard\libc_nano.a(libc_a-freer.o)
 .debug_aranges
                0x00001ab0       0x20 C:/msys64/mingw64/bin/../lib/gcc/arm-none-eabi/13.3.0/thumb/v7e-m+fp/hard\libgcc.a(_aeabi_uldivmod.o)
 .debug_aranges
                0x00001ad0       0x20 C:/msys64/mingw64/bin/../lib/gcc/arm-none-eabi/13.3.0/thumb/v7e-m+fp/hard\libgcc.a(_udivmoddi4.o)
 .debug_aranges
                0x00001af0       0x20 C:/msys64/mingw64/bin/../lib/gcc/arm-none-eabi/13.3.0/thumb/v7e-m+fp/hard\libgcc.a(_dvmd_tls.o)

.debug_ranges   0x00000000     0x1770
 .debug_ranges  0x00000000       0xb0 build/main.o
 .debug_ranges  0x000000b0       0x68 build/stm32f4xx_it.o
 .debug_ranges  0x00000118       0x10 build/stm32f4xx_hal_msp.o
 .debug_ranges  0x00000128       0xa0 build/ili9341.o
 .debug_ranges  0x000001c8       0x30 build/lcd.o
 .debug_ranges  0x000001f8       0x20 build/usb_host.o
 .debug_ranges  0x00000218       0xd0 build/usbh_conf.o
 .debug_ranges  0x000002e8       0x10 build/usbh_platform.o
 .debug_ranges  0x000002f8       0xf8 build/stm32f4xx_hal_hcd.o
 .debug_ranges  0x000003f0      0x190 build/stm32f4xx_ll_usb.o
 .debug_ranges  0x00000580       0x90 build/stm32f4xx_hal_rcc.o
 .debug_ranges  0x00000610       0x48 build/stm32f4xx_hal_gpio.o
 .debug_ranges  0x00000658       0x80 build/stm32f4xx_hal_dma.o
 .debug_ranges  0x000006d8       0xe8 build/stm32f4xx_hal_cortex.o
 .debug_ranges  0x000007c0       0xe0 build/stm32f4xx_hal.o
 .debug_ranges  0x000008a0      0x2b0 build/stm32f4xx_hal_i2c.o
 .debug_ranges  0x00000b50      0x1c0 build/stm32f4xx_hal_spi.o
 .debug_ranges  0x00000d10      0x3c0 build/stm32f4xx_hal_tim.o
 .debug_ranges  0x000010d0      0x158 build/stm32f4xx_hal_tim_ex.o
 .debug_ranges  0x00001228      0x1f8 build/stm32f4xx_hal_uart.o
 .debug_ranges  0x00001420       0x18 build/system_stm32f4xx.o
 .debug_ranges  0x00001438       0xb0 build/usbh_core.o
 .debug_ranges  0x000014e8       0x90 build/usbh_ctlreq.o
 .debug_ranges  0x00001578       0x50 build/usbh_ioreq.o
 .debug_ranges  0x000015c8       0x30 build/usbh_pipes.o
 .debug_ranges  0x000015f8       0x98 build/usbh_cdc.o
 .debug_ranges  0x00001690       0x10 build/sysmem.o
 .debug_ranges  0x000016a0       0x10 build/gpio.o
 .debug_ranges  0x000016b0       0x20 build/i2c.o
 .debug_ranges  0x000016d0       0x20 build/spi.o
 .debug_ranges  0x000016f0       0x28 build/tim.o
 .debug_ranges  0x00001718       0x28 build/usart.o
 .debug_ranges  0x00001740       0x10 build/dma.o
 .debug_ranges  0x00001750       0x20 build/startup_stm32f407xx.o

.debug_line     0x00000000    0x1eccc
 .debug_line    0x00000000      0x91d build/main.o
 .debug_line    0x0000091d      0x2b3 build/stm32f4xx_it.o
 .debug_line    0x00000bd0      0x154 build/stm32f4xx_hal_msp.o
 .debug_line    0x00000d24      0x55c build/ili9341.o
 .debug_line    0x00001280      0x154 build/lcd.o
 .debug_line    0x000013d4       0xc6 build/lcd_images.o
 .debug_line    0x0000149a      0x1fe build/usb_host.o
 .debug_line    0x00001698      0x6bc build/usbh_conf.o
 .debug_line    0x00001d54      0x159 build/usbh_platform.o
 .debug_line    0x00001ead     0x1439 build/stm32f4xx_hal_hcd.o
 .debug_line    0x000032e6     0x1f2d build/stm32f4xx_ll_usb.o
 .debug_line    0x00005213      0xb80 build/stm32f4xx_hal_rcc.o
 .debug_line    0x00005d93      0x6b7 build/stm32f4xx_hal_gpio.o
 .debug_line    0x0000644a      0xdf5 build/stm32f4xx_hal_dma.o
 .debug_line    0x0000723f      0x7ec build/stm32f4xx_hal_cortex.o
 .debug_line    0x00007a2b      0x529 build/stm32f4xx_hal.o
 .debug_line    0x00007f54     0x542d build/stm32f4xx_hal_i2c.o
 .debug_line    0x0000d381     0x2433 build/stm32f4xx_hal_spi.o
 .debug_line    0x0000f7b4     0x4721 build/stm32f4xx_hal_tim.o
 .debug_line    0x00013ed5     0x1a79 build/stm32f4xx_hal_tim_ex.o
 .debug_line    0x0001594e     0x34d2 build/stm32f4xx_hal_uart.o
 .debug_line    0x00018e20      0x210 build/system_stm32f4xx.o
 .debug_line    0x00019030      0xe18 build/usbh_core.o
 .debug_line    0x00019e48      0xced build/usbh_ctlreq.o
 .debug_line    0x0001ab35      0x29b build/usbh_ioreq.o
 .debug_line    0x0001add0      0x225 build/usbh_pipes.o
 .debug_line    0x0001aff5      0xa0d build/usbh_cdc.o
 .debug_line    0x0001ba02      0x163 build/sysmem.o
 .debug_line    0x0001bb65      0x2ed build/gpio.o
 .debug_line    0x0001be52      0x28c build/i2c.o
 .debug_line    0x0001c0de      0x30f build/spi.o
 .debug_line    0x0001c3ed      0x3ba build/tim.o
 .debug_line    0x0001c7a7      0x365 build/usart.o
 .debug_line    0x0001cb0c      0x141 build/dma.o
 .debug_line    0x0001cc4d       0x73 build/startup_stm32f407xx.o
 .debug_line    0x0001ccc0      0x175 C:/msys64/mingw64/bin/../lib/gcc/arm-none-eabi/13.3.0/../../../../arm-none-eabi/lib/thumb/v7e-m+fp/hard\libc_nano.a(libc_a-malloc.o)
 .debug_line    0x0001ce35      0x446 C:/msys64/mingw64/bin/../lib/gcc/arm-none-eabi/13.3.0/../../../../arm-none-eabi/lib/thumb/v7e-m+fp/hard\libc_nano.a(libc_a-mallocr.o)
 .debug_line    0x0001d27b      0x162 C:/msys64/mingw64/bin/../lib/gcc/arm-none-eabi/13.3.0/../../../../arm-none-eabi/lib/thumb/v7e-m+fp/hard\libc_nano.a(libc_a-mlock.o)
 .debug_line    0x0001d3dd      0x66d C:/msys64/mingw64/bin/../lib/gcc/arm-none-eabi/13.3.0/../../../../arm-none-eabi/lib/thumb/v7e-m+fp/hard\libc_nano.a(libc_a-findfp.o)
 .debug_line    0x0001da4a      0x1ca C:/msys64/mingw64/bin/../lib/gcc/arm-none-eabi/13.3.0/../../../../arm-none-eabi/lib/thumb/v7e-m+fp/hard\libc_nano.a(libc_a-memset.o)
 .debug_line    0x0001dc14      0x285 C:/msys64/mingw64/bin/../lib/gcc/arm-none-eabi/13.3.0/../../../../arm-none-eabi/lib/thumb/v7e-m+fp/hard\libc_nano.a(libc_a-reent.o)
 .debug_line    0x0001de99       0xfb C:/msys64/mingw64/bin/../lib/gcc/arm-none-eabi/13.3.0/../../../../arm-none-eabi/lib/thumb/v7e-m+fp/hard\libc_nano.a(libc_a-impure.o)
 .debug_line    0x0001df94      0x19d C:/msys64/mingw64/bin/../lib/gcc/arm-none-eabi/13.3.0/../../../../arm-none-eabi/lib/thumb/v7e-m+fp/hard\libc_nano.a(libc_a-sbrkr.o)
 .debug_line    0x0001e131      0x120 C:/msys64/mingw64/bin/../lib/gcc/arm-none-eabi/13.3.0/../../../../arm-none-eabi/lib/thumb/v7e-m+fp/hard\libc_nano.a(libc_a-errno.o)
 .debug_line    0x0001e251      0x13c C:/msys64/mingw64/bin/../lib/gcc/arm-none-eabi/13.3.0/../../../../arm-none-eabi/lib/thumb/v7e-m+fp/hard\libc_nano.a(libc_a-init.o)
 .debug_line    0x0001e38d       0xd7 C:/msys64/mingw64/bin/../lib/gcc/arm-none-eabi/13.3.0/../../../../arm-none-eabi/lib/thumb/v7e-m+fp/hard\libc_nano.a(libc_a-lock.o)
 .debug_line    0x0001e464      0x2cd C:/msys64/mingw64/bin/../lib/gcc/arm-none-eabi/13.3.0/../../../../arm-none-eabi/lib/thumb/v7e-m+fp/hard\libc_nano.a(libc_a-freer.o)
 .debug_line    0x0001e731       0x4e C:/msys64/mingw64/bin/../lib/gcc/arm-none-eabi/13.3.0/thumb/v7e-m+fp/hard\libgcc.a(_aeabi_uldivmod.o)
 .debug_line    0x0001e77f      0x503 C:/msys64/mingw64/bin/../lib/gcc/arm-none-eabi/13.3.0/thumb/v7e-m+fp/hard\libgcc.a(_udivmoddi4.o)
 .debug_line    0x0001ec82       0x4a C:/msys64/mingw64/bin/../lib/gcc/arm-none-eabi/13.3.0/thumb/v7e-m+fp/hard\libgcc.a(_dvmd_tls.o)

.debug_str      0x00000000     0x89d1
 .debug_str     0x00000000     0x89d1 build/main.o
                               0x1004 (size before relaxing)
 .debug_str     0x000089d1        0x0 build/stm32f4xx_it.o
                                0xb1d (size before relaxing)
 .debug_str     0x000089d1        0x0 build/stm32f4xx_hal_msp.o
                                0x295 (size before relaxing)
 .debug_str     0x000089d1        0x0 build/ili9341.o
                                0x7da (size before relaxing)
 .debug_str     0x000089d1        0x0 build/lcd.o
                                0x232 (size before relaxing)
 .debug_str     0x000089d1        0x0 build/lcd_images.o
                                0x1b2 (size before relaxing)
 .debug_str     0x000089d1        0x0 build/usb_host.o
                                0xa7d (size before relaxing)
 .debug_str     0x000089d1        0x0 build/usbh_conf.o
                               0x199c (size before relaxing)
 .debug_str     0x000089d1        0x0 build/usbh_platform.o
                                0x21b (size before relaxing)
 .debug_str     0x000089d1        0x0 build/stm32f4xx_hal_hcd.o
                                0xc1a (size before relaxing)
 .debug_str     0x000089d1        0x0 build/stm32f4xx_ll_usb.o
                                0xceb (size before relaxing)
 .debug_str     0x000089d1        0x0 build/stm32f4xx_hal_rcc.o
                                0x6c3 (size before relaxing)
 .debug_str     0x000089d1        0x0 build/stm32f4xx_hal_gpio.o
                                0x49d (size before relaxing)
 .debug_str     0x000089d1        0x0 build/stm32f4xx_hal_dma.o
                                0x733 (size before relaxing)
 .debug_str     0x000089d1        0x0 build/stm32f4xx_hal_cortex.o
                                0xc32 (size before relaxing)
 .debug_str     0x000089d1        0x0 build/stm32f4xx_hal.o
                                0xb21 (size before relaxing)
 .debug_str     0x000089d1        0x0 build/stm32f4xx_hal_i2c.o
                                0xffa (size before relaxing)
 .debug_str     0x000089d1        0x0 build/stm32f4xx_hal_spi.o
                                0xbb1 (size before relaxing)
 .debug_str     0x000089d1        0x0 build/stm32f4xx_hal_tim.o
                               0x16bc (size before relaxing)
 .debug_str     0x000089d1        0x0 build/stm32f4xx_hal_tim_ex.o
                                0xec8 (size before relaxing)
 .debug_str     0x000089d1        0x0 build/stm32f4xx_hal_uart.o
                                0xd58 (size before relaxing)