ARM GAS  C:\Users\user\AppData\Local\Temp\ccuS3EBj.s 			page 1


   1              		.cpu cortex-m4
   2              		.arch armv7e-m
   3              		.fpu fpv4-sp-d16
   4              		.eabi_attribute 27, 1
   5              		.eabi_attribute 28, 1
   6              		.eabi_attribute 20, 1
   7              		.eabi_attribute 21, 1
   8              		.eabi_attribute 23, 3
   9              		.eabi_attribute 24, 1
  10              		.eabi_attribute 25, 1
  11              		.eabi_attribute 26, 1
  12              		.eabi_attribute 30, 1
  13              		.eabi_attribute 34, 1
  14              		.eabi_attribute 18, 4
  15              		.file	"spi.c"
  16              		.text
  17              	.Ltext0:
  18              		.cfi_sections	.debug_frame
  19              		.file 1 "Core/Src/spi.c"
  20              		.section	.text.MX_SPI2_Init,"ax",%progbits
  21              		.align	1
  22              		.global	MX_SPI2_Init
  23              		.syntax unified
  24              		.thumb
  25              		.thumb_func
  27              	MX_SPI2_Init:
  28              	.LFB134:
   1:Core/Src/spi.c **** /* USER CODE BEGIN Header */
   2:Core/Src/spi.c **** /**
   3:Core/Src/spi.c ****   ******************************************************************************
   4:Core/Src/spi.c ****   * @file    spi.c
   5:Core/Src/spi.c ****   * @brief   This file provides code for the configuration
   6:Core/Src/spi.c ****   *          of the SPI instances.
   7:Core/Src/spi.c ****   ******************************************************************************
   8:Core/Src/spi.c ****   * @attention
   9:Core/Src/spi.c ****   *
  10:Core/Src/spi.c ****   * Copyright (c) 2026 STMicroelectronics.
  11:Core/Src/spi.c ****   * All rights reserved.
  12:Core/Src/spi.c ****   *
  13:Core/Src/spi.c ****   * This software is licensed under terms that can be found in the LICENSE file
  14:Core/Src/spi.c ****   * in the root directory of this software component.
  15:Core/Src/spi.c ****   * If no LICENSE file comes with this software, it is provided AS-IS.
  16:Core/Src/spi.c ****   *
  17:Core/Src/spi.c ****   ******************************************************************************
  18:Core/Src/spi.c ****   */
  19:Core/Src/spi.c **** /* USER CODE END Header */
  20:Core/Src/spi.c **** /* Includes ------------------------------------------------------------------*/
  21:Core/Src/spi.c **** #include "spi.h"
  22:Core/Src/spi.c **** 
  23:Core/Src/spi.c **** /* USER CODE BEGIN 0 */
  24:Core/Src/spi.c **** 
  25:Core/Src/spi.c **** /* USER CODE END 0 */
  26:Core/Src/spi.c **** 
  27:Core/Src/spi.c **** SPI_HandleTypeDef hspi2;
  28:Core/Src/spi.c **** DMA_HandleTypeDef hdma_spi2_tx;
  29:Core/Src/spi.c **** 
  30:Core/Src/spi.c **** /* SPI2 init function */
ARM GAS  C:\Users\user\AppData\Local\Temp\ccuS3EBj.s 			page 2


  31:Core/Src/spi.c **** void MX_SPI2_Init(void)
  32:Core/Src/spi.c **** {
  29              		.loc 1 32 1 view -0
  30              		.cfi_startproc
  31              		@ args = 0, pretend = 0, frame = 0
  32              		@ frame_needed = 0, uses_anonymous_args = 0
  33 0000 08B5     		push	{r3, lr}
  34              	.LCFI0:
  35              		.cfi_def_cfa_offset 8
  36              		.cfi_offset 3, -8
  37              		.cfi_offset 14, -4
  33:Core/Src/spi.c **** 
  34:Core/Src/spi.c ****   /* USER CODE BEGIN SPI2_Init 0 */
  35:Core/Src/spi.c **** 
  36:Core/Src/spi.c ****   /* USER CODE END SPI2_Init 0 */
  37:Core/Src/spi.c **** 
  38:Core/Src/spi.c ****   /* USER CODE BEGIN SPI2_Init 1 */
  39:Core/Src/spi.c **** 
  40:Core/Src/spi.c ****   /* USER CODE END SPI2_Init 1 */
  41:Core/Src/spi.c ****   hspi2.Instance = SPI2;
  38              		.loc 1 41 3 view .LVU1
  39              		.loc 1 41 18 is_stmt 0 view .LVU2
  40 0002 0F48     		ldr	r0, .L5
  41 0004 0F4B     		ldr	r3, .L5+4
  42 0006 0360     		str	r3, [r0]
  42:Core/Src/spi.c ****   hspi2.Init.Mode = SPI_MODE_MASTER;
  43              		.loc 1 42 3 is_stmt 1 view .LVU3
  44              		.loc 1 42 19 is_stmt 0 view .LVU4
  45 0008 4FF48273 		mov	r3, #260
  46 000c 4360     		str	r3, [r0, #4]
  43:Core/Src/spi.c ****   hspi2.Init.Direction = SPI_DIRECTION_2LINES;
  47              		.loc 1 43 3 is_stmt 1 view .LVU5
  48              		.loc 1 43 24 is_stmt 0 view .LVU6
  49 000e 0023     		movs	r3, #0
  50 0010 8360     		str	r3, [r0, #8]
  44:Core/Src/spi.c ****   hspi2.Init.DataSize = SPI_DATASIZE_8BIT;
  51              		.loc 1 44 3 is_stmt 1 view .LVU7
  52              		.loc 1 44 23 is_stmt 0 view .LVU8
  53 0012 C360     		str	r3, [r0, #12]
  45:Core/Src/spi.c ****   hspi2.Init.CLKPolarity = SPI_POLARITY_HIGH;
  54              		.loc 1 45 3 is_stmt 1 view .LVU9
  55              		.loc 1 45 26 is_stmt 0 view .LVU10
  56 0014 0222     		movs	r2, #2
  57 0016 0261     		str	r2, [r0, #16]
  46:Core/Src/spi.c ****   hspi2.Init.CLKPhase = SPI_PHASE_2EDGE;
  58              		.loc 1 46 3 is_stmt 1 view .LVU11
  59              		.loc 1 46 23 is_stmt 0 view .LVU12
  60 0018 0122     		movs	r2, #1
  61 001a 4261     		str	r2, [r0, #20]
  47:Core/Src/spi.c ****   hspi2.Init.NSS = SPI_NSS_SOFT;
  62              		.loc 1 47 3 is_stmt 1 view .LVU13
  63              		.loc 1 47 18 is_stmt 0 view .LVU14
  64 001c 4FF40072 		mov	r2, #512
  65 0020 8261     		str	r2, [r0, #24]
  48:Core/Src/spi.c ****   hspi2.Init.BaudRatePrescaler = SPI_BAUDRATEPRESCALER_64;
  66              		.loc 1 48 3 is_stmt 1 view .LVU15
  67              		.loc 1 48 32 is_stmt 0 view .LVU16
ARM GAS  C:\Users\user\AppData\Local\Temp\ccuS3EBj.s 			page 3


  68 0022 2822     		movs	r2, #40
  69 0024 C261     		str	r2, [r0, #28]
  49:Core/Src/spi.c ****   hspi2.Init.FirstBit = SPI_FIRSTBIT_MSB;
  70              		.loc 1 49 3 is_stmt 1 view .LVU17
  71              		.loc 1 49 23 is_stmt 0 view .LVU18
  72 0026 0362     		str	r3, [r0, #32]
  50:Core/Src/spi.c ****   hspi2.Init.TIMode = SPI_TIMODE_DISABLE;
  73              		.loc 1 50 3 is_stmt 1 view .LVU19
  74              		.loc 1 50 21 is_stmt 0 view .LVU20
  75 0028 4362     		str	r3, [r0, #36]
  51:Core/Src/spi.c ****   hspi2.Init.CRCCalculation = SPI_CRCCALCULATION_DISABLE;
  76              		.loc 1 51 3 is_stmt 1 view .LVU21
  77              		.loc 1 51 29 is_stmt 0 view .LVU22
  78 002a 8362     		str	r3, [r0, #40]
  52:Core/Src/spi.c ****   hspi2.Init.CRCPolynomial = 10;
  79              		.loc 1 52 3 is_stmt 1 view .LVU23
  80              		.loc 1 52 28 is_stmt 0 view .LVU24
  81 002c 0A23     		movs	r3, #10
  82 002e C362     		str	r3, [r0, #44]
  53:Core/Src/spi.c ****   if (HAL_SPI_Init(&hspi2) != HAL_OK)
  83              		.loc 1 53 3 is_stmt 1 view .LVU25
  84              		.loc 1 53 7 is_stmt 0 view .LVU26
  85 0030 FFF7FEFF 		bl	HAL_SPI_Init
  86              	.LVL0:
  87              		.loc 1 53 6 discriminator 1 view .LVU27
  88 0034 00B9     		cbnz	r0, .L4
  89              	.L1:
  54:Core/Src/spi.c ****   {
  55:Core/Src/spi.c ****     Error_Handler();
  56:Core/Src/spi.c ****   }
  57:Core/Src/spi.c ****   /* USER CODE BEGIN SPI2_Init 2 */
  58:Core/Src/spi.c **** 
  59:Core/Src/spi.c ****   /* USER CODE END SPI2_Init 2 */
  60:Core/Src/spi.c **** 
  61:Core/Src/spi.c **** }
  90              		.loc 1 61 1 view .LVU28
  91 0036 08BD     		pop	{r3, pc}
  92              	.L4:
  55:Core/Src/spi.c ****   }
  93              		.loc 1 55 5 is_stmt 1 view .LVU29
  94 0038 FFF7FEFF 		bl	Error_Handler
  95              	.LVL1:
  96              		.loc 1 61 1 is_stmt 0 view .LVU30
  97 003c FBE7     		b	.L1
  98              	.L6:
  99 003e 00BF     		.align	2
 100              	.L5:
 101 0040 00000000 		.word	hspi2
 102 0044 00380040 		.word	1073756160
 103              		.cfi_endproc
 104              	.LFE134:
 106              		.section	.text.HAL_SPI_MspInit,"ax",%progbits
 107              		.align	1
 108              		.global	HAL_SPI_MspInit
 109              		.syntax unified
 110              		.thumb
 111              		.thumb_func
ARM GAS  C:\Users\user\AppData\Local\Temp\ccuS3EBj.s 			page 4


 113              	HAL_SPI_MspInit:
 114              	.LVL2:
 115              	.LFB135:
  62:Core/Src/spi.c **** 
  63:Core/Src/spi.c **** void HAL_SPI_MspInit(SPI_HandleTypeDef* spiHandle)
  64:Core/Src/spi.c **** {
 116              		.loc 1 64 1 is_stmt 1 view -0
 117              		.cfi_startproc
 118              		@ args = 0, pretend = 0, frame = 32
 119              		@ frame_needed = 0, uses_anonymous_args = 0
 120              		.loc 1 64 1 is_stmt 0 view .LVU32
 121 0000 30B5     		push	{r4, r5, lr}
 122              	.LCFI1:
 123              		.cfi_def_cfa_offset 12
 124              		.cfi_offset 4, -12
 125              		.cfi_offset 5, -8
 126              		.cfi_offset 14, -4
 127 0002 89B0     		sub	sp, sp, #36
 128              	.LCFI2:
 129              		.cfi_def_cfa_offset 48
  65:Core/Src/spi.c **** 
  66:Core/Src/spi.c ****   GPIO_InitTypeDef GPIO_InitStruct = {0};
 130              		.loc 1 66 3 is_stmt 1 view .LVU33
 131              		.loc 1 66 20 is_stmt 0 view .LVU34
 132 0004 0023     		movs	r3, #0
 133 0006 0393     		str	r3, [sp, #12]
 134 0008 0493     		str	r3, [sp, #16]
 135 000a 0593     		str	r3, [sp, #20]
 136 000c 0693     		str	r3, [sp, #24]
 137 000e 0793     		str	r3, [sp, #28]
  67:Core/Src/spi.c ****   if(spiHandle->Instance==SPI2)
 138              		.loc 1 67 3 is_stmt 1 view .LVU35
 139              		.loc 1 67 15 is_stmt 0 view .LVU36
 140 0010 0268     		ldr	r2, [r0]
 141              		.loc 1 67 5 view .LVU37
 142 0012 214B     		ldr	r3, .L13
 143 0014 9A42     		cmp	r2, r3
 144 0016 01D0     		beq	.L11
 145              	.LVL3:
 146              	.L7:
  68:Core/Src/spi.c ****   {
  69:Core/Src/spi.c ****   /* USER CODE BEGIN SPI2_MspInit 0 */
  70:Core/Src/spi.c **** 
  71:Core/Src/spi.c ****   /* USER CODE END SPI2_MspInit 0 */
  72:Core/Src/spi.c ****     /* SPI2 clock enable */
  73:Core/Src/spi.c ****     __HAL_RCC_SPI2_CLK_ENABLE();
  74:Core/Src/spi.c **** 
  75:Core/Src/spi.c ****     __HAL_RCC_GPIOB_CLK_ENABLE();
  76:Core/Src/spi.c ****     /**SPI2 GPIO Configuration
  77:Core/Src/spi.c ****     PB13     ------> SPI2_SCK
  78:Core/Src/spi.c ****     PB14     ------> SPI2_MISO
  79:Core/Src/spi.c ****     PB15     ------> SPI2_MOSI
  80:Core/Src/spi.c ****     */
  81:Core/Src/spi.c ****     GPIO_InitStruct.Pin = GPIO_PIN_13|GPIO_PIN_14|GPIO_PIN_15;
  82:Core/Src/spi.c ****     GPIO_InitStruct.Mode = GPIO_MODE_AF_PP;
  83:Core/Src/spi.c ****     GPIO_InitStruct.Pull = GPIO_NOPULL;
  84:Core/Src/spi.c ****     GPIO_InitStruct.Speed = GPIO_SPEED_FREQ_VERY_HIGH;
ARM GAS  C:\Users\user\AppData\Local\Temp\ccuS3EBj.s 			page 5


  85:Core/Src/spi.c ****     GPIO_InitStruct.Alternate = GPIO_AF5_SPI2;
  86:Core/Src/spi.c ****     HAL_GPIO_Init(GPIOB, &GPIO_InitStruct);
  87:Core/Src/spi.c **** 
  88:Core/Src/spi.c ****     /* SPI2 DMA Init */
  89:Core/Src/spi.c ****     /* SPI2_TX Init */
  90:Core/Src/spi.c ****     hdma_spi2_tx.Instance = DMA1_Stream4;
  91:Core/Src/spi.c ****     hdma_spi2_tx.Init.Channel = DMA_CHANNEL_0;
  92:Core/Src/spi.c ****     hdma_spi2_tx.Init.Direction = DMA_MEMORY_TO_PERIPH;
  93:Core/Src/spi.c ****     hdma_spi2_tx.Init.PeriphInc = DMA_PINC_DISABLE;
  94:Core/Src/spi.c ****     hdma_spi2_tx.Init.MemInc = DMA_MINC_ENABLE;
  95:Core/Src/spi.c ****     hdma_spi2_tx.Init.PeriphDataAlignment = DMA_PDATAALIGN_BYTE;
  96:Core/Src/spi.c ****     hdma_spi2_tx.Init.MemDataAlignment = DMA_MDATAALIGN_BYTE;
  97:Core/Src/spi.c ****     hdma_spi2_tx.Init.Mode = DMA_NORMAL;
  98:Core/Src/spi.c ****     hdma_spi2_tx.Init.Priority = DMA_PRIORITY_LOW;
  99:Core/Src/spi.c ****     hdma_spi2_tx.Init.FIFOMode = DMA_FIFOMODE_DISABLE;
 100:Core/Src/spi.c ****     if (HAL_DMA_Init(&hdma_spi2_tx) != HAL_OK)
 101:Core/Src/spi.c ****     {
 102:Core/Src/spi.c ****       Error_Handler();
 103:Core/Src/spi.c ****     }
 104:Core/Src/spi.c **** 
 105:Core/Src/spi.c ****     __HAL_LINKDMA(spiHandle,hdmatx,hdma_spi2_tx);
 106:Core/Src/spi.c **** 
 107:Core/Src/spi.c ****   /* USER CODE BEGIN SPI2_MspInit 1 */
 108:Core/Src/spi.c **** 
 109:Core/Src/spi.c ****   /* USER CODE END SPI2_MspInit 1 */
 110:Core/Src/spi.c ****   }
 111:Core/Src/spi.c **** }
 147              		.loc 1 111 1 view .LVU38
 148 0018 09B0     		add	sp, sp, #36
 149              	.LCFI3:
 150              		.cfi_remember_state
 151              		.cfi_def_cfa_offset 12
 152              		@ sp needed
 153 001a 30BD     		pop	{r4, r5, pc}
 154              	.LVL4:
 155              	.L11:
 156              	.LCFI4:
 157              		.cfi_restore_state
 158              		.loc 1 111 1 view .LVU39
 159 001c 0446     		mov	r4, r0
  73:Core/Src/spi.c **** 
 160              		.loc 1 73 5 is_stmt 1 view .LVU40
 161              	.LBB2:
  73:Core/Src/spi.c **** 
 162              		.loc 1 73 5 view .LVU41
 163 001e 0025     		movs	r5, #0
 164 0020 0195     		str	r5, [sp, #4]
  73:Core/Src/spi.c **** 
 165              		.loc 1 73 5 view .LVU42
 166 0022 03F50033 		add	r3, r3, #131072
 167 0026 1A6C     		ldr	r2, [r3, #64]
 168 0028 42F48042 		orr	r2, r2, #16384
 169 002c 1A64     		str	r2, [r3, #64]
  73:Core/Src/spi.c **** 
 170              		.loc 1 73 5 view .LVU43
 171 002e 1A6C     		ldr	r2, [r3, #64]
 172 0030 02F48042 		and	r2, r2, #16384
ARM GAS  C:\Users\user\AppData\Local\Temp\ccuS3EBj.s 			page 6


 173 0034 0192     		str	r2, [sp, #4]
  73:Core/Src/spi.c **** 
 174              		.loc 1 73 5 view .LVU44
 175 0036 019A     		ldr	r2, [sp, #4]
 176              	.LBE2:
  73:Core/Src/spi.c **** 
 177              		.loc 1 73 5 view .LVU45
  75:Core/Src/spi.c ****     /**SPI2 GPIO Configuration
 178              		.loc 1 75 5 view .LVU46
 179              	.LBB3:
  75:Core/Src/spi.c ****     /**SPI2 GPIO Configuration
 180              		.loc 1 75 5 view .LVU47
 181 0038 0295     		str	r5, [sp, #8]
  75:Core/Src/spi.c ****     /**SPI2 GPIO Configuration
 182              		.loc 1 75 5 view .LVU48
 183 003a 1A6B     		ldr	r2, [r3, #48]
 184 003c 42F00202 		orr	r2, r2, #2
 185 0040 1A63     		str	r2, [r3, #48]
  75:Core/Src/spi.c ****     /**SPI2 GPIO Configuration
 186              		.loc 1 75 5 view .LVU49
 187 0042 1B6B     		ldr	r3, [r3, #48]
 188 0044 03F00203 		and	r3, r3, #2
 189 0048 0293     		str	r3, [sp, #8]
  75:Core/Src/spi.c ****     /**SPI2 GPIO Configuration
 190              		.loc 1 75 5 view .LVU50
 191 004a 029B     		ldr	r3, [sp, #8]
 192              	.LBE3:
  75:Core/Src/spi.c ****     /**SPI2 GPIO Configuration
 193              		.loc 1 75 5 view .LVU51
  81:Core/Src/spi.c ****     GPIO_InitStruct.Mode = GPIO_MODE_AF_PP;
 194              		.loc 1 81 5 view .LVU52
  81:Core/Src/spi.c ****     GPIO_InitStruct.Mode = GPIO_MODE_AF_PP;
 195              		.loc 1 81 25 is_stmt 0 view .LVU53
 196 004c 4FF46043 		mov	r3, #57344
 197 0050 0393     		str	r3, [sp, #12]
  82:Core/Src/spi.c ****     GPIO_InitStruct.Pull = GPIO_NOPULL;
 198              		.loc 1 82 5 is_stmt 1 view .LVU54
  82:Core/Src/spi.c ****     GPIO_InitStruct.Pull = GPIO_NOPULL;
 199              		.loc 1 82 26 is_stmt 0 view .LVU55
 200 0052 0223     		movs	r3, #2
 201 0054 0493     		str	r3, [sp, #16]
  83:Core/Src/spi.c ****     GPIO_InitStruct.Speed = GPIO_SPEED_FREQ_VERY_HIGH;
 202              		.loc 1 83 5 is_stmt 1 view .LVU56
  84:Core/Src/spi.c ****     GPIO_InitStruct.Alternate = GPIO_AF5_SPI2;
 203              		.loc 1 84 5 view .LVU57
  84:Core/Src/spi.c ****     GPIO_InitStruct.Alternate = GPIO_AF5_SPI2;
 204              		.loc 1 84 27 is_stmt 0 view .LVU58
 205 0056 0323     		movs	r3, #3
 206 0058 0693     		str	r3, [sp, #24]
  85:Core/Src/spi.c ****     HAL_GPIO_Init(GPIOB, &GPIO_InitStruct);
 207              		.loc 1 85 5 is_stmt 1 view .LVU59
  85:Core/Src/spi.c ****     HAL_GPIO_Init(GPIOB, &GPIO_InitStruct);
 208              		.loc 1 85 31 is_stmt 0 view .LVU60
 209 005a 0523     		movs	r3, #5
 210 005c 0793     		str	r3, [sp, #28]
  86:Core/Src/spi.c **** 
 211              		.loc 1 86 5 is_stmt 1 view .LVU61
ARM GAS  C:\Users\user\AppData\Local\Temp\ccuS3EBj.s 			page 7


 212 005e 03A9     		add	r1, sp, #12
 213 0060 0E48     		ldr	r0, .L13+4
 214              	.LVL5:
  86:Core/Src/spi.c **** 
 215              		.loc 1 86 5 is_stmt 0 view .LVU62
 216 0062 FFF7FEFF 		bl	HAL_GPIO_Init
 217              	.LVL6:
  90:Core/Src/spi.c ****     hdma_spi2_tx.Init.Channel = DMA_CHANNEL_0;
 218              		.loc 1 90 5 is_stmt 1 view .LVU63
  90:Core/Src/spi.c ****     hdma_spi2_tx.Init.Channel = DMA_CHANNEL_0;
 219              		.loc 1 90 27 is_stmt 0 view .LVU64
 220 0066 0E48     		ldr	r0, .L13+8
 221 0068 0E4B     		ldr	r3, .L13+12
 222 006a 0360     		str	r3, [r0]
  91:Core/Src/spi.c ****     hdma_spi2_tx.Init.Direction = DMA_MEMORY_TO_PERIPH;
 223              		.loc 1 91 5 is_stmt 1 view .LVU65
  91:Core/Src/spi.c ****     hdma_spi2_tx.Init.Direction = DMA_MEMORY_TO_PERIPH;
 224              		.loc 1 91 31 is_stmt 0 view .LVU66
 225 006c 4560     		str	r5, [r0, #4]
  92:Core/Src/spi.c ****     hdma_spi2_tx.Init.PeriphInc = DMA_PINC_DISABLE;
 226              		.loc 1 92 5 is_stmt 1 view .LVU67
  92:Core/Src/spi.c ****     hdma_spi2_tx.Init.PeriphInc = DMA_PINC_DISABLE;
 227              		.loc 1 92 33 is_stmt 0 view .LVU68
 228 006e 4023     		movs	r3, #64
 229 0070 8360     		str	r3, [r0, #8]
  93:Core/Src/spi.c ****     hdma_spi2_tx.Init.MemInc = DMA_MINC_ENABLE;
 230              		.loc 1 93 5 is_stmt 1 view .LVU69
  93:Core/Src/spi.c ****     hdma_spi2_tx.Init.MemInc = DMA_MINC_ENABLE;
 231              		.loc 1 93 33 is_stmt 0 view .LVU70
 232 0072 C560     		str	r5, [r0, #12]
  94:Core/Src/spi.c ****     hdma_spi2_tx.Init.PeriphDataAlignment = DMA_PDATAALIGN_BYTE;
 233              		.loc 1 94 5 is_stmt 1 view .LVU71
  94:Core/Src/spi.c ****     hdma_spi2_tx.Init.PeriphDataAlignment = DMA_PDATAALIGN_BYTE;
 234              		.loc 1 94 30 is_stmt 0 view .LVU72
 235 0074 4FF48063 		mov	r3, #1024
 236 0078 0361     		str	r3, [r0, #16]
  95:Core/Src/spi.c ****     hdma_spi2_tx.Init.MemDataAlignment = DMA_MDATAALIGN_BYTE;
 237              		.loc 1 95 5 is_stmt 1 view .LVU73
  95:Core/Src/spi.c ****     hdma_spi2_tx.Init.MemDataAlignment = DMA_MDATAALIGN_BYTE;
 238              		.loc 1 95 43 is_stmt 0 view .LVU74
 239 007a 4561     		str	r5, [r0, #20]
  96:Core/Src/spi.c ****     hdma_spi2_tx.Init.Mode = DMA_NORMAL;
 240              		.loc 1 96 5 is_stmt 1 view .LVU75
  96:Core/Src/spi.c ****     hdma_spi2_tx.Init.Mode = DMA_NORMAL;
 241              		.loc 1 96 40 is_stmt 0 view .LVU76
 242 007c 8561     		str	r5, [r0, #24]
  97:Core/Src/spi.c ****     hdma_spi2_tx.Init.Priority = DMA_PRIORITY_LOW;
 243              		.loc 1 97 5 is_stmt 1 view .LVU77
  97:Core/Src/spi.c ****     hdma_spi2_tx.Init.Priority = DMA_PRIORITY_LOW;
 244              		.loc 1 97 28 is_stmt 0 view .LVU78
 245 007e C561     		str	r5, [r0, #28]
  98:Core/Src/spi.c ****     hdma_spi2_tx.Init.FIFOMode = DMA_FIFOMODE_DISABLE;
 246              		.loc 1 98 5 is_stmt 1 view .LVU79
  98:Core/Src/spi.c ****     hdma_spi2_tx.Init.FIFOMode = DMA_FIFOMODE_DISABLE;
 247              		.loc 1 98 32 is_stmt 0 view .LVU80
 248 0080 0562     		str	r5, [r0, #32]
  99:Core/Src/spi.c ****     if (HAL_DMA_Init(&hdma_spi2_tx) != HAL_OK)
ARM GAS  C:\Users\user\AppData\Local\Temp\ccuS3EBj.s 			page 8


 249              		.loc 1 99 5 is_stmt 1 view .LVU81
  99:Core/Src/spi.c ****     if (HAL_DMA_Init(&hdma_spi2_tx) != HAL_OK)
 250              		.loc 1 99 32 is_stmt 0 view .LVU82
 251 0082 4562     		str	r5, [r0, #36]
 100:Core/Src/spi.c ****     {
 252              		.loc 1 100 5 is_stmt 1 view .LVU83
 100:Core/Src/spi.c ****     {
 253              		.loc 1 100 9 is_stmt 0 view .LVU84
 254 0084 FFF7FEFF 		bl	HAL_DMA_Init
 255              	.LVL7:
 100:Core/Src/spi.c ****     {
 256              		.loc 1 100 8 discriminator 1 view .LVU85
 257 0088 18B9     		cbnz	r0, .L12
 258              	.L9:
 105:Core/Src/spi.c **** 
 259              		.loc 1 105 5 is_stmt 1 view .LVU86
 105:Core/Src/spi.c **** 
 260              		.loc 1 105 5 view .LVU87
 261 008a 054B     		ldr	r3, .L13+8
 262 008c A364     		str	r3, [r4, #72]
 105:Core/Src/spi.c **** 
 263              		.loc 1 105 5 view .LVU88
 264 008e 9C63     		str	r4, [r3, #56]
 105:Core/Src/spi.c **** 
 265              		.loc 1 105 5 discriminator 1 view .LVU89
 266              		.loc 1 111 1 is_stmt 0 view .LVU90
 267 0090 C2E7     		b	.L7
 268              	.L12:
 102:Core/Src/spi.c ****     }
 269              		.loc 1 102 7 is_stmt 1 view .LVU91
 270 0092 FFF7FEFF 		bl	Error_Handler
 271              	.LVL8:
 272 0096 F8E7     		b	.L9
 273              	.L14:
 274              		.align	2
 275              	.L13:
 276 0098 00380040 		.word	1073756160
 277 009c 00040240 		.word	1073873920
 278 00a0 00000000 		.word	hdma_spi2_tx
 279 00a4 70600240 		.word	1073897584
 280              		.cfi_endproc
 281              	.LFE135:
 283              		.section	.text.HAL_SPI_MspDeInit,"ax",%progbits
 284              		.align	1
 285              		.global	HAL_SPI_MspDeInit
 286              		.syntax unified
 287              		.thumb
 288              		.thumb_func
 290              	HAL_SPI_MspDeInit:
 291              	.LVL9:
 292              	.LFB136:
 112:Core/Src/spi.c **** 
 113:Core/Src/spi.c **** void HAL_SPI_MspDeInit(SPI_HandleTypeDef* spiHandle)
 114:Core/Src/spi.c **** {
 293              		.loc 1 114 1 view -0
 294              		.cfi_startproc
 295              		@ args = 0, pretend = 0, frame = 0
ARM GAS  C:\Users\user\AppData\Local\Temp\ccuS3EBj.s 			page 9


 296              		@ frame_needed = 0, uses_anonymous_args = 0
 115:Core/Src/spi.c **** 
 116:Core/Src/spi.c ****   if(spiHandle->Instance==SPI2)
 297              		.loc 1 116 3 view .LVU93
 298              		.loc 1 116 15 is_stmt 0 view .LVU94
 299 0000 0268     		ldr	r2, [r0]
 300              		.loc 1 116 5 view .LVU95
 301 0002 0A4B     		ldr	r3, .L22
 302 0004 9A42     		cmp	r2, r3
 303 0006 00D0     		beq	.L21
 304 0008 7047     		bx	lr
 305              	.L21:
 114:Core/Src/spi.c **** 
 306              		.loc 1 114 1 view .LVU96
 307 000a 10B5     		push	{r4, lr}
 308              	.LCFI5:
 309              		.cfi_def_cfa_offset 8
 310              		.cfi_offset 4, -8
 311              		.cfi_offset 14, -4
 312 000c 0446     		mov	r4, r0
 117:Core/Src/spi.c ****   {
 118:Core/Src/spi.c ****   /* USER CODE BEGIN SPI2_MspDeInit 0 */
 119:Core/Src/spi.c **** 
 120:Core/Src/spi.c ****   /* USER CODE END SPI2_MspDeInit 0 */
 121:Core/Src/spi.c ****     /* Peripheral clock disable */
 122:Core/Src/spi.c ****     __HAL_RCC_SPI2_CLK_DISABLE();
 313              		.loc 1 122 5 is_stmt 1 view .LVU97
 314 000e 084A     		ldr	r2, .L22+4
 315 0010 136C     		ldr	r3, [r2, #64]
 316 0012 23F48043 		bic	r3, r3, #16384
 317 0016 1364     		str	r3, [r2, #64]
 123:Core/Src/spi.c **** 
 124:Core/Src/spi.c ****     /**SPI2 GPIO Configuration
 125:Core/Src/spi.c ****     PB13     ------> SPI2_SCK
 126:Core/Src/spi.c ****     PB14     ------> SPI2_MISO
 127:Core/Src/spi.c ****     PB15     ------> SPI2_MOSI
 128:Core/Src/spi.c ****     */
 129:Core/Src/spi.c ****     HAL_GPIO_DeInit(GPIOB, GPIO_PIN_13|GPIO_PIN_14|GPIO_PIN_15);
 318              		.loc 1 129 5 view .LVU98
 319 0018 4FF46041 		mov	r1, #57344
 320 001c 0548     		ldr	r0, .L22+8
 321              	.LVL10:
 322              		.loc 1 129 5 is_stmt 0 view .LVU99
 323 001e FFF7FEFF 		bl	HAL_GPIO_DeInit
 324              	.LVL11:
 130:Core/Src/spi.c **** 
 131:Core/Src/spi.c ****     /* SPI2 DMA DeInit */
 132:Core/Src/spi.c ****     HAL_DMA_DeInit(spiHandle->hdmatx);
 325              		.loc 1 132 5 is_stmt 1 view .LVU100
 326 0022 A06C     		ldr	r0, [r4, #72]
 327 0024 FFF7FEFF 		bl	HAL_DMA_DeInit
 328              	.LVL12:
 133:Core/Src/spi.c ****   /* USER CODE BEGIN SPI2_MspDeInit 1 */
 134:Core/Src/spi.c **** 
 135:Core/Src/spi.c ****   /* USER CODE END SPI2_MspDeInit 1 */
 136:Core/Src/spi.c ****   }
 137:Core/Src/spi.c **** }
ARM GAS  C:\Users\user\AppData\Local\Temp\ccuS3EBj.s 			page 10


 329              		.loc 1 137 1 is_stmt 0 view .LVU101
 330 0028 10BD     		pop	{r4, pc}
 331              	.LVL13:
 332              	.L23:
 333              		.loc 1 137 1 view .LVU102
 334 002a 00BF     		.align	2
 335              	.L22:
 336 002c 00380040 		.word	1073756160
 337 0030 00380240 		.word	1073887232
 338 0034 00040240 		.word	1073873920
 339              		.cfi_endproc
 340              	.LFE136:
 342              		.global	hdma_spi2_tx
 343              		.section	.bss.hdma_spi2_tx,"aw",%nobits
 344              		.align	2
 347              	hdma_spi2_tx:
 348 0000 00000000 		.space	96
 348      00000000 
 348      00000000 
 348      00000000 
 348      00000000 
 349              		.global	hspi2
 350              		.section	.bss.hspi2,"aw",%nobits
 351              		.align	2
 354              	hspi2:
 355 0000 00000000 		.space	88
 355      00000000 
 355      00000000 
 355      00000000 
 355      00000000 
 356              		.text
 357              	.Letext0:
 358              		.file 2 "C:/msys64/mingw64/arm-none-eabi/include/machine/_default_types.h"
 359              		.file 3 "C:/msys64/mingw64/arm-none-eabi/include/sys/_stdint.h"
 360              		.file 4 "Drivers/CMSIS/Device/ST/STM32F4xx/Include/stm32f407xx.h"
 361              		.file 5 "Drivers/STM32F4xx_HAL_Driver/Inc/stm32f4xx_hal_def.h"
 362              		.file 6 "Drivers/STM32F4xx_HAL_Driver/Inc/stm32f4xx_hal_gpio.h"
 363              		.file 7 "Drivers/STM32F4xx_HAL_Driver/Inc/stm32f4xx_hal_dma.h"
 364              		.file 8 "Drivers/STM32F4xx_HAL_Driver/Inc/stm32f4xx_hal_spi.h"
 365              		.file 9 "Core/Inc/spi.h"
 366              		.file 10 "Core/Inc/main.h"
ARM GAS  C:\Users\user\AppData\Local\Temp\ccuS3EBj.s 			page 11


DEFINED SYMBOLS
                            *ABS*:00000000 spi.c
C:\Users\user\AppData\Local\Temp\ccuS3EBj.s:21     .text.MX_SPI2_Init:00000000 $t
C:\Users\user\AppData\Local\Temp\ccuS3EBj.s:27     .text.MX_SPI2_Init:00000000 MX_SPI2_Init
C:\Users\user\AppData\Local\Temp\ccuS3EBj.s:101    .text.MX_SPI2_Init:00000040 $d
C:\Users\user\AppData\Local\Temp\ccuS3EBj.s:354    .bss.hspi2:00000000 hspi2
C:\Users\user\AppData\Local\Temp\ccuS3EBj.s:107    .text.HAL_SPI_MspInit:00000000 $t
C:\Users\user\AppData\Local\Temp\ccuS3EBj.s:113    .text.HAL_SPI_MspInit:00000000 HAL_SPI_MspInit
C:\Users\user\AppData\Local\Temp\ccuS3EBj.s:276    .text.HAL_SPI_MspInit:00000098 $d
C:\Users\user\AppData\Local\Temp\ccuS3EBj.s:347    .bss.hdma_spi2_tx:00000000 hdma_spi2_tx
C:\Users\user\AppData\Local\Temp\ccuS3EBj.s:284    .text.HAL_SPI_MspDeInit:00000000 $t
C:\Users\user\AppData\Local\Temp\ccuS3EBj.s:290    .text.HAL_SPI_MspDeInit:00000000 HAL_SPI_MspDeInit
C:\Users\user\AppData\Local\Temp\ccuS3EBj.s:336    .text.HAL_SPI_MspDeInit:0000002c $d
C:\Users\user\AppData\Local\Temp\ccuS3EBj.s:344    .bss.hdma_spi2_tx:00000000 $d
C:\Users\user\AppData\Local\Temp\ccuS3EBj.s:351    .bss.hspi2:00000000 $d

UNDEFINED SYMBOLS
HAL_SPI_Init
Error_Handler
HAL_GPIO_Init
HAL_DMA_Init
HAL_GPIO_DeInit
HAL_DMA_DeInit
