ARM GAS  C:\Users\user\AppData\Local\Temp\ccGU0xCz.s 			page 1


   1              		.cpu cortex-m4
   2              		.arch armv7e-m
   3              		.fpu fpv4-sp-d16
   4              		.eabi_attribute 27, 1
   5              		.eabi_attribute 28, 1
   6              		.eabi_attribute 20, 1
   7              		.eabi_attribute 21, 1
   8              		.eabi_attribute 23, 3
   9              		.eabi_attribute 24, 1
  10              		.eabi_attribute 25, 1
  11              		.eabi_attribute 26, 1
  12              		.eabi_attribute 30, 1
  13              		.eabi_attribute 34, 1
  14              		.eabi_attribute 18, 4
  15              		.file	"tim.c"
  16              		.text
  17              	.Ltext0:
  18              		.cfi_sections	.debug_frame
  19              		.file 1 "Core/Src/tim.c"
  20              		.section	.text.HAL_TIM_Base_MspInit,"ax",%progbits
  21              		.align	1
  22              		.global	HAL_TIM_Base_MspInit
  23              		.syntax unified
  24              		.thumb
  25              		.thumb_func
  27              	HAL_TIM_Base_MspInit:
  28              	.LVL0:
  29              	.LFB135:
   1:Core/Src/tim.c **** /* USER CODE BEGIN Header */
   2:Core/Src/tim.c **** /**
   3:Core/Src/tim.c ****   ******************************************************************************
   4:Core/Src/tim.c ****   * @file    tim.c
   5:Core/Src/tim.c ****   * @brief   This file provides code for the configuration
   6:Core/Src/tim.c ****   *          of the TIM instances.
   7:Core/Src/tim.c ****   ******************************************************************************
   8:Core/Src/tim.c ****   * @attention
   9:Core/Src/tim.c ****   *
  10:Core/Src/tim.c ****   * Copyright (c) 2026 STMicroelectronics.
  11:Core/Src/tim.c ****   * All rights reserved.
  12:Core/Src/tim.c ****   *
  13:Core/Src/tim.c ****   * This software is licensed under terms that can be found in the LICENSE file
  14:Core/Src/tim.c ****   * in the root directory of this software component.
  15:Core/Src/tim.c ****   * If no LICENSE file comes with this software, it is provided AS-IS.
  16:Core/Src/tim.c ****   *
  17:Core/Src/tim.c ****   ******************************************************************************
  18:Core/Src/tim.c ****   */
  19:Core/Src/tim.c **** /* USER CODE END Header */
  20:Core/Src/tim.c **** /* Includes ------------------------------------------------------------------*/
  21:Core/Src/tim.c **** #include "tim.h"
  22:Core/Src/tim.c **** 
  23:Core/Src/tim.c **** /* USER CODE BEGIN 0 */
  24:Core/Src/tim.c **** 
  25:Core/Src/tim.c **** /* USER CODE END 0 */
  26:Core/Src/tim.c **** 
  27:Core/Src/tim.c **** TIM_HandleTypeDef htim1;
  28:Core/Src/tim.c **** 
  29:Core/Src/tim.c **** /* TIM1 init function */
ARM GAS  C:\Users\user\AppData\Local\Temp\ccGU0xCz.s 			page 2


  30:Core/Src/tim.c **** void MX_TIM1_Init(void)
  31:Core/Src/tim.c **** {
  32:Core/Src/tim.c **** 
  33:Core/Src/tim.c ****   /* USER CODE BEGIN TIM1_Init 0 */
  34:Core/Src/tim.c **** 
  35:Core/Src/tim.c ****   /* USER CODE END TIM1_Init 0 */
  36:Core/Src/tim.c **** 
  37:Core/Src/tim.c ****   TIM_ClockConfigTypeDef sClockSourceConfig = {0};
  38:Core/Src/tim.c ****   TIM_MasterConfigTypeDef sMasterConfig = {0};
  39:Core/Src/tim.c ****   TIM_OC_InitTypeDef sConfigOC = {0};
  40:Core/Src/tim.c ****   TIM_BreakDeadTimeConfigTypeDef sBreakDeadTimeConfig = {0};
  41:Core/Src/tim.c **** 
  42:Core/Src/tim.c ****   /* USER CODE BEGIN TIM1_Init 1 */
  43:Core/Src/tim.c **** 
  44:Core/Src/tim.c ****   /* USER CODE END TIM1_Init 1 */
  45:Core/Src/tim.c ****   htim1.Instance = TIM1;
  46:Core/Src/tim.c ****   htim1.Init.Prescaler = 83;
  47:Core/Src/tim.c ****   htim1.Init.CounterMode = TIM_COUNTERMODE_UP;
  48:Core/Src/tim.c ****   htim1.Init.Period = 52;
  49:Core/Src/tim.c ****   htim1.Init.ClockDivision = TIM_CLOCKDIVISION_DIV1;
  50:Core/Src/tim.c ****   htim1.Init.RepetitionCounter = 0;
  51:Core/Src/tim.c ****   htim1.Init.AutoReloadPreload = TIM_AUTORELOAD_PRELOAD_DISABLE;
  52:Core/Src/tim.c ****   if (HAL_TIM_Base_Init(&htim1) != HAL_OK)
  53:Core/Src/tim.c ****   {
  54:Core/Src/tim.c ****     Error_Handler();
  55:Core/Src/tim.c ****   }
  56:Core/Src/tim.c ****   sClockSourceConfig.ClockSource = TIM_CLOCKSOURCE_INTERNAL;
  57:Core/Src/tim.c ****   if (HAL_TIM_ConfigClockSource(&htim1, &sClockSourceConfig) != HAL_OK)
  58:Core/Src/tim.c ****   {
  59:Core/Src/tim.c ****     Error_Handler();
  60:Core/Src/tim.c ****   }
  61:Core/Src/tim.c ****   if (HAL_TIM_PWM_Init(&htim1) != HAL_OK)
  62:Core/Src/tim.c ****   {
  63:Core/Src/tim.c ****     Error_Handler();
  64:Core/Src/tim.c ****   }
  65:Core/Src/tim.c ****   sMasterConfig.MasterOutputTrigger = TIM_TRGO_RESET;
  66:Core/Src/tim.c ****   sMasterConfig.MasterSlaveMode = TIM_MASTERSLAVEMODE_DISABLE;
  67:Core/Src/tim.c ****   if (HAL_TIMEx_MasterConfigSynchronization(&htim1, &sMasterConfig) != HAL_OK)
  68:Core/Src/tim.c ****   {
  69:Core/Src/tim.c ****     Error_Handler();
  70:Core/Src/tim.c ****   }
  71:Core/Src/tim.c ****   sConfigOC.OCMode = TIM_OCMODE_PWM1;
  72:Core/Src/tim.c ****   sConfigOC.Pulse = 26;
  73:Core/Src/tim.c ****   sConfigOC.OCPolarity = TIM_OCPOLARITY_HIGH;
  74:Core/Src/tim.c ****   sConfigOC.OCNPolarity = TIM_OCNPOLARITY_HIGH;
  75:Core/Src/tim.c ****   sConfigOC.OCFastMode = TIM_OCFAST_DISABLE;
  76:Core/Src/tim.c ****   sConfigOC.OCIdleState = TIM_OCIDLESTATE_RESET;
  77:Core/Src/tim.c ****   sConfigOC.OCNIdleState = TIM_OCNIDLESTATE_RESET;
  78:Core/Src/tim.c ****   if (HAL_TIM_PWM_ConfigChannel(&htim1, &sConfigOC, TIM_CHANNEL_1) != HAL_OK)
  79:Core/Src/tim.c ****   {
  80:Core/Src/tim.c ****     Error_Handler();
  81:Core/Src/tim.c ****   }
  82:Core/Src/tim.c ****   sBreakDeadTimeConfig.OffStateRunMode = TIM_OSSR_DISABLE;
  83:Core/Src/tim.c ****   sBreakDeadTimeConfig.OffStateIDLEMode = TIM_OSSI_DISABLE;
  84:Core/Src/tim.c ****   sBreakDeadTimeConfig.LockLevel = TIM_LOCKLEVEL_OFF;
  85:Core/Src/tim.c ****   sBreakDeadTimeConfig.DeadTime = 0;
  86:Core/Src/tim.c ****   sBreakDeadTimeConfig.BreakState = TIM_BREAK_DISABLE;
ARM GAS  C:\Users\user\AppData\Local\Temp\ccGU0xCz.s 			page 3


  87:Core/Src/tim.c ****   sBreakDeadTimeConfig.BreakPolarity = TIM_BREAKPOLARITY_HIGH;
  88:Core/Src/tim.c ****   sBreakDeadTimeConfig.AutomaticOutput = TIM_AUTOMATICOUTPUT_DISABLE;
  89:Core/Src/tim.c ****   if (HAL_TIMEx_ConfigBreakDeadTime(&htim1, &sBreakDeadTimeConfig) != HAL_OK)
  90:Core/Src/tim.c ****   {
  91:Core/Src/tim.c ****     Error_Handler();
  92:Core/Src/tim.c ****   }
  93:Core/Src/tim.c ****   /* USER CODE BEGIN TIM1_Init 2 */
  94:Core/Src/tim.c **** 
  95:Core/Src/tim.c ****   /* USER CODE END TIM1_Init 2 */
  96:Core/Src/tim.c ****   HAL_TIM_MspPostInit(&htim1);
  97:Core/Src/tim.c **** 
  98:Core/Src/tim.c **** }
  99:Core/Src/tim.c **** 
 100:Core/Src/tim.c **** void HAL_TIM_Base_MspInit(TIM_HandleTypeDef* tim_baseHandle)
 101:Core/Src/tim.c **** {
  30              		.loc 1 101 1 view -0
  31              		.cfi_startproc
  32              		@ args = 0, pretend = 0, frame = 8
  33              		@ frame_needed = 0, uses_anonymous_args = 0
  34              		@ link register save eliminated.
 102:Core/Src/tim.c **** 
 103:Core/Src/tim.c ****   if(tim_baseHandle->Instance==TIM1)
  35              		.loc 1 103 3 view .LVU1
  36              		.loc 1 103 20 is_stmt 0 view .LVU2
  37 0000 0268     		ldr	r2, [r0]
  38              		.loc 1 103 5 view .LVU3
  39 0002 094B     		ldr	r3, .L8
  40 0004 9A42     		cmp	r2, r3
  41 0006 00D0     		beq	.L7
  42 0008 7047     		bx	lr
  43              	.L7:
 101:Core/Src/tim.c **** 
  44              		.loc 1 101 1 view .LVU4
  45 000a 82B0     		sub	sp, sp, #8
  46              	.LCFI0:
  47              		.cfi_def_cfa_offset 8
 104:Core/Src/tim.c ****   {
 105:Core/Src/tim.c ****   /* USER CODE BEGIN TIM1_MspInit 0 */
 106:Core/Src/tim.c **** 
 107:Core/Src/tim.c ****   /* USER CODE END TIM1_MspInit 0 */
 108:Core/Src/tim.c ****     /* TIM1 clock enable */
 109:Core/Src/tim.c ****     __HAL_RCC_TIM1_CLK_ENABLE();
  48              		.loc 1 109 5 is_stmt 1 view .LVU5
  49              	.LBB2:
  50              		.loc 1 109 5 view .LVU6
  51 000c 0023     		movs	r3, #0
  52 000e 0193     		str	r3, [sp, #4]
  53              		.loc 1 109 5 view .LVU7
  54 0010 064B     		ldr	r3, .L8+4
  55 0012 5A6C     		ldr	r2, [r3, #68]
  56 0014 42F00102 		orr	r2, r2, #1
  57 0018 5A64     		str	r2, [r3, #68]
  58              		.loc 1 109 5 view .LVU8
  59 001a 5B6C     		ldr	r3, [r3, #68]
  60 001c 03F00103 		and	r3, r3, #1
  61 0020 0193     		str	r3, [sp, #4]
  62              		.loc 1 109 5 view .LVU9
ARM GAS  C:\Users\user\AppData\Local\Temp\ccGU0xCz.s 			page 4


  63 0022 019B     		ldr	r3, [sp, #4]
  64              	.LBE2:
  65              		.loc 1 109 5 discriminator 1 view .LVU10
 110:Core/Src/tim.c ****   /* USER CODE BEGIN TIM1_MspInit 1 */
 111:Core/Src/tim.c **** 
 112:Core/Src/tim.c ****   /* USER CODE END TIM1_MspInit 1 */
 113:Core/Src/tim.c ****   }
 114:Core/Src/tim.c **** }
  66              		.loc 1 114 1 is_stmt 0 view .LVU11
  67 0024 02B0     		add	sp, sp, #8
  68              	.LCFI1:
  69              		.cfi_def_cfa_offset 0
  70              		@ sp needed
  71 0026 7047     		bx	lr
  72              	.L9:
  73              		.align	2
  74              	.L8:
  75 0028 00000140 		.word	1073807360
  76 002c 00380240 		.word	1073887232
  77              		.cfi_endproc
  78              	.LFE135:
  80              		.section	.text.HAL_TIM_MspPostInit,"ax",%progbits
  81              		.align	1
  82              		.global	HAL_TIM_MspPostInit
  83              		.syntax unified
  84              		.thumb
  85              		.thumb_func
  87              	HAL_TIM_MspPostInit:
  88              	.LVL1:
  89              	.LFB136:
 115:Core/Src/tim.c **** void HAL_TIM_MspPostInit(TIM_HandleTypeDef* timHandle)
 116:Core/Src/tim.c **** {
  90              		.loc 1 116 1 is_stmt 1 view -0
  91              		.cfi_startproc
  92              		@ args = 0, pretend = 0, frame = 24
  93              		@ frame_needed = 0, uses_anonymous_args = 0
  94              		.loc 1 116 1 is_stmt 0 view .LVU13
  95 0000 00B5     		push	{lr}
  96              	.LCFI2:
  97              		.cfi_def_cfa_offset 4
  98              		.cfi_offset 14, -4
  99 0002 87B0     		sub	sp, sp, #28
 100              	.LCFI3:
 101              		.cfi_def_cfa_offset 32
 117:Core/Src/tim.c **** 
 118:Core/Src/tim.c ****   GPIO_InitTypeDef GPIO_InitStruct = {0};
 102              		.loc 1 118 3 is_stmt 1 view .LVU14
 103              		.loc 1 118 20 is_stmt 0 view .LVU15
 104 0004 0023     		movs	r3, #0
 105 0006 0193     		str	r3, [sp, #4]
 106 0008 0293     		str	r3, [sp, #8]
 107 000a 0393     		str	r3, [sp, #12]
 108 000c 0493     		str	r3, [sp, #16]
 109 000e 0593     		str	r3, [sp, #20]
 119:Core/Src/tim.c ****   if(timHandle->Instance==TIM1)
 110              		.loc 1 119 3 is_stmt 1 view .LVU16
 111              		.loc 1 119 15 is_stmt 0 view .LVU17
ARM GAS  C:\Users\user\AppData\Local\Temp\ccGU0xCz.s 			page 5


 112 0010 0268     		ldr	r2, [r0]
 113              		.loc 1 119 5 view .LVU18
 114 0012 0F4B     		ldr	r3, .L14
 115 0014 9A42     		cmp	r2, r3
 116 0016 02D0     		beq	.L13
 117              	.LVL2:
 118              	.L10:
 120:Core/Src/tim.c ****   {
 121:Core/Src/tim.c ****   /* USER CODE BEGIN TIM1_MspPostInit 0 */
 122:Core/Src/tim.c **** 
 123:Core/Src/tim.c ****   /* USER CODE END TIM1_MspPostInit 0 */
 124:Core/Src/tim.c **** 
 125:Core/Src/tim.c ****     __HAL_RCC_GPIOA_CLK_ENABLE();
 126:Core/Src/tim.c ****     /**TIM1 GPIO Configuration
 127:Core/Src/tim.c ****     PA8     ------> TIM1_CH1
 128:Core/Src/tim.c ****     */
 129:Core/Src/tim.c ****     GPIO_InitStruct.Pin = GPIO_PIN_8;
 130:Core/Src/tim.c ****     GPIO_InitStruct.Mode = GPIO_MODE_AF_PP;
 131:Core/Src/tim.c ****     GPIO_InitStruct.Pull = GPIO_NOPULL;
 132:Core/Src/tim.c ****     GPIO_InitStruct.Speed = GPIO_SPEED_FREQ_LOW;
 133:Core/Src/tim.c ****     GPIO_InitStruct.Alternate = GPIO_AF1_TIM1;
 134:Core/Src/tim.c ****     HAL_GPIO_Init(GPIOA, &GPIO_InitStruct);
 135:Core/Src/tim.c **** 
 136:Core/Src/tim.c ****   /* USER CODE BEGIN TIM1_MspPostInit 1 */
 137:Core/Src/tim.c **** 
 138:Core/Src/tim.c ****   /* USER CODE END TIM1_MspPostInit 1 */
 139:Core/Src/tim.c ****   }
 140:Core/Src/tim.c **** 
 141:Core/Src/tim.c **** }
 119              		.loc 1 141 1 view .LVU19
 120 0018 07B0     		add	sp, sp, #28
 121              	.LCFI4:
 122              		.cfi_remember_state
 123              		.cfi_def_cfa_offset 4
 124              		@ sp needed
 125 001a 5DF804FB 		ldr	pc, [sp], #4
 126              	.LVL3:
 127              	.L13:
 128              	.LCFI5:
 129              		.cfi_restore_state
 125:Core/Src/tim.c ****     /**TIM1 GPIO Configuration
 130              		.loc 1 125 5 is_stmt 1 view .LVU20
 131              	.LBB3:
 125:Core/Src/tim.c ****     /**TIM1 GPIO Configuration
 132              		.loc 1 125 5 view .LVU21
 133 001e 0023     		movs	r3, #0
 134 0020 0093     		str	r3, [sp]
 125:Core/Src/tim.c ****     /**TIM1 GPIO Configuration
 135              		.loc 1 125 5 view .LVU22
 136 0022 0C4B     		ldr	r3, .L14+4
 137 0024 1A6B     		ldr	r2, [r3, #48]
 138 0026 42F00102 		orr	r2, r2, #1
 139 002a 1A63     		str	r2, [r3, #48]
 125:Core/Src/tim.c ****     /**TIM1 GPIO Configuration
 140              		.loc 1 125 5 view .LVU23
 141 002c 1B6B     		ldr	r3, [r3, #48]
 142 002e 03F00103 		and	r3, r3, #1
ARM GAS  C:\Users\user\AppData\Local\Temp\ccGU0xCz.s 			page 6


 143 0032 0093     		str	r3, [sp]
 125:Core/Src/tim.c ****     /**TIM1 GPIO Configuration
 144              		.loc 1 125 5 view .LVU24
 145 0034 009B     		ldr	r3, [sp]
 146              	.LBE3:
 125:Core/Src/tim.c ****     /**TIM1 GPIO Configuration
 147              		.loc 1 125 5 view .LVU25
 129:Core/Src/tim.c ****     GPIO_InitStruct.Mode = GPIO_MODE_AF_PP;
 148              		.loc 1 129 5 view .LVU26
 129:Core/Src/tim.c ****     GPIO_InitStruct.Mode = GPIO_MODE_AF_PP;
 149              		.loc 1 129 25 is_stmt 0 view .LVU27
 150 0036 4FF48073 		mov	r3, #256
 151 003a 0193     		str	r3, [sp, #4]
 130:Core/Src/tim.c ****     GPIO_InitStruct.Pull = GPIO_NOPULL;
 152              		.loc 1 130 5 is_stmt 1 view .LVU28
 130:Core/Src/tim.c ****     GPIO_InitStruct.Pull = GPIO_NOPULL;
 153              		.loc 1 130 26 is_stmt 0 view .LVU29
 154 003c 0223     		movs	r3, #2
 155 003e 0293     		str	r3, [sp, #8]
 131:Core/Src/tim.c ****     GPIO_InitStruct.Speed = GPIO_SPEED_FREQ_LOW;
 156              		.loc 1 131 5 is_stmt 1 view .LVU30
 132:Core/Src/tim.c ****     GPIO_InitStruct.Alternate = GPIO_AF1_TIM1;
 157              		.loc 1 132 5 view .LVU31
 133:Core/Src/tim.c ****     HAL_GPIO_Init(GPIOA, &GPIO_InitStruct);
 158              		.loc 1 133 5 view .LVU32
 133:Core/Src/tim.c ****     HAL_GPIO_Init(GPIOA, &GPIO_InitStruct);
 159              		.loc 1 133 31 is_stmt 0 view .LVU33
 160 0040 0123     		movs	r3, #1
 161 0042 0593     		str	r3, [sp, #20]
 134:Core/Src/tim.c **** 
 162              		.loc 1 134 5 is_stmt 1 view .LVU34
 163 0044 01A9     		add	r1, sp, #4
 164 0046 0448     		ldr	r0, .L14+8
 165              	.LVL4:
 134:Core/Src/tim.c **** 
 166              		.loc 1 134 5 is_stmt 0 view .LVU35
 167 0048 FFF7FEFF 		bl	HAL_GPIO_Init
 168              	.LVL5:
 169              		.loc 1 141 1 view .LVU36
 170 004c E4E7     		b	.L10
 171              	.L15:
 172 004e 00BF     		.align	2
 173              	.L14:
 174 0050 00000140 		.word	1073807360
 175 0054 00380240 		.word	1073887232
 176 0058 00000240 		.word	1073872896
 177              		.cfi_endproc
 178              	.LFE136:
 180              		.section	.text.MX_TIM1_Init,"ax",%progbits
 181              		.align	1
 182              		.global	MX_TIM1_Init
 183              		.syntax unified
 184              		.thumb
 185              		.thumb_func
 187              	MX_TIM1_Init:
 188              	.LFB134:
  31:Core/Src/tim.c **** 
ARM GAS  C:\Users\user\AppData\Local\Temp\ccGU0xCz.s 			page 7


 189              		.loc 1 31 1 is_stmt 1 view -0
 190              		.cfi_startproc
 191              		@ args = 0, pretend = 0, frame = 88
 192              		@ frame_needed = 0, uses_anonymous_args = 0
 193 0000 10B5     		push	{r4, lr}
 194              	.LCFI6:
 195              		.cfi_def_cfa_offset 8
 196              		.cfi_offset 4, -8
 197              		.cfi_offset 14, -4
 198 0002 96B0     		sub	sp, sp, #88
 199              	.LCFI7:
 200              		.cfi_def_cfa_offset 96
  37:Core/Src/tim.c ****   TIM_MasterConfigTypeDef sMasterConfig = {0};
 201              		.loc 1 37 3 view .LVU38
  37:Core/Src/tim.c ****   TIM_MasterConfigTypeDef sMasterConfig = {0};
 202              		.loc 1 37 26 is_stmt 0 view .LVU39
 203 0004 0024     		movs	r4, #0
 204 0006 1294     		str	r4, [sp, #72]
 205 0008 1394     		str	r4, [sp, #76]
 206 000a 1494     		str	r4, [sp, #80]
 207 000c 1594     		str	r4, [sp, #84]
  38:Core/Src/tim.c ****   TIM_OC_InitTypeDef sConfigOC = {0};
 208              		.loc 1 38 3 is_stmt 1 view .LVU40
  38:Core/Src/tim.c ****   TIM_OC_InitTypeDef sConfigOC = {0};
 209              		.loc 1 38 27 is_stmt 0 view .LVU41
 210 000e 1094     		str	r4, [sp, #64]
 211 0010 1194     		str	r4, [sp, #68]
  39:Core/Src/tim.c ****   TIM_BreakDeadTimeConfigTypeDef sBreakDeadTimeConfig = {0};
 212              		.loc 1 39 3 is_stmt 1 view .LVU42
  39:Core/Src/tim.c ****   TIM_BreakDeadTimeConfigTypeDef sBreakDeadTimeConfig = {0};
 213              		.loc 1 39 22 is_stmt 0 view .LVU43
 214 0012 0994     		str	r4, [sp, #36]
 215 0014 0A94     		str	r4, [sp, #40]
 216 0016 0B94     		str	r4, [sp, #44]
 217 0018 0C94     		str	r4, [sp, #48]
 218 001a 0D94     		str	r4, [sp, #52]
 219 001c 0E94     		str	r4, [sp, #56]
 220 001e 0F94     		str	r4, [sp, #60]
  40:Core/Src/tim.c **** 
 221              		.loc 1 40 3 is_stmt 1 view .LVU44
  40:Core/Src/tim.c **** 
 222              		.loc 1 40 34 is_stmt 0 view .LVU45
 223 0020 2022     		movs	r2, #32
 224 0022 2146     		mov	r1, r4
 225 0024 01A8     		add	r0, sp, #4
 226 0026 FFF7FEFF 		bl	memset
 227              	.LVL6:
  45:Core/Src/tim.c ****   htim1.Init.Prescaler = 83;
 228              		.loc 1 45 3 is_stmt 1 view .LVU46
  45:Core/Src/tim.c ****   htim1.Init.Prescaler = 83;
 229              		.loc 1 45 18 is_stmt 0 view .LVU47
 230 002a 2D48     		ldr	r0, .L30
 231 002c 2D4B     		ldr	r3, .L30+4
 232 002e 0360     		str	r3, [r0]
  46:Core/Src/tim.c ****   htim1.Init.CounterMode = TIM_COUNTERMODE_UP;
 233              		.loc 1 46 3 is_stmt 1 view .LVU48
  46:Core/Src/tim.c ****   htim1.Init.CounterMode = TIM_COUNTERMODE_UP;
ARM GAS  C:\Users\user\AppData\Local\Temp\ccGU0xCz.s 			page 8


 234              		.loc 1 46 24 is_stmt 0 view .LVU49
 235 0030 5323     		movs	r3, #83
 236 0032 4360     		str	r3, [r0, #4]
  47:Core/Src/tim.c ****   htim1.Init.Period = 52;
 237              		.loc 1 47 3 is_stmt 1 view .LVU50
  47:Core/Src/tim.c ****   htim1.Init.Period = 52;
 238              		.loc 1 47 26 is_stmt 0 view .LVU51
 239 0034 8460     		str	r4, [r0, #8]
  48:Core/Src/tim.c ****   htim1.Init.ClockDivision = TIM_CLOCKDIVISION_DIV1;
 240              		.loc 1 48 3 is_stmt 1 view .LVU52
  48:Core/Src/tim.c ****   htim1.Init.ClockDivision = TIM_CLOCKDIVISION_DIV1;
 241              		.loc 1 48 21 is_stmt 0 view .LVU53
 242 0036 3423     		movs	r3, #52
 243 0038 C360     		str	r3, [r0, #12]
  49:Core/Src/tim.c ****   htim1.Init.RepetitionCounter = 0;
 244              		.loc 1 49 3 is_stmt 1 view .LVU54
  49:Core/Src/tim.c ****   htim1.Init.RepetitionCounter = 0;
 245              		.loc 1 49 28 is_stmt 0 view .LVU55
 246 003a 0461     		str	r4, [r0, #16]
  50:Core/Src/tim.c ****   htim1.Init.AutoReloadPreload = TIM_AUTORELOAD_PRELOAD_DISABLE;
 247              		.loc 1 50 3 is_stmt 1 view .LVU56
  50:Core/Src/tim.c ****   htim1.Init.AutoReloadPreload = TIM_AUTORELOAD_PRELOAD_DISABLE;
 248              		.loc 1 50 32 is_stmt 0 view .LVU57
 249 003c 4461     		str	r4, [r0, #20]
  51:Core/Src/tim.c ****   if (HAL_TIM_Base_Init(&htim1) != HAL_OK)
 250              		.loc 1 51 3 is_stmt 1 view .LVU58
  51:Core/Src/tim.c ****   if (HAL_TIM_Base_Init(&htim1) != HAL_OK)
 251              		.loc 1 51 32 is_stmt 0 view .LVU59
 252 003e 8461     		str	r4, [r0, #24]
  52:Core/Src/tim.c ****   {
 253              		.loc 1 52 3 is_stmt 1 view .LVU60
  52:Core/Src/tim.c ****   {
 254              		.loc 1 52 7 is_stmt 0 view .LVU61
 255 0040 FFF7FEFF 		bl	HAL_TIM_Base_Init
 256              	.LVL7:
  52:Core/Src/tim.c ****   {
 257              		.loc 1 52 6 discriminator 1 view .LVU62
 258 0044 0028     		cmp	r0, #0
 259 0046 38D1     		bne	.L24
 260              	.L17:
  56:Core/Src/tim.c ****   if (HAL_TIM_ConfigClockSource(&htim1, &sClockSourceConfig) != HAL_OK)
 261              		.loc 1 56 3 is_stmt 1 view .LVU63
  56:Core/Src/tim.c ****   if (HAL_TIM_ConfigClockSource(&htim1, &sClockSourceConfig) != HAL_OK)
 262              		.loc 1 56 34 is_stmt 0 view .LVU64
 263 0048 4FF48053 		mov	r3, #4096
 264 004c 1293     		str	r3, [sp, #72]
  57:Core/Src/tim.c ****   {
 265              		.loc 1 57 3 is_stmt 1 view .LVU65
  57:Core/Src/tim.c ****   {
 266              		.loc 1 57 7 is_stmt 0 view .LVU66
 267 004e 12A9     		add	r1, sp, #72
 268 0050 2348     		ldr	r0, .L30
 269 0052 FFF7FEFF 		bl	HAL_TIM_ConfigClockSource
 270              	.LVL8:
  57:Core/Src/tim.c ****   {
 271              		.loc 1 57 6 discriminator 1 view .LVU67
 272 0056 0028     		cmp	r0, #0
ARM GAS  C:\Users\user\AppData\Local\Temp\ccGU0xCz.s 			page 9


 273 0058 32D1     		bne	.L25
 274              	.L18:
  61:Core/Src/tim.c ****   {
 275              		.loc 1 61 3 is_stmt 1 view .LVU68
  61:Core/Src/tim.c ****   {
 276              		.loc 1 61 7 is_stmt 0 view .LVU69
 277 005a 2148     		ldr	r0, .L30
 278 005c FFF7FEFF 		bl	HAL_TIM_PWM_Init
 279              	.LVL9:
  61:Core/Src/tim.c ****   {
 280              		.loc 1 61 6 discriminator 1 view .LVU70
 281 0060 0028     		cmp	r0, #0
 282 0062 30D1     		bne	.L26
 283              	.L19:
  65:Core/Src/tim.c ****   sMasterConfig.MasterSlaveMode = TIM_MASTERSLAVEMODE_DISABLE;
 284              		.loc 1 65 3 is_stmt 1 view .LVU71
  65:Core/Src/tim.c ****   sMasterConfig.MasterSlaveMode = TIM_MASTERSLAVEMODE_DISABLE;
 285              		.loc 1 65 37 is_stmt 0 view .LVU72
 286 0064 0023     		movs	r3, #0
 287 0066 1093     		str	r3, [sp, #64]
  66:Core/Src/tim.c ****   if (HAL_TIMEx_MasterConfigSynchronization(&htim1, &sMasterConfig) != HAL_OK)
 288              		.loc 1 66 3 is_stmt 1 view .LVU73
  66:Core/Src/tim.c ****   if (HAL_TIMEx_MasterConfigSynchronization(&htim1, &sMasterConfig) != HAL_OK)
 289              		.loc 1 66 33 is_stmt 0 view .LVU74
 290 0068 1193     		str	r3, [sp, #68]
  67:Core/Src/tim.c ****   {
 291              		.loc 1 67 3 is_stmt 1 view .LVU75
  67:Core/Src/tim.c ****   {
 292              		.loc 1 67 7 is_stmt 0 view .LVU76
 293 006a 10A9     		add	r1, sp, #64
 294 006c 1C48     		ldr	r0, .L30
 295 006e FFF7FEFF 		bl	HAL_TIMEx_MasterConfigSynchronization
 296              	.LVL10:
  67:Core/Src/tim.c ****   {
 297              		.loc 1 67 6 discriminator 1 view .LVU77
 298 0072 58BB     		cbnz	r0, .L27
 299              	.L20:
  71:Core/Src/tim.c ****   sConfigOC.Pulse = 26;
 300              		.loc 1 71 3 is_stmt 1 view .LVU78
  71:Core/Src/tim.c ****   sConfigOC.Pulse = 26;
 301              		.loc 1 71 20 is_stmt 0 view .LVU79
 302 0074 6023     		movs	r3, #96
 303 0076 0993     		str	r3, [sp, #36]
  72:Core/Src/tim.c ****   sConfigOC.OCPolarity = TIM_OCPOLARITY_HIGH;
 304              		.loc 1 72 3 is_stmt 1 view .LVU80
  72:Core/Src/tim.c ****   sConfigOC.OCPolarity = TIM_OCPOLARITY_HIGH;
 305              		.loc 1 72 19 is_stmt 0 view .LVU81
 306 0078 1A23     		movs	r3, #26
 307 007a 0A93     		str	r3, [sp, #40]
  73:Core/Src/tim.c ****   sConfigOC.OCNPolarity = TIM_OCNPOLARITY_HIGH;
 308              		.loc 1 73 3 is_stmt 1 view .LVU82
  73:Core/Src/tim.c ****   sConfigOC.OCNPolarity = TIM_OCNPOLARITY_HIGH;
 309              		.loc 1 73 24 is_stmt 0 view .LVU83
 310 007c 0022     		movs	r2, #0
 311 007e 0B92     		str	r2, [sp, #44]
  74:Core/Src/tim.c ****   sConfigOC.OCFastMode = TIM_OCFAST_DISABLE;
 312              		.loc 1 74 3 is_stmt 1 view .LVU84
ARM GAS  C:\Users\user\AppData\Local\Temp\ccGU0xCz.s 			page 10


  74:Core/Src/tim.c ****   sConfigOC.OCFastMode = TIM_OCFAST_DISABLE;
 313              		.loc 1 74 25 is_stmt 0 view .LVU85
 314 0080 0C92     		str	r2, [sp, #48]
  75:Core/Src/tim.c ****   sConfigOC.OCIdleState = TIM_OCIDLESTATE_RESET;
 315              		.loc 1 75 3 is_stmt 1 view .LVU86
  75:Core/Src/tim.c ****   sConfigOC.OCIdleState = TIM_OCIDLESTATE_RESET;
 316              		.loc 1 75 24 is_stmt 0 view .LVU87
 317 0082 0D92     		str	r2, [sp, #52]
  76:Core/Src/tim.c ****   sConfigOC.OCNIdleState = TIM_OCNIDLESTATE_RESET;
 318              		.loc 1 76 3 is_stmt 1 view .LVU88
  76:Core/Src/tim.c ****   sConfigOC.OCNIdleState = TIM_OCNIDLESTATE_RESET;
 319              		.loc 1 76 25 is_stmt 0 view .LVU89
 320 0084 0E92     		str	r2, [sp, #56]
  77:Core/Src/tim.c ****   if (HAL_TIM_PWM_ConfigChannel(&htim1, &sConfigOC, TIM_CHANNEL_1) != HAL_OK)
 321              		.loc 1 77 3 is_stmt 1 view .LVU90
  77:Core/Src/tim.c ****   if (HAL_TIM_PWM_ConfigChannel(&htim1, &sConfigOC, TIM_CHANNEL_1) != HAL_OK)
 322              		.loc 1 77 26 is_stmt 0 view .LVU91
 323 0086 0F92     		str	r2, [sp, #60]
  78:Core/Src/tim.c ****   {
 324              		.loc 1 78 3 is_stmt 1 view .LVU92
  78:Core/Src/tim.c ****   {
 325              		.loc 1 78 7 is_stmt 0 view .LVU93
 326 0088 09A9     		add	r1, sp, #36
 327 008a 1548     		ldr	r0, .L30
 328 008c FFF7FEFF 		bl	HAL_TIM_PWM_ConfigChannel
 329              	.LVL11:
  78:Core/Src/tim.c ****   {
 330              		.loc 1 78 6 discriminator 1 view .LVU94
 331 0090 F8B9     		cbnz	r0, .L28
 332              	.L21:
  82:Core/Src/tim.c ****   sBreakDeadTimeConfig.OffStateIDLEMode = TIM_OSSI_DISABLE;
 333              		.loc 1 82 3 is_stmt 1 view .LVU95
  82:Core/Src/tim.c ****   sBreakDeadTimeConfig.OffStateIDLEMode = TIM_OSSI_DISABLE;
 334              		.loc 1 82 40 is_stmt 0 view .LVU96
 335 0092 0023     		movs	r3, #0
 336 0094 0193     		str	r3, [sp, #4]
  83:Core/Src/tim.c ****   sBreakDeadTimeConfig.LockLevel = TIM_LOCKLEVEL_OFF;
 337              		.loc 1 83 3 is_stmt 1 view .LVU97
  83:Core/Src/tim.c ****   sBreakDeadTimeConfig.LockLevel = TIM_LOCKLEVEL_OFF;
 338              		.loc 1 83 41 is_stmt 0 view .LVU98
 339 0096 0293     		str	r3, [sp, #8]
  84:Core/Src/tim.c ****   sBreakDeadTimeConfig.DeadTime = 0;
 340              		.loc 1 84 3 is_stmt 1 view .LVU99
  84:Core/Src/tim.c ****   sBreakDeadTimeConfig.DeadTime = 0;
 341              		.loc 1 84 34 is_stmt 0 view .LVU100
 342 0098 0393     		str	r3, [sp, #12]
  85:Core/Src/tim.c ****   sBreakDeadTimeConfig.BreakState = TIM_BREAK_DISABLE;
 343              		.loc 1 85 3 is_stmt 1 view .LVU101
  85:Core/Src/tim.c ****   sBreakDeadTimeConfig.BreakState = TIM_BREAK_DISABLE;
 344              		.loc 1 85 33 is_stmt 0 view .LVU102
 345 009a 0493     		str	r3, [sp, #16]
  86:Core/Src/tim.c ****   sBreakDeadTimeConfig.BreakPolarity = TIM_BREAKPOLARITY_HIGH;
 346              		.loc 1 86 3 is_stmt 1 view .LVU103
  86:Core/Src/tim.c ****   sBreakDeadTimeConfig.BreakPolarity = TIM_BREAKPOLARITY_HIGH;
 347              		.loc 1 86 35 is_stmt 0 view .LVU104
 348 009c 0593     		str	r3, [sp, #20]
  87:Core/Src/tim.c ****   sBreakDeadTimeConfig.AutomaticOutput = TIM_AUTOMATICOUTPUT_DISABLE;
ARM GAS  C:\Users\user\AppData\Local\Temp\ccGU0xCz.s 			page 11


 349              		.loc 1 87 3 is_stmt 1 view .LVU105
  87:Core/Src/tim.c ****   sBreakDeadTimeConfig.AutomaticOutput = TIM_AUTOMATICOUTPUT_DISABLE;
 350              		.loc 1 87 38 is_stmt 0 view .LVU106
 351 009e 4FF40052 		mov	r2, #8192
 352 00a2 0692     		str	r2, [sp, #24]
  88:Core/Src/tim.c ****   if (HAL_TIMEx_ConfigBreakDeadTime(&htim1, &sBreakDeadTimeConfig) != HAL_OK)
 353              		.loc 1 88 3 is_stmt 1 view .LVU107
  88:Core/Src/tim.c ****   if (HAL_TIMEx_ConfigBreakDeadTime(&htim1, &sBreakDeadTimeConfig) != HAL_OK)
 354              		.loc 1 88 40 is_stmt 0 view .LVU108
 355 00a4 0893     		str	r3, [sp, #32]
  89:Core/Src/tim.c ****   {
 356              		.loc 1 89 3 is_stmt 1 view .LVU109
  89:Core/Src/tim.c ****   {
 357              		.loc 1 89 7 is_stmt 0 view .LVU110
 358 00a6 01A9     		add	r1, sp, #4
 359 00a8 0D48     		ldr	r0, .L30
 360 00aa FFF7FEFF 		bl	HAL_TIMEx_ConfigBreakDeadTime
 361              	.LVL12:
  89:Core/Src/tim.c ****   {
 362              		.loc 1 89 6 discriminator 1 view .LVU111
 363 00ae 98B9     		cbnz	r0, .L29
 364              	.L22:
  96:Core/Src/tim.c **** 
 365              		.loc 1 96 3 is_stmt 1 view .LVU112
 366 00b0 0B48     		ldr	r0, .L30
 367 00b2 FFF7FEFF 		bl	HAL_TIM_MspPostInit
 368              	.LVL13:
  98:Core/Src/tim.c **** 
 369              		.loc 1 98 1 is_stmt 0 view .LVU113
 370 00b6 16B0     		add	sp, sp, #88
 371              	.LCFI8:
 372              		.cfi_remember_state
 373              		.cfi_def_cfa_offset 8
 374              		@ sp needed
 375 00b8 10BD     		pop	{r4, pc}
 376              	.L24:
 377              	.LCFI9:
 378              		.cfi_restore_state
  54:Core/Src/tim.c ****   }
 379              		.loc 1 54 5 is_stmt 1 view .LVU114
 380 00ba FFF7FEFF 		bl	Error_Handler
 381              	.LVL14:
 382 00be C3E7     		b	.L17
 383              	.L25:
  59:Core/Src/tim.c ****   }
 384              		.loc 1 59 5 view .LVU115
 385 00c0 FFF7FEFF 		bl	Error_Handler
 386              	.LVL15:
 387 00c4 C9E7     		b	.L18
 388              	.L26:
  63:Core/Src/tim.c ****   }
 389              		.loc 1 63 5 view .LVU116
 390 00c6 FFF7FEFF 		bl	Error_Handler
 391              	.LVL16:
 392 00ca CBE7     		b	.L19
 393              	.L27:
  69:Core/Src/tim.c ****   }
ARM GAS  C:\Users\user\AppData\Local\Temp\ccGU0xCz.s 			page 12


 394              		.loc 1 69 5 view .LVU117
 395 00cc FFF7FEFF 		bl	Error_Handler
 396              	.LVL17:
 397 00d0 D0E7     		b	.L20
 398              	.L28:
  80:Core/Src/tim.c ****   }
 399              		.loc 1 80 5 view .LVU118
 400 00d2 FFF7FEFF 		bl	Error_Handler
 401              	.LVL18:
 402 00d6 DCE7     		b	.L21
 403              	.L29:
  91:Core/Src/tim.c ****   }
 404              		.loc 1 91 5 view .LVU119
 405 00d8 FFF7FEFF 		bl	Error_Handler
 406              	.LVL19:
 407 00dc E8E7     		b	.L22
 408              	.L31:
 409 00de 00BF     		.align	2
 410              	.L30:
 411 00e0 00000000 		.word	htim1
 412 00e4 00000140 		.word	1073807360
 413              		.cfi_endproc
 414              	.LFE134:
 416              		.section	.text.HAL_TIM_Base_MspDeInit,"ax",%progbits
 417              		.align	1
 418              		.global	HAL_TIM_Base_MspDeInit
 419              		.syntax unified
 420              		.thumb
 421              		.thumb_func
 423              	HAL_TIM_Base_MspDeInit:
 424              	.LVL20:
 425              	.LFB137:
 142:Core/Src/tim.c **** 
 143:Core/Src/tim.c **** void HAL_TIM_Base_MspDeInit(TIM_HandleTypeDef* tim_baseHandle)
 144:Core/Src/tim.c **** {
 426              		.loc 1 144 1 view -0
 427              		.cfi_startproc
 428              		@ args = 0, pretend = 0, frame = 0
 429              		@ frame_needed = 0, uses_anonymous_args = 0
 430              		@ link register save eliminated.
 145:Core/Src/tim.c **** 
 146:Core/Src/tim.c ****   if(tim_baseHandle->Instance==TIM1)
 431              		.loc 1 146 3 view .LVU121
 432              		.loc 1 146 20 is_stmt 0 view .LVU122
 433 0000 0268     		ldr	r2, [r0]
 434              		.loc 1 146 5 view .LVU123
 435 0002 054B     		ldr	r3, .L35
 436 0004 9A42     		cmp	r2, r3
 437 0006 00D0     		beq	.L34
 438              	.L32:
 147:Core/Src/tim.c ****   {
 148:Core/Src/tim.c ****   /* USER CODE BEGIN TIM1_MspDeInit 0 */
 149:Core/Src/tim.c **** 
 150:Core/Src/tim.c ****   /* USER CODE END TIM1_MspDeInit 0 */
 151:Core/Src/tim.c ****     /* Peripheral clock disable */
 152:Core/Src/tim.c ****     __HAL_RCC_TIM1_CLK_DISABLE();
 153:Core/Src/tim.c ****   /* USER CODE BEGIN TIM1_MspDeInit 1 */
ARM GAS  C:\Users\user\AppData\Local\Temp\ccGU0xCz.s 			page 13


 154:Core/Src/tim.c **** 
 155:Core/Src/tim.c ****   /* USER CODE END TIM1_MspDeInit 1 */
 156:Core/Src/tim.c ****   }
 157:Core/Src/tim.c **** }
 439              		.loc 1 157 1 view .LVU124
 440 0008 7047     		bx	lr
 441              	.L34:
 152:Core/Src/tim.c ****   /* USER CODE BEGIN TIM1_MspDeInit 1 */
 442              		.loc 1 152 5 is_stmt 1 view .LVU125
 443 000a 044A     		ldr	r2, .L35+4
 444 000c 536C     		ldr	r3, [r2, #68]
 445 000e 23F00103 		bic	r3, r3, #1
 446 0012 5364     		str	r3, [r2, #68]
 447              		.loc 1 157 1 is_stmt 0 view .LVU126
 448 0014 F8E7     		b	.L32
 449              	.L36:
 450 0016 00BF     		.align	2
 451              	.L35:
 452 0018 00000140 		.word	1073807360
 453 001c 00380240 		.word	1073887232
 454              		.cfi_endproc
 455              	.LFE137:
 457              		.global	htim1
 458              		.section	.bss.htim1,"aw",%nobits
 459              		.align	2
 462              	htim1:
 463 0000 00000000 		.space	72
 463      00000000 
 463      00000000 
 463      00000000 
 463      00000000 
 464              		.text
 465              	.Letext0:
 466              		.file 2 "C:/msys64/mingw64/arm-none-eabi/include/machine/_default_types.h"
 467              		.file 3 "C:/msys64/mingw64/arm-none-eabi/include/sys/_stdint.h"
 468              		.file 4 "Drivers/CMSIS/Device/ST/STM32F4xx/Include/stm32f407xx.h"
 469              		.file 5 "Drivers/STM32F4xx_HAL_Driver/Inc/stm32f4xx_hal_def.h"
 470              		.file 6 "Drivers/STM32F4xx_HAL_Driver/Inc/stm32f4xx_hal_gpio.h"
 471              		.file 7 "Drivers/STM32F4xx_HAL_Driver/Inc/stm32f4xx_hal_dma.h"
 472              		.file 8 "Drivers/STM32F4xx_HAL_Driver/Inc/stm32f4xx_hal_tim.h"
 473              		.file 9 "Drivers/STM32F4xx_HAL_Driver/Inc/stm32f4xx_hal_tim_ex.h"
 474              		.file 10 "Core/Inc/tim.h"
 475              		.file 11 "Core/Inc/main.h"
 476              		.file 12 "<built-in>"
ARM GAS  C:\Users\user\AppData\Local\Temp\ccGU0xCz.s 			page 14


DEFINED SYMBOLS
                            *ABS*:00000000 tim.c
C:\Users\user\AppData\Local\Temp\ccGU0xCz.s:21     .text.HAL_TIM_Base_MspInit:00000000 $t
C:\Users\user\AppData\Local\Temp\ccGU0xCz.s:27     .text.HAL_TIM_Base_MspInit:00000000 HAL_TIM_Base_MspInit
C:\Users\user\AppData\Local\Temp\ccGU0xCz.s:75     .text.HAL_TIM_Base_MspInit:00000028 $d
C:\Users\user\AppData\Local\Temp\ccGU0xCz.s:81     .text.HAL_TIM_MspPostInit:00000000 $t
C:\Users\user\AppData\Local\Temp\ccGU0xCz.s:87     .text.HAL_TIM_MspPostInit:00000000 HAL_TIM_MspPostInit
C:\Users\user\AppData\Local\Temp\ccGU0xCz.s:174    .text.HAL_TIM_MspPostInit:00000050 $d
C:\Users\user\AppData\Local\Temp\ccGU0xCz.s:181    .text.MX_TIM1_Init:00000000 $t
C:\Users\user\AppData\Local\Temp\ccGU0xCz.s:187    .text.MX_TIM1_Init:00000000 MX_TIM1_Init
C:\Users\user\AppData\Local\Temp\ccGU0xCz.s:411    .text.MX_TIM1_Init:000000e0 $d
C:\Users\user\AppData\Local\Temp\ccGU0xCz.s:462    .bss.htim1:00000000 htim1
C:\Users\user\AppData\Local\Temp\ccGU0xCz.s:417    .text.HAL_TIM_Base_MspDeInit:00000000 $t
C:\Users\user\AppData\Local\Temp\ccGU0xCz.s:423    .text.HAL_TIM_Base_MspDeInit:00000000 HAL_TIM_Base_MspDeInit
C:\Users\user\AppData\Local\Temp\ccGU0xCz.s:452    .text.HAL_TIM_Base_MspDeInit:00000018 $d
C:\Users\user\AppData\Local\Temp\ccGU0xCz.s:459    .bss.htim1:00000000 $d

UNDEFINED SYMBOLS
HAL_GPIO_Init
memset
HAL_TIM_Base_Init
HAL_TIM_ConfigClockSource
HAL_TIM_PWM_Init
HAL_TIMEx_MasterConfigSynchronization
HAL_TIM_PWM_ConfigChannel
HAL_TIMEx_ConfigBreakDeadTime
Error_Handler
